Archive member included to satisfy reference by file (symbol)

/Users/nilsweiss/gcc-arm-none-eabi-5_2-2015q4/bin/../lib/gcc/arm-none-eabi/5.2.1/../../../../arm-none-eabi/lib/armv6-m/libc_nano.a(lib_a-exit.o)
                              /Users/nilsweiss/gcc-arm-none-eabi-5_2-2015q4/bin/../lib/gcc/arm-none-eabi/5.2.1/../../../../arm-none-eabi/lib/armv6-m/crt0.o (exit)
/Users/nilsweiss/gcc-arm-none-eabi-5_2-2015q4/bin/../lib/gcc/arm-none-eabi/5.2.1/../../../../arm-none-eabi/lib/armv6-m/libc_nano.a(lib_a-impure.o)
                              /Users/nilsweiss/gcc-arm-none-eabi-5_2-2015q4/bin/../lib/gcc/arm-none-eabi/5.2.1/../../../../arm-none-eabi/lib/armv6-m/libc_nano.a(lib_a-exit.o) (_global_impure_ptr)
/Users/nilsweiss/gcc-arm-none-eabi-5_2-2015q4/bin/../lib/gcc/arm-none-eabi/5.2.1/../../../../arm-none-eabi/lib/armv6-m/libc_nano.a(lib_a-init.o)
                              /Users/nilsweiss/gcc-arm-none-eabi-5_2-2015q4/bin/../lib/gcc/arm-none-eabi/5.2.1/../../../../arm-none-eabi/lib/armv6-m/crt0.o (__libc_init_array)
/Users/nilsweiss/gcc-arm-none-eabi-5_2-2015q4/bin/../lib/gcc/arm-none-eabi/5.2.1/../../../../arm-none-eabi/lib/armv6-m/libc_nano.a(lib_a-memset.o)
                              /Users/nilsweiss/gcc-arm-none-eabi-5_2-2015q4/bin/../lib/gcc/arm-none-eabi/5.2.1/../../../../arm-none-eabi/lib/armv6-m/crt0.o (memset)
/Users/nilsweiss/gcc-arm-none-eabi-5_2-2015q4/bin/../lib/gcc/arm-none-eabi/5.2.1/../../../../arm-none-eabi/lib/armv6-m/libnosys.a(_exit.o)
                              /Users/nilsweiss/gcc-arm-none-eabi-5_2-2015q4/bin/../lib/gcc/arm-none-eabi/5.2.1/../../../../arm-none-eabi/lib/armv6-m/libc_nano.a(lib_a-exit.o) (_exit)
/Users/nilsweiss/gcc-arm-none-eabi-5_2-2015q4/bin/../lib/gcc/arm-none-eabi/5.2.1/armv6-m/libgcc.a(_udivsi3.o)
                              _build/SEGGER_RTT_printf.o (__aeabi_uidiv)
/Users/nilsweiss/gcc-arm-none-eabi-5_2-2015q4/bin/../lib/gcc/arm-none-eabi/5.2.1/armv6-m/libgcc.a(_divsi3.o)
                              _build/SEGGER_RTT_printf.o (__aeabi_idiv)
/Users/nilsweiss/gcc-arm-none-eabi-5_2-2015q4/bin/../lib/gcc/arm-none-eabi/5.2.1/armv6-m/libgcc.a(_dvmd_tls.o)
                              /Users/nilsweiss/gcc-arm-none-eabi-5_2-2015q4/bin/../lib/gcc/arm-none-eabi/5.2.1/armv6-m/libgcc.a(_udivsi3.o) (__aeabi_idiv0)
/Users/nilsweiss/gcc-arm-none-eabi-5_2-2015q4/bin/../lib/gcc/arm-none-eabi/5.2.1/../../../../arm-none-eabi/lib/armv6-m/libc_nano.a(lib_a-memcpy-stub.o)
                              _build/SEGGER_RTT.o (memcpy)
/Users/nilsweiss/gcc-arm-none-eabi-5_2-2015q4/bin/../lib/gcc/arm-none-eabi/5.2.1/../../../../arm-none-eabi/lib/armv6-m/libc_nano.a(lib_a-printf.o)
                              _build/main.o (printf)
/Users/nilsweiss/gcc-arm-none-eabi-5_2-2015q4/bin/../lib/gcc/arm-none-eabi/5.2.1/../../../../arm-none-eabi/lib/armv6-m/libc_nano.a(lib_a-strcpy.o)
                              _build/SEGGER_RTT.o (strcpy)
/Users/nilsweiss/gcc-arm-none-eabi-5_2-2015q4/bin/../lib/gcc/arm-none-eabi/5.2.1/../../../../arm-none-eabi/lib/armv6-m/libc_nano.a(lib_a-strlen.o)
                              _build/SEGGER_RTT.o (strlen)
/Users/nilsweiss/gcc-arm-none-eabi-5_2-2015q4/bin/../lib/gcc/arm-none-eabi/5.2.1/../../../../arm-none-eabi/lib/armv6-m/libc_nano.a(lib_a-findfp.o)
                              /Users/nilsweiss/gcc-arm-none-eabi-5_2-2015q4/bin/../lib/gcc/arm-none-eabi/5.2.1/../../../../arm-none-eabi/lib/armv6-m/libc_nano.a(lib_a-printf.o) (__sinit)
/Users/nilsweiss/gcc-arm-none-eabi-5_2-2015q4/bin/../lib/gcc/arm-none-eabi/5.2.1/../../../../arm-none-eabi/lib/armv6-m/libc_nano.a(lib_a-fwalk.o)
                              /Users/nilsweiss/gcc-arm-none-eabi-5_2-2015q4/bin/../lib/gcc/arm-none-eabi/5.2.1/../../../../arm-none-eabi/lib/armv6-m/libc_nano.a(lib_a-findfp.o) (_fwalk)
/Users/nilsweiss/gcc-arm-none-eabi-5_2-2015q4/bin/../lib/gcc/arm-none-eabi/5.2.1/../../../../arm-none-eabi/lib/armv6-m/libc_nano.a(lib_a-nano-mallocr.o)
                              /Users/nilsweiss/gcc-arm-none-eabi-5_2-2015q4/bin/../lib/gcc/arm-none-eabi/5.2.1/../../../../arm-none-eabi/lib/armv6-m/libc_nano.a(lib_a-findfp.o) (_malloc_r)
/Users/nilsweiss/gcc-arm-none-eabi-5_2-2015q4/bin/../lib/gcc/arm-none-eabi/5.2.1/../../../../arm-none-eabi/lib/armv6-m/libc_nano.a(lib_a-nano-vfprintf.o)
                              /Users/nilsweiss/gcc-arm-none-eabi-5_2-2015q4/bin/../lib/gcc/arm-none-eabi/5.2.1/../../../../arm-none-eabi/lib/armv6-m/libc_nano.a(lib_a-printf.o) (_vfprintf_r)
/Users/nilsweiss/gcc-arm-none-eabi-5_2-2015q4/bin/../lib/gcc/arm-none-eabi/5.2.1/../../../../arm-none-eabi/lib/armv6-m/libc_nano.a(lib_a-nano-vfprintf_i.o)
                              /Users/nilsweiss/gcc-arm-none-eabi-5_2-2015q4/bin/../lib/gcc/arm-none-eabi/5.2.1/../../../../arm-none-eabi/lib/armv6-m/libc_nano.a(lib_a-nano-vfprintf.o) (_printf_i)
/Users/nilsweiss/gcc-arm-none-eabi-5_2-2015q4/bin/../lib/gcc/arm-none-eabi/5.2.1/../../../../arm-none-eabi/lib/armv6-m/libc_nano.a(lib_a-sbrkr.o)
[...]
Memory Configuration

Name             Origin             Length             Attributes
FLASH            0x000000000001b000 0x0000000000025000 xr
RAM              0x0000000020001f00 0x0000000000006100 xrw
*default*        0x0000000000000000 0xffffffffffffffff

Linker script and memory map

LOAD /Users/nilsweiss/gcc-arm-none-eabi-5_2-2015q4/bin/../lib/gcc/arm-none-eabi/5.2.1/armv6-m/crti.o
LOAD /Users/nilsweiss/gcc-arm-none-eabi-5_2-2015q4/bin/../lib/gcc/arm-none-eabi/5.2.1/armv6-m/crtbegin.o
LOAD /Users/nilsweiss/gcc-arm-none-eabi-5_2-2015q4/bin/../lib/gcc/arm-none-eabi/5.2.1/../../../../arm-none-eabi/lib/armv6-m/crt0.o
LOAD /Users/nilsweiss/gcc-arm-none-eabi-5_2-2015q4/bin/../lib/gcc/arm-none-eabi/5.2.1/../../../../arm-none-eabi/lib/armv6-m/libc_nano.a
LOAD /Users/nilsweiss/gcc-arm-none-eabi-5_2-2015q4/bin/../lib/gcc/arm-none-eabi/5.2.1/../../../../arm-none-eabi/lib/armv6-m/libnosys.a
LOAD _build/RTT_Syscalls_GCC.o
LOAD _build/SEGGER_RTT.o
LOAD _build/SEGGER_RTT_printf.o
LOAD _build/app_button.o
LOAD _build/app_error.o
LOAD _build/app_fifo.o
LOAD _build/app_timer.o
LOAD _build/app_trace.o
LOAD _build/nrf_assert.o
LOAD _build/nrf_log.o
LOAD _build/retarget.o
LOAD _build/app_uart_fifo.o
LOAD _build/nrf_delay.o
LOAD _build/nrf_drv_common.o
LOAD _build/nrf_drv_gpiote.o
LOAD _build/nrf_drv_uart.o
LOAD _build/pstorage.o
LOAD _build/bsp.o
LOAD _build/bsp_btn_ble.o
LOAD _build/main.o
LOAD _build/ble_advdata.o
LOAD _build/ble_advertising.o
LOAD _build/ble_conn_params.o
LOAD _build/ble_nus.o
LOAD _build/ble_srv_common.o
LOAD _build/system_nrf51.o
LOAD _build/softdevice_handler.o
LOAD _build/gcc_startup_nrf51.o
START GROUP
LOAD /Users/nilsweiss/gcc-arm-none-eabi-5_2-2015q4/bin/../lib/gcc/arm-none-eabi/5.2.1/armv6-m/libgcc.a
LOAD /Users/nilsweiss/gcc-arm-none-eabi-5_2-2015q4/bin/../lib/gcc/arm-none-eabi/5.2.1/../../../../arm-none-eabi/lib/armv6-m/libc_nano.a
END GROUP
START GROUP
LOAD /Users/nilsweiss/gcc-arm-none-eabi-5_2-2015q4/bin/../lib/gcc/arm-none-eabi/5.2.1/armv6-m/libgcc.a
LOAD /Users/nilsweiss/gcc-arm-none-eabi-5_2-2015q4/bin/../lib/gcc/arm-none-eabi/5.2.1/../../../../arm-none-eabi/lib/armv6-m/libc_nano.a
END GROUP
LOAD /Users/nilsweiss/gcc-arm-none-eabi-5_2-2015q4/bin/../lib/gcc/arm-none-eabi/5.2.1/armv6-m/crtend.o
LOAD /Users/nilsweiss/gcc-arm-none-eabi-5_2-2015q4/bin/../lib/gcc/arm-none-eabi/5.2.1/armv6-m/crtn.o
START GROUP
LOAD /Users/nilsweiss/gcc-arm-none-eabi-5_2-2015q4/bin/../lib/gcc/arm-none-eabi/5.2.1/armv6-m/libgcc.a
LOAD /Users/nilsweiss/gcc-arm-none-eabi-5_2-2015q4/bin/../lib/gcc/arm-none-eabi/5.2.1/../../../../arm-none-eabi/lib/armv6-m/libc.a
LOAD /Users/nilsweiss/gcc-arm-none-eabi-5_2-2015q4/bin/../lib/gcc/arm-none-eabi/5.2.1/../../../../arm-none-eabi/lib/armv6-m/libnosys.a
END GROUP

.fs_data_out    0x0000000000000000        0x0
                [!provide]                        PROVIDE (__start_fs_data, .)
 *(fs_data)
                [!provide]                        PROVIDE (__stop_fs_data, .)

.text           0x000000000001b000     0x65c0
 *(.Vectors)
 .Vectors       0x000000000001b000       0xc0 _build/gcc_startup_nrf51.o
                0x000000000001b000                __Vectors
 *(.text*)
 .text          0x000000000001b0c0       0xb4 /Users/nilsweiss/gcc-arm-none-eabi-5_2-2015q4/bin/../lib/gcc/arm-none-eabi/5.2.1/armv6-m/crtbegin.o
 .text          0x000000000001b174       0x78 /Users/nilsweiss/gcc-arm-none-eabi-5_2-2015q4/bin/../lib/gcc/arm-none-eabi/5.2.1/../../../../arm-none-eabi/lib/armv6-m/crt0.o
                0x000000000001b174                _mainCRTStartup
                0x000000000001b174                _start
 .text.exit     0x000000000001b1ec       0x2c /Users/nilsweiss/gcc-arm-none-eabi-5_2-2015q4/bin/../lib/gcc/arm-none-eabi/5.2.1/../../../../arm-none-eabi/lib/armv6-m/libc_nano.a(lib_a-exit.o)
                0x000000000001b1ec                exit
 .text.__libc_init_array
                0x000000000001b218       0x4c /Users/nilsweiss/gcc-arm-none-eabi-5_2-2015q4/bin/../lib/gcc/arm-none-eabi/5.2.1/../../../../arm-none-eabi/lib/armv6-m/libc_nano.a(lib_a-init.o)
                0x000000000001b218                __libc_init_array
 .text.memset   0x000000000001b264       0x10 /Users/nilsweiss/gcc-arm-none-eabi-5_2-2015q4/bin/../lib/gcc/arm-none-eabi/5.2.1/../../../../arm-none-eabi/lib/armv6-m/libc_nano.a(lib_a-memset.o)
                0x000000000001b264                memset
 .text._exit    0x000000000001b274        0x4 /Users/nilsweiss/gcc-arm-none-eabi-5_2-2015q4/bin/../lib/gcc/arm-none-eabi/5.2.1/../../../../arm-none-eabi/lib/armv6-m/libnosys.a(_exit.o)
                0x000000000001b274                _exit
 .text._write_r
                0x000000000001b278       0x14 _build/RTT_Syscalls_GCC.o
                0x000000000001b278                _write_r
 .text.SEGGER_RTT_Write
                0x000000000001b28c      0x1f8 _build/SEGGER_RTT.o
                0x000000000001b28c                SEGGER_RTT_Write
 .text.SEGGER_RTT_ConfigUpBuffer
                0x000000000001b484       0xcc _build/SEGGER_RTT.o
                0x000000000001b484                SEGGER_RTT_ConfigUpBuffer
 .text.SEGGER_RTT_ConfigDownBuffer
                0x000000000001b550       0xc0 _build/SEGGER_RTT.o
                0x000000000001b550                SEGGER_RTT_ConfigDownBuffer
 .text._PrintUnsigned
                0x000000000001b610      0x1f4 _build/SEGGER_RTT_printf.o
 .text.SEGGER_RTT_vprintf
                0x000000000001b804      0x4e4 _build/SEGGER_RTT_printf.o
                0x000000000001b804                SEGGER_RTT_vprintf
 .text.detection_delay_timeout_handler
                0x000000000001bce8       0xa0 _build/app_button.o
 .text.gpiote_event_handler
                0x000000000001bd88       0x5c _build/app_button.o
 .text.app_button_init
                0x000000000001bde4       0xb4 _build/app_button.o
                0x000000000001bde4                app_button_init
 .text.app_button_enable
                0x000000000001be98       0x30 _build/app_button.o
                0x000000000001be98                app_button_enable
 .text.app_error_fault_handler
                0x000000000001bec8       0x70 _build/app_error.o
                0x000000000001bec8                app_error_fault_handler
 .text.app_error_handler
                0x000000000001bf38       0x20 _build/app_error.o
                0x000000000001bf38                app_error_handler
 .text.app_fifo_init
                0x000000000001bf58       0x28 _build/app_fifo.o
                0x000000000001bf58                app_fifo_init
 .text.app_fifo_put
                0x000000000001bf80       0x28 _build/app_fifo.o
                0x000000000001bf80                app_fifo_put
 .text.app_fifo_get
                0x000000000001bfa8       0x28 _build/app_fifo.o
                0x000000000001bfa8                app_fifo_get
 .text.rtc1_stop
                0x000000000001bfd0       0x78 _build/app_timer.o
 .text.RTC1_IRQHandler
                0x000000000001c048       0xe4 _build/app_timer.o
                0x000000000001c048                RTC1_IRQHandler
 .text.SWI0_IRQHandler
                0x000000000001c12c      0x4c0 _build/app_timer.o
                0x000000000001c12c                SWI0_IRQHandler
 .text.app_timer_init
                0x000000000001c5ec       0xe4 _build/app_timer.o
                0x000000000001c5ec                app_timer_init
 .text.app_timer_create
                0x000000000001c6d0       0x34 _build/app_timer.o
                0x000000000001c6d0                app_timer_create
 .text.app_timer_start
                0x000000000001c704      0x108 _build/app_timer.o
                0x000000000001c704                app_timer_start
 .text.app_timer_stop
                0x000000000001c80c       0xd0 _build/app_timer.o
                0x000000000001c80c                app_timer_stop
 .text.log_rtt_init
                0x000000000001c8dc       0x58 _build/nrf_log.o
                0x000000000001c8dc                log_rtt_init
 .text.log_rtt_printf
                0x000000000001c934       0x1c _build/nrf_log.o
                0x000000000001c934                log_rtt_printf
 .text.uart_event_handler
                0x000000000001c950       0xc8 _build/app_uart_fifo.o
 .text.app_uart_init
                0x000000000001ca18       0xa4 _build/app_uart_fifo.o
                0x000000000001ca18                app_uart_init
 .text.app_uart_get
                0x000000000001cabc       0x34 _build/app_uart_fifo.o
                0x000000000001cabc                app_uart_get
 .text.app_uart_put
                0x000000000001caf0       0x28 _build/app_uart_fifo.o
                0x000000000001caf0                app_uart_put
 .text.nrf_drv_common_irq_enable
                0x000000000001cb18       0x7c _build/nrf_drv_common.o
                0x000000000001cb18                nrf_drv_common_irq_enable
 .text.nrf_drv_gpiote_init
                0x000000000001cb94       0x68 _build/nrf_drv_gpiote.o
                0x000000000001cb94                nrf_drv_gpiote_init
 .text.nrf_drv_gpiote_is_init
                0x000000000001cbfc       0x14 _build/nrf_drv_gpiote.o
                0x000000000001cbfc                nrf_drv_gpiote_is_init
 .text.nrf_drv_gpiote_in_init
                0x000000000001cc10      0x160 _build/nrf_drv_gpiote.o
                0x000000000001cc10                nrf_drv_gpiote_in_init
 .text.nrf_drv_gpiote_in_event_enable
                0x000000000001cd70       0xa8 _build/nrf_drv_gpiote.o
                0x000000000001cd70                nrf_drv_gpiote_in_event_enable
 .text.nrf_drv_gpiote_in_is_set
                0x000000000001ce18       0x14 _build/nrf_drv_gpiote.o
                0x000000000001ce18                nrf_drv_gpiote_in_is_set
 .text.GPIOTE_IRQHandler
                0x000000000001ce2c      0x3b0 _build/nrf_drv_gpiote.o
                0x000000000001ce2c                GPIOTE_IRQHandler
 .text.nrf_drv_uart_init
                0x000000000001d1dc      0x124 _build/nrf_drv_uart.o
                0x000000000001d1dc                nrf_drv_uart_init
 .text.nrf_drv_uart_tx
                0x000000000001d300       0xb4 _build/nrf_drv_uart.o
                0x000000000001d300                nrf_drv_uart_tx
 .text.nrf_drv_uart_rx
                0x000000000001d3b4      0x11c _build/nrf_drv_uart.o
                0x000000000001d3b4                nrf_drv_uart_rx
 .text.nrf_drv_uart_rx_enable
                0x000000000001d4d0       0x2c _build/nrf_drv_uart.o
                0x000000000001d4d0                nrf_drv_uart_rx_enable
 .text.UART0_IRQHandler
                0x000000000001d4fc      0x1a8 _build/nrf_drv_uart.o
                0x000000000001d4fc                UART0_IRQHandler
 .text.pstorage_access_status_get
                0x000000000001d6a4       0x28 _build/pstorage.o
                0x000000000001d6a4                pstorage_access_status_get
 .text.alert_timer_handler
                0x000000000001d6cc       0x28 _build/bsp.o
 .text.bsp_button_event_handler
                0x000000000001d6f4       0xcc _build/bsp.o
 .text.leds_timer_handler
                0x000000000001d7c0      0x340 _build/bsp.o
 .text.button_timer_handler
                0x000000000001db00       0x48 _build/bsp.o
 .text.bsp_button_is_pressed
                0x000000000001db48       0x2c _build/bsp.o
                0x000000000001db48                bsp_button_is_pressed
 .text.bsp_indication_set
                0x000000000001db74      0x394 _build/bsp.o
                0x000000000001db74                bsp_indication_set
 .text.bsp_init
                0x000000000001df08       0xc0 _build/bsp.o
                0x000000000001df08                bsp_init
 .text.bsp_event_to_button_action_assign
                0x000000000001dfc8       0x58 _build/bsp.o
                0x000000000001dfc8                bsp_event_to_button_action_assign
 .text.bsp_wakeup_buttons_set
                0x000000000001e020       0x8c _build/bsp.o
                0x000000000001e020                bsp_wakeup_buttons_set
 .text.bsp_btn_ble_sleep_mode_prepare
                0x000000000001e0ac       0x1c _build/bsp_btn_ble.o
                0x000000000001e0ac                bsp_btn_ble_sleep_mode_prepare
 .text.bsp_btn_ble_on_ble_evt
                0x000000000001e0c8       0xbc _build/bsp_btn_ble.o
                0x000000000001e0c8                bsp_btn_ble_on_ble_evt
 .text.bsp_btn_ble_init
                0x000000000001e184       0x98 _build/bsp_btn_ble.o
                0x000000000001e184                bsp_btn_ble_init
 .text.sd_ble_gap_disconnect
                0x000000000001e21c        0x4 _build/main.o
 .text.sd_ble_gap_ppcp_set
                0x000000000001e220        0x4 _build/main.o
 .text.sd_ble_gap_device_name_set
                0x000000000001e224        0x4 _build/main.o
 .text.sd_ble_gap_sec_params_reply
                0x000000000001e228        0x4 _build/main.o
 .text.sd_ble_gatts_sys_attr_set
                0x000000000001e22c        0x4 _build/main.o
 .text.sd_power_system_off
                0x000000000001e230        0x4 _build/main.o
 .text.sd_app_evt_wait
                0x000000000001e234        0x4 _build/main.o
 .text.conn_params_error_handler
                0x000000000001e238       0x10 _build/main.o
 .text.ble_evt_dispatch
                0x000000000001e248       0xf0 _build/main.o
 .text.nus_data_handler
                0x000000000001e338       0x34 _build/main.o
 .text.on_conn_params_evt
                0x000000000001e36c       0x2c _build/main.o
 .text.bsp_event_handler
                0x000000000001e398       0x88 _build/main.o
                0x000000000001e398                bsp_event_handler
 .text.uart_event_handle
                0x000000000001e420       0x80 _build/main.o
                0x000000000001e420                uart_event_handle
 .text.on_adv_evt
                0x000000000001e4a0       0x5c _build/main.o
 .text.startup.main
                0x000000000001e4fc      0x2a8 _build/main.o
                0x000000000001e4fc                main
 .text.sd_ble_gap_address_get
                0x000000000001e7a4        0x4 _build/ble_advdata.o
 .text.sd_ble_gap_adv_data_set
                0x000000000001e7a8        0x4 _build/ble_advdata.o
 .text.sd_ble_gap_appearance_get
                0x000000000001e7ac        0x4 _build/ble_advdata.o
 .text.sd_ble_gap_device_name_get
                0x000000000001e7b0        0x4 _build/ble_advdata.o
 .text.sd_ble_uuid_encode
                0x000000000001e7b4        0x4 _build/ble_advdata.o
 .text.uuid_list_sized_encode
                0x000000000001e7b8       0xf8 _build/ble_advdata.o
 .text.adv_data_encode
                0x000000000001e8b0      0x5b8 _build/ble_advdata.o
                0x000000000001e8b0                adv_data_encode
 .text.ble_advdata_set
                0x000000000001ee68       0x68 _build/ble_advdata.o
                0x000000000001ee68                ble_advdata_set
 .text.sd_ble_gap_adv_start
                0x000000000001eed0        0x4 _build/ble_advertising.o
 .text.sd_ble_gap_adv_stop
                0x000000000001eed4        0x4 _build/ble_advertising.o
 .text.ble_advertising_start.part.1
                0x000000000001eed8      0x2fc _build/ble_advertising.o
 .text.ble_advertising_init
                0x000000000001f1d4      0x144 _build/ble_advertising.o
                0x000000000001f1d4                ble_advertising_init
 .text.ble_advertising_start
                0x000000000001f318       0x3c _build/ble_advertising.o
                0x000000000001f318                ble_advertising_start
 .text.ble_advertising_on_ble_evt
                0x000000000001f354      0x124 _build/ble_advertising.o
                0x000000000001f354                ble_advertising_on_ble_evt
 .text.ble_advertising_restart_without_whitelist
                0x000000000001f478       0x78 _build/ble_advertising.o
                0x000000000001f478                ble_advertising_restart_without_whitelist
 .text.sd_ble_gap_conn_param_update
                0x000000000001f4f0        0x4 _build/ble_conn_params.o
 .text.sd_ble_gap_disconnect
                0x000000000001f4f4        0x4 _build/ble_conn_params.o
 .text.sd_ble_gap_ppcp_set
                0x000000000001f4f8        0x4 _build/ble_conn_params.o
 .text.sd_ble_gap_ppcp_get
                0x000000000001f4fc        0x4 _build/ble_conn_params.o
 .text.update_timeout_handler
                0x000000000001f500       0x78 _build/ble_conn_params.o
 .text.conn_params_negotiation
                0x000000000001f578       0x88 _build/ble_conn_params.o
 .text.ble_conn_params_init
                0x000000000001f600       0x78 _build/ble_conn_params.o
                0x000000000001f600                ble_conn_params_init
 .text.ble_conn_params_on_ble_evt
                0x000000000001f678       0xac _build/ble_conn_params.o
                0x000000000001f678                ble_conn_params_on_ble_evt
 .text.sd_ble_gatts_service_add
                0x000000000001f724        0x4 _build/ble_nus.o
 .text.sd_ble_gatts_characteristic_add
                0x000000000001f728        0x4 _build/ble_nus.o
 .text.sd_ble_gatts_hvx
                0x000000000001f72c        0x4 _build/ble_nus.o
 .text.sd_ble_uuid_vs_add
                0x000000000001f730        0x4 _build/ble_nus.o
 .text.ble_nus_on_ble_evt
                0x000000000001f734       0x60 _build/ble_nus.o
                0x000000000001f734                ble_nus_on_ble_evt
 .text.ble_nus_init
                0x000000000001f794      0x208 _build/ble_nus.o
                0x000000000001f794                ble_nus_init
 .text.ble_nus_string_send
                0x000000000001f99c       0x5c _build/ble_nus.o
                0x000000000001f99c                ble_nus_string_send
 .text.SystemInit
                0x000000000001f9f8       0x94 _build/system_nrf51.o
                0x000000000001f9f8                SystemInit
 .text.sd_nvic_EnableIRQ
                0x000000000001fa8c        0x4 _build/softdevice_handler.o
 .text.sd_evt_get
                0x000000000001fa90        0x4 _build/softdevice_handler.o
 .text.sd_softdevice_enable
                0x000000000001fa94        0x4 _build/softdevice_handler.o
 .text.sd_ble_enable
                0x000000000001fa98        0x4 _build/softdevice_handler.o
 .text.sd_ble_evt_get
                0x000000000001fa9c        0x4 _build/softdevice_handler.o
 .text.softdevice_fault_handler
                0x000000000001faa0        0x8 _build/softdevice_handler.o
                0x000000000001faa0                softdevice_fault_handler
 .text.intern_softdevice_events_execute.part.0
                0x000000000001faa8       0xf4 _build/softdevice_handler.o
 .text.softdevice_handler_init
                0x000000000001fb9c       0x54 _build/softdevice_handler.o
                0x000000000001fb9c                softdevice_handler_init
 .text.softdevice_ble_evt_handler_set
                0x000000000001fbf0       0x14 _build/softdevice_handler.o
                0x000000000001fbf0                softdevice_ble_evt_handler_set
 .text.SWI2_IRQHandler
                0x000000000001fc04       0x38 _build/softdevice_handler.o
                0x000000000001fc04                SWI2_IRQHandler
 .text.softdevice_enable_get_default_config
                0x000000000001fc3c       0x30 _build/softdevice_handler.o
                0x000000000001fc3c                softdevice_enable_get_default_config
 .text.sd_check_ram_start
                0x000000000001fc6c       0x4c _build/softdevice_handler.o
                0x000000000001fc6c                sd_check_ram_start
 .text.softdevice_enable
                0x000000000001fcb8       0x7c _build/softdevice_handler.o
                0x000000000001fcb8                softdevice_enable
 .text          0x000000000001fd34       0x54 _build/gcc_startup_nrf51.o
                0x000000000001fd34                Reset_Handler
                0x000000000001fd7c                NMI_Handler
                0x000000000001fd7e                HardFault_Handler
                0x000000000001fd80                SVC_Handler
                0x000000000001fd82                PendSV_Handler
                0x000000000001fd84                SysTick_Handler
                0x000000000001fd86                SWI4_IRQHandler
                0x000000000001fd86                TEMP_IRQHandler
                0x000000000001fd86                QDEC_IRQHandler
                0x000000000001fd86                SWI5_IRQHandler
                0x000000000001fd86                TIMER0_IRQHandler
                0x000000000001fd86                TIMER1_IRQHandler
                0x000000000001fd86                ECB_IRQHandler
                0x000000000001fd86                Default_Handler
                0x000000000001fd86                ADC_IRQHandler
                0x000000000001fd86                SWI3_IRQHandler
                0x000000000001fd86                CCM_AAR_IRQHandler
                0x000000000001fd86                WDT_IRQHandler
                0x000000000001fd86                RNG_IRQHandler
                0x000000000001fd86                SPI1_TWI1_IRQHandler
                0x000000000001fd86                TIMER2_IRQHandler
                0x000000000001fd86                SWI1_IRQHandler
                0x000000000001fd86                SPI0_TWI0_IRQHandler
                0x000000000001fd86                RTC0_IRQHandler
                0x000000000001fd86                POWER_CLOCK_IRQHandler
                0x000000000001fd86                RADIO_IRQHandler
                0x000000000001fd86                LPCOMP_IRQHandler
 .text          0x000000000001fd88      0x114 /Users/nilsweiss/gcc-arm-none-eabi-5_2-2015q4/bin/../lib/gcc/arm-none-eabi/5.2.1/armv6-m/libgcc.a(_udivsi3.o)
                0x000000000001fd88                __udivsi3
                0x000000000001fd88                __aeabi_uidiv
                0x000000000001fe94                __aeabi_uidivmod
 .text          0x000000000001fe9c      0x1d4 /Users/nilsweiss/gcc-arm-none-eabi-5_2-2015q4/bin/../lib/gcc/arm-none-eabi/5.2.1/armv6-m/libgcc.a(_divsi3.o)
                0x000000000001fe9c                __aeabi_idiv
                0x000000000001fe9c                __divsi3
                0x0000000000020068                __aeabi_idivmod
 .text          0x0000000000020070        0x4 /Users/nilsweiss/gcc-arm-none-eabi-5_2-2015q4/bin/../lib/gcc/arm-none-eabi/5.2.1/armv6-m/libgcc.a(_dvmd_tls.o)
                0x0000000000020070                __aeabi_ldiv0
                0x0000000000020070                __aeabi_idiv0
 .text.memcpy   0x0000000000020074       0x12 /Users/nilsweiss/gcc-arm-none-eabi-5_2-2015q4/bin/../lib/gcc/arm-none-eabi/5.2.1/../../../../arm-none-eabi/lib/armv6-m/libc_nano.a(lib_a-memcpy-stub.o)
                0x0000000000020074                memcpy
 *fill*         0x0000000000020086        0x2 
 .text.printf   0x0000000000020088       0x34 /Users/nilsweiss/gcc-arm-none-eabi-5_2-2015q4/bin/../lib/gcc/arm-none-eabi/5.2.1/../../../../arm-none-eabi/lib/armv6-m/libc_nano.a(lib_a-printf.o)
                0x0000000000020088                printf
                0x0000000000020088                iprintf
 .text.strcpy   0x00000000000200bc       0x10 /Users/nilsweiss/gcc-arm-none-eabi-5_2-2015q4/bin/../lib/gcc/arm-none-eabi/5.2.1/../../../../arm-none-eabi/lib/armv6-m/libc_nano.a(lib_a-strcpy.o)
                0x00000000000200bc                strcpy
 .text          0x00000000000200cc        0xe /Users/nilsweiss/gcc-arm-none-eabi-5_2-2015q4/bin/../lib/gcc/arm-none-eabi/5.2.1/../../../../arm-none-eabi/lib/armv6-m/libc_nano.a(lib_a-strlen.o)
                0x00000000000200cc                strlen
 *fill*         0x00000000000200da        0x2 
 .text._cleanup_r
                0x00000000000200dc       0x10 /Users/nilsweiss/gcc-arm-none-eabi-5_2-2015q4/bin/../lib/gcc/arm-none-eabi/5.2.1/../../../../arm-none-eabi/lib/armv6-m/libc_nano.a(lib_a-findfp.o)
                0x00000000000200dc                _cleanup_r
 .text.std.isra.0
                0x00000000000200ec       0x48 /Users/nilsweiss/gcc-arm-none-eabi-5_2-2015q4/bin/../lib/gcc/arm-none-eabi/5.2.1/../../../../arm-none-eabi/lib/armv6-m/libc_nano.a(lib_a-findfp.o)
 .text.__sfmoreglue
                0x0000000000020134       0x2c /Users/nilsweiss/gcc-arm-none-eabi-5_2-2015q4/bin/../lib/gcc/arm-none-eabi/5.2.1/../../../../arm-none-eabi/lib/armv6-m/libc_nano.a(lib_a-findfp.o)
                0x0000000000020134                __sfmoreglue
 .text.__sinit  0x0000000000020160       0x68 /Users/nilsweiss/gcc-arm-none-eabi-5_2-2015q4/bin/../lib/gcc/arm-none-eabi/5.2.1/../../../../arm-none-eabi/lib/armv6-m/libc_nano.a(lib_a-findfp.o)
                0x0000000000020160                __sinit
 .text.__sfp    0x00000000000201c8       0x7c /Users/nilsweiss/gcc-arm-none-eabi-5_2-2015q4/bin/../lib/gcc/arm-none-eabi/5.2.1/../../../../arm-none-eabi/lib/armv6-m/libc_nano.a(lib_a-findfp.o)
                0x00000000000201c8                __sfp
 .text._fwalk_reent
                0x0000000000020244       0x42 /Users/nilsweiss/gcc-arm-none-eabi-5_2-2015q4/bin/../lib/gcc/arm-none-eabi/5.2.1/../../../../arm-none-eabi/lib/armv6-m/libc_nano.a(lib_a-fwalk.o)
                0x0000000000020244                _fwalk_reent
 *fill*         0x0000000000020286        0x2 
 .text._malloc_r
                0x0000000000020288       0xac /Users/nilsweiss/gcc-arm-none-eabi-5_2-2015q4/bin/../lib/gcc/arm-none-eabi/5.2.1/../../../../arm-none-eabi/lib/armv6-m/libc_nano.a(lib_a-nano-mallocr.o)
                0x0000000000020288                _malloc_r
 .text.__sfputc_r
                0x0000000000020334       0x2a /Users/nilsweiss/gcc-arm-none-eabi-5_2-2015q4/bin/../lib/gcc/arm-none-eabi/5.2.1/../../../../arm-none-eabi/lib/armv6-m/libc_nano.a(lib_a-nano-vfprintf.o)
 .text.__sfputs_r
                0x000000000002035e       0x24 /Users/nilsweiss/gcc-arm-none-eabi-5_2-2015q4/bin/../lib/gcc/arm-none-eabi/5.2.1/../../../../arm-none-eabi/lib/armv6-m/libc_nano.a(lib_a-nano-vfprintf.o)
                0x000000000002035e                __sfputs_r
 *fill*         0x0000000000020382        0x2 
 .text._vfprintf_r
                0x0000000000020384      0x238 /Users/nilsweiss/gcc-arm-none-eabi-5_2-2015q4/bin/../lib/gcc/arm-none-eabi/5.2.1/../../../../arm-none-eabi/lib/armv6-m/libc_nano.a(lib_a-nano-vfprintf.o)
                0x0000000000020384                _vfiprintf_r
                0x0000000000020384                _vfprintf_r
 .text._printf_common
                0x00000000000205bc       0xdc /Users/nilsweiss/gcc-arm-none-eabi-5_2-2015q4/bin/../lib/gcc/arm-none-eabi/5.2.1/../../../../arm-none-eabi/lib/armv6-m/libc_nano.a(lib_a-nano-vfprintf_i.o)
                0x00000000000205bc                _printf_common
 .text._printf_i
                0x0000000000020698      0x244 /Users/nilsweiss/gcc-arm-none-eabi-5_2-2015q4/bin/../lib/gcc/arm-none-eabi/5.2.1/../../../../arm-none-eabi/lib/armv6-m/libc_nano.a(lib_a-nano-vfprintf_i.o)
                0x0000000000020698                _printf_i
 .text._sbrk_r  0x00000000000208dc       0x24 /Users/nilsweiss/gcc-arm-none-eabi-5_2-2015q4/bin/../lib/gcc/arm-none-eabi/5.2.1/../../../../arm-none-eabi/lib/armv6-m/libc_nano.a(lib_a-sbrkr.o)
                0x00000000000208dc                _sbrk_r
 .text.__sread  0x0000000000020900       0x28 /Users/nilsweiss/gcc-arm-none-eabi-5_2-2015q4/bin/../lib/gcc/arm-none-eabi/5.2.1/../../../../arm-none-eabi/lib/armv6-m/libc_nano.a(lib_a-stdio.o)
                0x0000000000020900                __sread
 .text.__swrite
                0x0000000000020928       0x38 /Users/nilsweiss/gcc-arm-none-eabi-5_2-2015q4/bin/../lib/gcc/arm-none-eabi/5.2.1/../../../../arm-none-eabi/lib/armv6-m/libc_nano.a(lib_a-stdio.o)
                0x0000000000020928                __swrite
 .text.__sseek  0x0000000000020960       0x2c /Users/nilsweiss/gcc-arm-none-eabi-5_2-2015q4/bin/../lib/gcc/arm-none-eabi/5.2.1/../../../../arm-none-eabi/lib/armv6-m/libc_nano.a(lib_a-stdio.o)
                0x0000000000020960                __sseek
 .text.__sclose
                0x000000000002098c        0xc /Users/nilsweiss/gcc-arm-none-eabi-5_2-2015q4/bin/../lib/gcc/arm-none-eabi/5.2.1/../../../../arm-none-eabi/lib/armv6-m/libc_nano.a(lib_a-stdio.o)
                0x000000000002098c                __sclose
 .text.__swbuf_r
                0x0000000000020998       0xb0 /Users/nilsweiss/gcc-arm-none-eabi-5_2-2015q4/bin/../lib/gcc/arm-none-eabi/5.2.1/../../../../arm-none-eabi/lib/armv6-m/libc_nano.a(lib_a-wbuf.o)
                0x0000000000020998                __swbuf_r
 .text.__swsetup_r
                0x0000000000020a48       0xe8 /Users/nilsweiss/gcc-arm-none-eabi-5_2-2015q4/bin/../lib/gcc/arm-none-eabi/5.2.1/../../../../arm-none-eabi/lib/armv6-m/libc_nano.a(lib_a-wsetup.o)
                0x0000000000020a48                __swsetup_r
 .text._close_r
                0x0000000000020b30       0x24 /Users/nilsweiss/gcc-arm-none-eabi-5_2-2015q4/bin/../lib/gcc/arm-none-eabi/5.2.1/../../../../arm-none-eabi/lib/armv6-m/libc_nano.a(lib_a-closer.o)
                0x0000000000020b30                _close_r
 .text.__sflush_r
                0x0000000000020b54      0x10c /Users/nilsweiss/gcc-arm-none-eabi-5_2-2015q4/bin/../lib/gcc/arm-none-eabi/5.2.1/../../../../arm-none-eabi/lib/armv6-m/libc_nano.a(lib_a-fflush.o)
                0x0000000000020b54                __sflush_r
 .text._fflush_r
                0x0000000000020c60       0x58 /Users/nilsweiss/gcc-arm-none-eabi-5_2-2015q4/bin/../lib/gcc/arm-none-eabi/5.2.1/../../../../arm-none-eabi/lib/armv6-m/libc_nano.a(lib_a-fflush.o)
                0x0000000000020c60                _fflush_r
 .text._lseek_r
                0x0000000000020cb8       0x28 /Users/nilsweiss/gcc-arm-none-eabi-5_2-2015q4/bin/../lib/gcc/arm-none-eabi/5.2.1/../../../../arm-none-eabi/lib/armv6-m/libc_nano.a(lib_a-lseekr.o)
                0x0000000000020cb8                _lseek_r
 .text.__smakebuf_r
                0x0000000000020ce0       0xa4 /Users/nilsweiss/gcc-arm-none-eabi-5_2-2015q4/bin/../lib/gcc/arm-none-eabi/5.2.1/../../../../arm-none-eabi/lib/armv6-m/libc_nano.a(lib_a-makebuf.o)
                0x0000000000020ce0                __smakebuf_r
 .text.memchr   0x0000000000020d84       0x16 /Users/nilsweiss/gcc-arm-none-eabi-5_2-2015q4/bin/../lib/gcc/arm-none-eabi/5.2.1/../../../../arm-none-eabi/lib/armv6-m/libc_nano.a(lib_a-memchr-stub.o)
                0x0000000000020d84                memchr
 *fill*         0x0000000000020d9a        0x2 
 .text._free_r  0x0000000000020d9c       0x8c /Users/nilsweiss/gcc-arm-none-eabi-5_2-2015q4/bin/../lib/gcc/arm-none-eabi/5.2.1/../../../../arm-none-eabi/lib/armv6-m/libc_nano.a(lib_a-nano-freer.o)
                0x0000000000020d9c                _free_r
 .text._read_r  0x0000000000020e28       0x28 /Users/nilsweiss/gcc-arm-none-eabi-5_2-2015q4/bin/../lib/gcc/arm-none-eabi/5.2.1/../../../../arm-none-eabi/lib/armv6-m/libc_nano.a(lib_a-readr.o)
                0x0000000000020e28                _read_r
 .text._fstat_r
                0x0000000000020e50       0x24 /Users/nilsweiss/gcc-arm-none-eabi-5_2-2015q4/bin/../lib/gcc/arm-none-eabi/5.2.1/../../../../arm-none-eabi/lib/armv6-m/libc_nano.a(lib_a-fstatr.o)
                0x0000000000020e50                _fstat_r
 .text._isatty_r
                0x0000000000020e74       0x24 /Users/nilsweiss/gcc-arm-none-eabi-5_2-2015q4/bin/../lib/gcc/arm-none-eabi/5.2.1/../../../../arm-none-eabi/lib/armv6-m/libc_nano.a(lib_a-isattyr.o)
                0x0000000000020e74                _isatty_r
 .text._close   0x0000000000020e98       0x10 /Users/nilsweiss/gcc-arm-none-eabi-5_2-2015q4/bin/../lib/gcc/arm-none-eabi/5.2.1/../../../../arm-none-eabi/lib/armv6-m/libnosys.a(close.o)
                0x0000000000020e98                _close
 .text._fstat   0x0000000000020ea8       0x10 /Users/nilsweiss/gcc-arm-none-eabi-5_2-2015q4/bin/../lib/gcc/arm-none-eabi/5.2.1/../../../../arm-none-eabi/lib/armv6-m/libnosys.a(fstat.o)
                0x0000000000020ea8                _fstat
 .text._isatty  0x0000000000020eb8       0x10 /Users/nilsweiss/gcc-arm-none-eabi-5_2-2015q4/bin/../lib/gcc/arm-none-eabi/5.2.1/../../../../arm-none-eabi/lib/armv6-m/libnosys.a(isatty.o)
                0x0000000000020eb8                _isatty
 .text._lseek   0x0000000000020ec8       0x10 /Users/nilsweiss/gcc-arm-none-eabi-5_2-2015q4/bin/../lib/gcc/arm-none-eabi/5.2.1/../../../../arm-none-eabi/lib/armv6-m/libnosys.a(lseek.o)
                0x0000000000020ec8                _lseek
 .text._read    0x0000000000020ed8       0x10 /Users/nilsweiss/gcc-arm-none-eabi-5_2-2015q4/bin/../lib/gcc/arm-none-eabi/5.2.1/../../../../arm-none-eabi/lib/armv6-m/libnosys.a(read.o)
                0x0000000000020ed8                _read
 .text._sbrk    0x0000000000020ee8       0x1c /Users/nilsweiss/gcc-arm-none-eabi-5_2-2015q4/bin/../lib/gcc/arm-none-eabi/5.2.1/../../../../arm-none-eabi/lib/armv6-m/libnosys.a(sbrk.o)
                0x0000000000020ee8                _sbrk
 *(.init)
 .init          0x0000000000020f04        0x4 /Users/nilsweiss/gcc-arm-none-eabi-5_2-2015q4/bin/../lib/gcc/arm-none-eabi/5.2.1/armv6-m/crti.o
                0x0000000000020f04                _init
 .init          0x0000000000020f08        0x8 /Users/nilsweiss/gcc-arm-none-eabi-5_2-2015q4/bin/../lib/gcc/arm-none-eabi/5.2.1/armv6-m/crtn.o
 *(.fini)
 .fini          0x0000000000020f10        0x4 /Users/nilsweiss/gcc-arm-none-eabi-5_2-2015q4/bin/../lib/gcc/arm-none-eabi/5.2.1/armv6-m/crti.o
                0x0000000000020f10                _fini
 .fini          0x0000000000020f14        0x8 /Users/nilsweiss/gcc-arm-none-eabi-5_2-2015q4/bin/../lib/gcc/arm-none-eabi/5.2.1/armv6-m/crtn.o
 *crtbegin.o(.ctors)
 *crtbegin?.o(.ctors)
 *(EXCLUDE_FILE(*crtend.o *crtend?.o) .ctors)
 *(SORT(.ctors.*))
 *(.ctors)
 *crtbegin.o(.dtors)
 *crtbegin?.o(.dtors)
 *(EXCLUDE_FILE(*crtend.o *crtend?.o) .dtors)
 *(SORT(.dtors.*))
 *(.dtors)
 *(.rodata*)
 .rodata.str1.1
                0x0000000000020f1c        0x2 /Users/nilsweiss/gcc-arm-none-eabi-5_2-2015q4/bin/../lib/gcc/arm-none-eabi/5.2.1/../../../../arm-none-eabi/lib/armv6-m/libc_nano.a(lib_a-impure.o)
 *fill*         0x0000000000020f1e        0x2 
 .rodata._global_impure_ptr
                0x0000000000020f20        0x4 /Users/nilsweiss/gcc-arm-none-eabi-5_2-2015q4/bin/../lib/gcc/arm-none-eabi/5.2.1/../../../../arm-none-eabi/lib/armv6-m/libc_nano.a(lib_a-impure.o)
                0x0000000000020f20                _global_impure_ptr
 .rodata.str1.4
                0x0000000000020f24       0x17 _build/SEGGER_RTT.o
 *fill*         0x0000000000020f3b        0x1 
 .rodata._aV2C.4393
                0x0000000000020f3c       0x10 _build/SEGGER_RTT_printf.o
 .rodata.m_detection_delay_timer_id
                0x0000000000020f4c        0x4 _build/app_button.o
 .rodata.str1.4
                0x0000000000020f50       0x3e _build/app_timer.o
 *fill*         0x0000000000020f8e        0x2 
 .rodata.str1.4
                0x0000000000020f90        0xe _build/nrf_log.o
 *fill*         0x0000000000020f9e        0x2 
 .rodata        0x0000000000020fa0       0x20 _build/app_uart_fifo.o
 .rodata.m_default_config
                0x0000000000020fc0       0x20 _build/nrf_drv_uart.o
 .rodata.leds_timer_handler
                0x0000000000020fe0       0x60 _build/bsp.o
 .rodata.bsp_indication_set
                0x0000000000021040       0x60 _build/bsp.o
 .rodata.m_buttons_list
                0x00000000000210a0       0x10 _build/bsp.o
 .rodata.m_button_timer_id
                0x00000000000210b0        0x4 _build/bsp.o
 .rodata.app_buttons
                0x00000000000210b4       0x20 _build/bsp.o
 .rodata.m_leds_timer_id
                0x00000000000210d4        0x4 _build/bsp.o
 .rodata.m_alert_timer_id
                0x00000000000210d8        0x4 _build/bsp.o
 .rodata        0x00000000000210dc        0xc _build/main.o
 .rodata.str1.4
                0x00000000000210e8       0xfe _build/main.o
 *fill*         0x00000000000211e6        0x2 
 .rodata.str1.4
                0x00000000000211e8      0x1d4 _build/ble_advertising.o
 .rodata.m_conn_params_timer_id
                0x00000000000213bc        0x4 _build/ble_conn_params.o
 .rodata        0x00000000000213c0       0x10 _build/ble_nus.o
 .rodata.str1.4
                0x00000000000213d0      0x15c _build/softdevice_handler.o
 .rodata.__sf_fake_stdin
                0x000000000002152c       0x20 /Users/nilsweiss/gcc-arm-none-eabi-5_2-2015q4/bin/../lib/gcc/arm-none-eabi/5.2.1/../../../../arm-none-eabi/lib/armv6-m/libc_nano.a(lib_a-findfp.o)
                0x000000000002152c                __sf_fake_stdin
 .rodata.__sf_fake_stdout
                0x000000000002154c       0x20 /Users/nilsweiss/gcc-arm-none-eabi-5_2-2015q4/bin/../lib/gcc/arm-none-eabi/5.2.1/../../../../arm-none-eabi/lib/armv6-m/libc_nano.a(lib_a-findfp.o)
                0x000000000002154c                __sf_fake_stdout
 .rodata.__sf_fake_stderr
                0x000000000002156c       0x20 /Users/nilsweiss/gcc-arm-none-eabi-5_2-2015q4/bin/../lib/gcc/arm-none-eabi/5.2.1/../../../../arm-none-eabi/lib/armv6-m/libc_nano.a(lib_a-findfp.o)
                0x000000000002156c                __sf_fake_stderr
 .rodata.str1.1
                0x000000000002158c       0x11 /Users/nilsweiss/gcc-arm-none-eabi-5_2-2015q4/bin/../lib/gcc/arm-none-eabi/5.2.1/../../../../arm-none-eabi/lib/armv6-m/libc_nano.a(lib_a-nano-vfprintf.o)
 .rodata.str1.1
                0x000000000002159d       0x22 /Users/nilsweiss/gcc-arm-none-eabi-5_2-2015q4/bin/../lib/gcc/arm-none-eabi/5.2.1/../../../../arm-none-eabi/lib/armv6-m/libc_nano.a(lib_a-nano-vfprintf_i.o)
 *(.eh_frame*)
 *fill*         0x00000000000215bf        0x1 
 .eh_frame      0x00000000000215c0        0x0 /Users/nilsweiss/gcc-arm-none-eabi-5_2-2015q4/bin/../lib/gcc/arm-none-eabi/5.2.1/armv6-m/crtbegin.o
                0x00000000000215c0                . = ALIGN (0x4)

.glue_7         0x00000000000215c0        0x0
 .glue_7        0x00000000000215c0        0x0 linker stubs

.glue_7t        0x00000000000215c0        0x0
 .glue_7t       0x00000000000215c0        0x0 linker stubs

.vfp11_veneer   0x00000000000215c0        0x0
 .vfp11_veneer  0x00000000000215c0        0x0 linker stubs

.v4_bx          0x00000000000215c0        0x0
 .v4_bx         0x00000000000215c0        0x0 linker stubs

.iplt           0x00000000000215c0        0x0
 .iplt          0x00000000000215c0        0x0 /Users/nilsweiss/gcc-arm-none-eabi-5_2-2015q4/bin/../lib/gcc/arm-none-eabi/5.2.1/armv6-m/crtbegin.o

.ARM.extab      0x00000000000215c0        0x0
 *(.ARM.extab* .gnu.linkonce.armextab.*)
                0x00000000000215c0                . = ALIGN (0x4)
                0x00000000000215c0                __exidx_start = .

.ARM.exidx      0x00000000000215c0        0x8
 *(.ARM.exidx* .gnu.linkonce.armexidx.*)
 .ARM.exidx     0x00000000000215c0        0x8 /Users/nilsweiss/gcc-arm-none-eabi-5_2-2015q4/bin/../lib/gcc/arm-none-eabi/5.2.1/../../../../arm-none-eabi/lib/armv6-m/crt0.o
 .ARM.exidx     0x00000000000215c8        0x0 _build/gcc_startup_nrf51.o
                                          0x8 (size before relaxing)
                0x00000000000215c8                . = ALIGN (0x4)
                0x00000000000215c8                __exidx_end = .
                0x00000000000215c8                __etext = .

.rel.dyn        0x00000000000215c8        0x0
 .rel.iplt      0x00000000000215c8        0x0 /Users/nilsweiss/gcc-arm-none-eabi-5_2-2015q4/bin/../lib/gcc/arm-none-eabi/5.2.1/armv6-m/crtbegin.o

.data           0x0000000020001f00       0x74 load address 0x00000000000215c8
                0x0000000020001f00                __data_start__ = .
 *(vtable)
 *(.data*)
 .data.impure_data
                0x0000000020001f00       0x60 /Users/nilsweiss/gcc-arm-none-eabi-5_2-2015q4/bin/../lib/gcc/arm-none-eabi/5.2.1/../../../../arm-none-eabi/lib/armv6-m/libc_nano.a(lib_a-impure.o)
 .data._impure_ptr
                0x0000000020001f60        0x4 /Users/nilsweiss/gcc-arm-none-eabi-5_2-2015q4/bin/../lib/gcc/arm-none-eabi/5.2.1/../../../../arm-none-eabi/lib/armv6-m/libc_nano.a(lib_a-impure.o)
                0x0000000020001f60                _impure_ptr
 .data.m_adv_uuids
                0x0000000020001f64        0x4 _build/main.o
 .data.m_conn_handle
                0x0000000020001f68        0x2 _build/main.o
 .data.current_slave_link_conn_handle.7402
                0x0000000020001f6a        0x2 _build/ble_advertising.o
                0x0000000020001f6c                . = ALIGN (0x4)
                0x0000000020001f6c                PROVIDE (__preinit_array_start, .)
 *(.preinit_array)
                0x0000000020001f6c                PROVIDE (__preinit_array_end, .)
                0x0000000020001f6c                . = ALIGN (0x4)
                0x0000000020001f6c                PROVIDE (__init_array_start, .)
 *(SORT(.init_array.*))
 *(.init_array)
 .init_array    0x0000000020001f6c        0x4 /Users/nilsweiss/gcc-arm-none-eabi-5_2-2015q4/bin/../lib/gcc/arm-none-eabi/5.2.1/armv6-m/crtbegin.o
                0x0000000020001f70                PROVIDE (__init_array_end, .)
                0x0000000020001f70                . = ALIGN (0x4)
                [!provide]                        PROVIDE (__fini_array_start, .)
 *(SORT(.fini_array.*))
 *(.fini_array)
 .fini_array    0x0000000020001f70        0x4 /Users/nilsweiss/gcc-arm-none-eabi-5_2-2015q4/bin/../lib/gcc/arm-none-eabi/5.2.1/armv6-m/crtbegin.o
                [!provide]                        PROVIDE (__fini_array_end, .)
 *(.jcr)
 .jcr           0x0000000020001f74        0x0 /Users/nilsweiss/gcc-arm-none-eabi-5_2-2015q4/bin/../lib/gcc/arm-none-eabi/5.2.1/armv6-m/crtbegin.o
                0x0000000020001f74                . = ALIGN (0x4)
                0x0000000020001f74                __data_end__ = .

.tm_clone_table
                0x0000000020001f74        0x0 load address 0x000000000002163c
 .tm_clone_table
                0x0000000020001f74        0x0 /Users/nilsweiss/gcc-arm-none-eabi-5_2-2015q4/bin/../lib/gcc/arm-none-eabi/5.2.1/armv6-m/crtbegin.o
 .tm_clone_table
                0x0000000020001f74        0x0 /Users/nilsweiss/gcc-arm-none-eabi-5_2-2015q4/bin/../lib/gcc/arm-none-eabi/5.2.1/armv6-m/crtend.o

.igot.plt       0x0000000020001f74        0x0 load address 0x000000000002163c
 .igot.plt      0x0000000020001f74        0x0 /Users/nilsweiss/gcc-arm-none-eabi-5_2-2015q4/bin/../lib/gcc/arm-none-eabi/5.2.1/armv6-m/crtbegin.o

.bss            0x0000000020001f74     0x1108 load address 0x000000000002163c
                0x0000000020001f74                . = ALIGN (0x4)
                0x0000000020001f74                __bss_start__ = .
 *(.bss*)
 .bss           0x0000000020001f74       0x1c /Users/nilsweiss/gcc-arm-none-eabi-5_2-2015q4/bin/../lib/gcc/arm-none-eabi/5.2.1/armv6-m/crtbegin.o
 .bss._acDownBuffer
                0x0000000020001f90       0x10 _build/SEGGER_RTT.o
 .bss._acUpBuffer
                0x0000000020001fa0      0x400 _build/SEGGER_RTT.o
 .bss.m_detection_delay
                0x00000000200023a0        0x4 _build/app_button.o
 .bss.mp_buttons
                0x00000000200023a4        0x4 _build/app_button.o
 .bss.m_button_count
                0x00000000200023a8        0x1 _build/app_button.o
 *fill*         0x00000000200023a9        0x3 
 .bss.m_detection_delay_timer_id_data
                0x00000000200023ac       0x20 _build/app_button.o
 .bss.m_pin_state
                0x00000000200023cc        0x4 _build/app_button.o
 .bss.m_pin_transition
                0x00000000200023d0        0x4 _build/app_button.o
 .bss.m_error_data.6084
                0x00000000200023d4       0x20 _build/app_error.o
 .bss.m_ticks_latest
                0x00000000200023f4        0x4 _build/app_timer.o
 .bss.mp_timer_id_head
                0x00000000200023f8        0x4 _build/app_timer.o
 .bss.m_evt_schedule_func
                0x00000000200023fc        0x4 _build/app_timer.o
 .bss.m_user_array_size
                0x0000000020002400        0x1 _build/app_timer.o
 *fill*         0x0000000020002401        0x3 
 .bss.mp_users  0x0000000020002404        0x4 _build/app_timer.o
 .bss.m_ticks_elapsed_q_read_ind
                0x0000000020002408        0x1 _build/app_timer.o
 .bss.m_ticks_elapsed_q_write_ind
                0x0000000020002409        0x1 _build/app_timer.o
 .bss.m_rtc1_reset
                0x000000002000240a        0x1 _build/app_timer.o
 *fill*         0x000000002000240b        0x1 
 .bss.m_ticks_elapsed
                0x000000002000240c        0x8 _build/app_timer.o
 .bss.m_rtc1_running
                0x0000000020002414        0x1 _build/app_timer.o
 *fill*         0x0000000020002415        0x3 
 .bss.buf_down  0x0000000020002418       0x10 _build/nrf_log.o
 .bss.buf_normal_up
                0x0000000020002428      0x400 _build/nrf_log.o
 .bss.initialized.5925
                0x0000000020002828        0x1 _build/nrf_log.o
 *fill*         0x0000000020002829        0x3 
 .bss.tx_buffer
                0x000000002000282c        0x1 _build/app_uart_fifo.o
 *fill*         0x000000002000282d        0x3 
 .bss.m_event_handler
                0x0000000020002830        0x4 _build/app_uart_fifo.o
 .bss.rx_buffer
                0x0000000020002834        0x1 _build/app_uart_fifo.o
 *fill*         0x0000000020002835        0x3 
 .bss.m_tx_fifo
                0x0000000020002838       0x10 _build/app_uart_fifo.o
 .bss.m_rx_fifo
                0x0000000020002848       0x10 _build/app_uart_fifo.o
 .bss.tx_tmp    0x0000000020002858        0x1 _build/app_uart_fifo.o
 *fill*         0x0000000020002859        0x3 
 .bss.m_cb      0x000000002000285c       0x48 _build/nrf_drv_gpiote.o
 .bss.m_cb      0x00000000200028a4       0x1c _build/nrf_drv_uart.o
 .bss.m_cmd_queue
                0x00000000200028c0       0xcc _build/pstorage.o
 .bss.m_flags   0x000000002000298c        0x4 _build/pstorage.o
 .bss.m_leds_timer_id_data
                0x0000000020002990       0x20 _build/bsp.o
 .bss.m_registered_callback
                0x00000000200029b0        0x4 _build/bsp.o
 .bss.m_alert_mask
                0x00000000200029b4        0x4 _build/bsp.o
 .bss.m_indication_type
                0x00000000200029b8        0x4 _build/bsp.o
 .bss.current_long_push_pin_no.6106
                0x00000000200029bc        0x1 _build/bsp.o
 *fill*         0x00000000200029bd        0x3 
 .bss.m_app_ticks_per_100ms
                0x00000000200029c0        0x4 _build/bsp.o
 .bss.release_event_at_push.6107
                0x00000000200029c4        0x4 _build/bsp.o
 .bss.m_button_timer_id_data
                0x00000000200029c8       0x20 _build/bsp.o
 .bss.m_stable_state
                0x00000000200029e8        0x1 _build/bsp.o
 *fill*         0x00000000200029e9        0x3 
 .bss.m_alert_timer_id_data
                0x00000000200029ec       0x20 _build/bsp.o
 .bss.m_events_list
                0x0000000020002a0c        0xc _build/bsp.o
 .bss.m_error_handler
                0x0000000020002a18        0x4 _build/bsp_btn_ble.o
 .bss.m_num_connections
                0x0000000020002a1c        0x4 _build/bsp_btn_ble.o
 .bss.tx_buf.8514
                0x0000000020002a20      0x100 _build/main.o
 .bss.index.8499
                0x0000000020002b20        0x1 _build/main.o
 *fill*         0x0000000020002b21        0x3 
 .bss.APP_TIMER_BUF.8542
                0x0000000020002b24      0x1c8 _build/main.o
 .bss.data_array.8498
                0x0000000020002cec       0x14 _build/main.o
 .bss.BLE_EVT_BUFFER.8475
                0x0000000020002d00       0x48 _build/main.o
 .bss.rx_buf.8513
                0x0000000020002d48      0x100 _build/main.o
 .bss.m_nus     0x0000000020002e48       0x1c _build/main.o
 .bss.m_advdata
                0x0000000020002e64       0x38 _build/ble_advertising.o
 .bss.m_manuf_specific_data
                0x0000000020002e9c        0xc _build/ble_advertising.o
 .bss.m_evt_handler
                0x0000000020002ea8        0x4 _build/ble_advertising.o
 .bss.m_advertising_start_pending
                0x0000000020002eac        0x1 _build/ble_advertising.o
 *fill*         0x0000000020002ead        0x3 
 .bss.m_manuf_data_array
                0x0000000020002eb0       0x1f _build/ble_advertising.o
 .bss.m_whitelist_temporarily_disabled
                0x0000000020002ecf        0x1 _build/ble_advertising.o
 .bss.m_error_handler
                0x0000000020002ed0        0x4 _build/ble_advertising.o
 .bss.m_peer_address
                0x0000000020002ed4        0x7 _build/ble_advertising.o
 *fill*         0x0000000020002edb        0x1 
 .bss.m_adv_modes_config
                0x0000000020002edc       0x24 _build/ble_advertising.o
 .bss.mp_whitelist_addr
                0x0000000020002f00       0x20 _build/ble_advertising.o
 .bss.m_service_data_array
                0x0000000020002f20       0x1f _build/ble_advertising.o
 *fill*         0x0000000020002f3f        0x1 
 .bss.m_whitelist
                0x0000000020002f40       0x10 _build/ble_advertising.o
 .bss.m_whitelist_reply_expected
                0x0000000020002f50        0x1 _build/ble_advertising.o
 .bss.m_tx_power_level
                0x0000000020002f51        0x1 _build/ble_advertising.o
 *fill*         0x0000000020002f52        0x2 
 .bss.mp_whitelist_irk
                0x0000000020002f54       0x20 _build/ble_advertising.o
 .bss.m_adv_mode_current
                0x0000000020002f74        0x1 _build/ble_advertising.o
 .bss.m_peer_addr_reply_expected
                0x0000000020002f75        0x1 _build/ble_advertising.o
 *fill*         0x0000000020002f76        0x2 
 .bss.m_slave_conn_int
                0x0000000020002f78        0x4 _build/ble_advertising.o
 .bss.m_service_data
                0x0000000020002f7c        0xc _build/ble_advertising.o
 .bss.m_adv_evt
                0x0000000020002f88        0x1 _build/ble_advertising.o
 .bss.m_change_param
                0x0000000020002f89        0x1 _build/ble_conn_params.o
 *fill*         0x0000000020002f8a        0x2 
 .bss.m_current_conn_params
                0x0000000020002f8c        0x8 _build/ble_conn_params.o
 .bss.m_update_count
                0x0000000020002f94        0x1 _build/ble_conn_params.o
 *fill*         0x0000000020002f95        0x3 
 .bss.m_conn_params_config
                0x0000000020002f98       0x1c _build/ble_conn_params.o
 .bss.m_conn_params_timer_id_data
                0x0000000020002fb4       0x20 _build/ble_conn_params.o
 .bss.m_conn_handle
                0x0000000020002fd4        0x2 _build/ble_conn_params.o
 *fill*         0x0000000020002fd6        0x2 
 .bss.m_preferred_conn_params
                0x0000000020002fd8        0x8 _build/ble_conn_params.o
 .bss.m_softdevice_enabled
                0x0000000020002fe0        0x1 _build/softdevice_handler.o
 *fill*         0x0000000020002fe1        0x1 
 .bss.m_ble_evt_buffer_size
                0x0000000020002fe2        0x2 _build/softdevice_handler.o
 .bss.mp_ble_evt_buffer
                0x0000000020002fe4        0x4 _build/softdevice_handler.o
 .bss.m_sys_evt_handler
                0x0000000020002fe8        0x4 _build/softdevice_handler.o
 .bss.m_ble_evt_handler
                0x0000000020002fec        0x4 _build/softdevice_handler.o
 .bss.m_evt_schedule_func
                0x0000000020002ff0        0x4 _build/softdevice_handler.o
 .bss.__malloc_sbrk_start
                0x0000000020002ff4        0x4 /Users/nilsweiss/gcc-arm-none-eabi-5_2-2015q4/bin/../lib/gcc/arm-none-eabi/5.2.1/../../../../arm-none-eabi/lib/armv6-m/libc_nano.a(lib_a-nano-mallocr.o)
                0x0000000020002ff4                __malloc_sbrk_start
 .bss.__malloc_free_list
                0x0000000020002ff8        0x4 /Users/nilsweiss/gcc-arm-none-eabi-5_2-2015q4/bin/../lib/gcc/arm-none-eabi/5.2.1/../../../../arm-none-eabi/lib/armv6-m/libc_nano.a(lib_a-nano-mallocr.o)
                0x0000000020002ff8                __malloc_free_list
 .bss.heap_end.4167
                0x0000000020002ffc        0x4 /Users/nilsweiss/gcc-arm-none-eabi-5_2-2015q4/bin/../lib/gcc/arm-none-eabi/5.2.1/../../../../arm-none-eabi/lib/armv6-m/libnosys.a(sbrk.o)
 *(COMMON)
 COMMON         0x0000000020003000       0x78 _build/SEGGER_RTT.o
                0x0000000020003000                _SEGGER_RTT
 COMMON         0x0000000020003078        0x4 /Users/nilsweiss/gcc-arm-none-eabi-5_2-2015q4/bin/../lib/gcc/arm-none-eabi/5.2.1/../../../../arm-none-eabi/lib/armv6-m/libc_nano.a(lib_a-reent.o)
                0x0000000020003078                errno
                0x000000002000307c                . = ALIGN (0x4)
                0x000000002000307c                __bss_end__ = .

.heap           0x0000000020003080      0x800
                0x0000000020003080                __end__ = .
                0x0000000020003080                end = __end__
 *(.heap*)
 .heap          0x0000000020003080      0x800 _build/gcc_startup_nrf51.o
                0x0000000020003080                __HeapBase
                0x0000000020003880                __HeapLimit = .

.stack_dummy    0x0000000020003080      0x800
 *(.stack*)
 .stack         0x0000000020003080      0x800 _build/gcc_startup_nrf51.o
                0x0000000020008000                __StackTop = (ORIGIN (RAM) + LENGTH (RAM))
                0x0000000020007800                __StackLimit = (__StackTop - SIZEOF (.stack_dummy))
                0x0000000020008000                PROVIDE (__stack, __StackTop)
                0x0000000000000001                ASSERT ((__StackLimit >= __HeapLimit), region RAM overflowed with stack)
OUTPUT(_build/nrf51422_xxac_s130.out elf32-littlearm)

.ARM.attributes
                0x0000000000000000       0x28
 .ARM.attributes
                0x0000000000000000       0x1e /Users/nilsweiss/gcc-arm-none-eabi-5_2-2015q4/bin/../lib/gcc/arm-none-eabi/5.2.1/armv6-m/crti.o
 .ARM.attributes
                0x000000000000001e       0x2c /Users/nilsweiss/gcc-arm-none-eabi-5_2-2015q4/bin/../lib/gcc/arm-none-eabi/5.2.1/armv6-m/crtbegin.o
 .ARM.attributes
                0x000000000000004a       0x1b /Users/nilsweiss/gcc-arm-none-eabi-5_2-2015q4/bin/../lib/gcc/arm-none-eabi/5.2.1/../../../../arm-none-eabi/lib/armv6-m/crt0.o
 .ARM.attributes
                0x0000000000000065       0x2c /Users/nilsweiss/gcc-arm-none-eabi-5_2-2015q4/bin/../lib/gcc/arm-none-eabi/5.2.1/../../../../arm-none-eabi/lib/armv6-m/libc_nano.a(lib_a-exit.o)
 .ARM.attributes
                0x0000000000000091       0x2c /Users/nilsweiss/gcc-arm-none-eabi-5_2-2015q4/bin/../lib/gcc/arm-none-eabi/5.2.1/../../../../arm-none-eabi/lib/armv6-m/libc_nano.a(lib_a-impure.o)
 .ARM.attributes
                0x00000000000000bd       0x2c /Users/nilsweiss/gcc-arm-none-eabi-5_2-2015q4/bin/../lib/gcc/arm-none-eabi/5.2.1/../../../../arm-none-eabi/lib/armv6-m/libc_nano.a(lib_a-init.o)
 .ARM.attributes
                0x00000000000000e9       0x2c /Users/nilsweiss/gcc-arm-none-eabi-5_2-2015q4/bin/../lib/gcc/arm-none-eabi/5.2.1/../../../../arm-none-eabi/lib/armv6-m/libc_nano.a(lib_a-memset.o)
 .ARM.attributes
                0x0000000000000115       0x2c /Users/nilsweiss/gcc-arm-none-eabi-5_2-2015q4/bin/../lib/gcc/arm-none-eabi/5.2.1/../../../../arm-none-eabi/lib/armv6-m/libnosys.a(_exit.o)
 .ARM.attributes
                0x0000000000000141       0x31 _build/RTT_Syscalls_GCC.o
 .ARM.attributes
                0x0000000000000172       0x31 _build/SEGGER_RTT.o
 .ARM.attributes
                0x00000000000001a3       0x31 _build/SEGGER_RTT_printf.o
 .ARM.attributes
                0x00000000000001d4       0x31 _build/app_button.o
 .ARM.attributes
                0x0000000000000205       0x31 _build/app_error.o
 .ARM.attributes
                0x0000000000000236       0x31 _build/app_fifo.o
 .ARM.attributes
                0x0000000000000267       0x31 _build/app_timer.o
 .ARM.attributes
                0x0000000000000298       0x31 _build/nrf_log.o
 .ARM.attributes
                0x00000000000002c9       0x31 _build/app_uart_fifo.o
 .ARM.attributes
                0x00000000000002fa       0x31 _build/nrf_drv_common.o
 .ARM.attributes
                0x000000000000032b       0x31 _build/nrf_drv_gpiote.o
 .ARM.attributes
                0x000000000000035c       0x31 _build/nrf_drv_uart.o
 .ARM.attributes
                0x000000000000038d       0x31 _build/pstorage.o
 .ARM.attributes
                0x00000000000003be       0x31 _build/bsp.o
 .ARM.attributes
                0x00000000000003ef       0x31 _build/bsp_btn_ble.o
 .ARM.attributes
                0x0000000000000420       0x31 _build/main.o
 .ARM.attributes
                0x0000000000000451       0x31 _build/ble_advdata.o
 .ARM.attributes
                0x0000000000000482       0x31 _build/ble_advertising.o
 .ARM.attributes
                0x00000000000004b3       0x31 _build/ble_conn_params.o
 .ARM.attributes
                0x00000000000004e4       0x31 _build/ble_nus.o
 .ARM.attributes
                0x0000000000000515       0x31 _build/system_nrf51.o
 .ARM.attributes
                0x0000000000000546       0x31 _build/softdevice_handler.o
 .ARM.attributes
                0x0000000000000577       0x1b _build/gcc_startup_nrf51.o
 .ARM.attributes
                0x0000000000000592       0x1e /Users/nilsweiss/gcc-arm-none-eabi-5_2-2015q4/bin/../lib/gcc/arm-none-eabi/5.2.1/armv6-m/libgcc.a(_udivsi3.o)
 .ARM.attributes
                0x00000000000005b0       0x1e /Users/nilsweiss/gcc-arm-none-eabi-5_2-2015q4/bin/../lib/gcc/arm-none-eabi/5.2.1/armv6-m/libgcc.a(_divsi3.o)
 .ARM.attributes
                0x00000000000005ce       0x1e /Users/nilsweiss/gcc-arm-none-eabi-5_2-2015q4/bin/../lib/gcc/arm-none-eabi/5.2.1/armv6-m/libgcc.a(_dvmd_tls.o)
 .ARM.attributes
                0x00000000000005ec       0x2c /Users/nilsweiss/gcc-arm-none-eabi-5_2-2015q4/bin/../lib/gcc/arm-none-eabi/5.2.1/../../../../arm-none-eabi/lib/armv6-m/libc_nano.a(lib_a-memcpy-stub.o)
 .ARM.attributes
                0x0000000000000618       0x2c /Users/nilsweiss/gcc-arm-none-eabi-5_2-2015q4/bin/../lib/gcc/arm-none-eabi/5.2.1/../../../../arm-none-eabi/lib/armv6-m/libc_nano.a(lib_a-printf.o)
 .ARM.attributes
                0x0000000000000644       0x2c /Users/nilsweiss/gcc-arm-none-eabi-5_2-2015q4/bin/../lib/gcc/arm-none-eabi/5.2.1/../../../../arm-none-eabi/lib/armv6-m/libc_nano.a(lib_a-strcpy.o)
 .ARM.attributes
                0x0000000000000670       0x1c /Users/nilsweiss/gcc-arm-none-eabi-5_2-2015q4/bin/../lib/gcc/arm-none-eabi/5.2.1/../../../../arm-none-eabi/lib/armv6-m/libc_nano.a(lib_a-strlen.o)
 .ARM.attributes
                0x000000000000068c       0x2c /Users/nilsweiss/gcc-arm-none-eabi-5_2-2015q4/bin/../lib/gcc/arm-none-eabi/5.2.1/../../../../arm-none-eabi/lib/armv6-m/libc_nano.a(lib_a-findfp.o)
 .ARM.attributes
                0x00000000000006b8       0x2c /Users/nilsweiss/gcc-arm-none-eabi-5_2-2015q4/bin/../lib/gcc/arm-none-eabi/5.2.1/../../../../arm-none-eabi/lib/armv6-m/libc_nano.a(lib_a-fwalk.o)
 .ARM.attributes
                0x00000000000006e4       0x2c /Users/nilsweiss/gcc-arm-none-eabi-5_2-2015q4/bin/../lib/gcc/arm-none-eabi/5.2.1/../../../../arm-none-eabi/lib/armv6-m/libc_nano.a(lib_a-nano-mallocr.o)
 .ARM.attributes
                0x0000000000000710       0x2c /Users/nilsweiss/gcc-arm-none-eabi-5_2-2015q4/bin/../lib/gcc/arm-none-eabi/5.2.1/../../../../arm-none-eabi/lib/armv6-m/libc_nano.a(lib_a-nano-vfprintf.o)
 .ARM.attributes
                0x000000000000073c       0x2c /Users/nilsweiss/gcc-arm-none-eabi-5_2-2015q4/bin/../lib/gcc/arm-none-eabi/5.2.1/../../../../arm-none-eabi/lib/armv6-m/libc_nano.a(lib_a-nano-vfprintf_i.o)
 .ARM.attributes
                0x0000000000000768       0x2c /Users/nilsweiss/gcc-arm-none-eabi-5_2-2015q4/bin/../lib/gcc/arm-none-eabi/5.2.1/../../../../arm-none-eabi/lib/armv6-m/libc_nano.a(lib_a-sbrkr.o)
 .ARM.attributes
                0x0000000000000794       0x2c /Users/nilsweiss/gcc-arm-none-eabi-5_2-2015q4/bin/../lib/gcc/arm-none-eabi/5.2.1/../../../../arm-none-eabi/lib/armv6-m/libc_nano.a(lib_a-stdio.o)
 .ARM.attributes
                0x00000000000007c0       0x2c /Users/nilsweiss/gcc-arm-none-eabi-5_2-2015q4/bin/../lib/gcc/arm-none-eabi/5.2.1/../../../../arm-none-eabi/lib/armv6-m/libc_nano.a(lib_a-wbuf.o)
 .ARM.attributes
                0x00000000000007ec       0x2c /Users/nilsweiss/gcc-arm-none-eabi-5_2-2015q4/bin/../lib/gcc/arm-none-eabi/5.2.1/../../../../arm-none-eabi/lib/armv6-m/libc_nano.a(lib_a-wsetup.o)
 .ARM.attributes
                0x0000000000000818       0x2c /Users/nilsweiss/gcc-arm-none-eabi-5_2-2015q4/bin/../lib/gcc/arm-none-eabi/5.2.1/../../../../arm-none-eabi/lib/armv6-m/libc_nano.a(lib_a-closer.o)
 .ARM.attributes
                0x0000000000000844       0x2c /Users/nilsweiss/gcc-arm-none-eabi-5_2-2015q4/bin/../lib/gcc/arm-none-eabi/5.2.1/../../../../arm-none-eabi/lib/armv6-m/libc_nano.a(lib_a-fflush.o)
 .ARM.attributes
                0x0000000000000870       0x2c /Users/nilsweiss/gcc-arm-none-eabi-5_2-2015q4/bin/../lib/gcc/arm-none-eabi/5.2.1/../../../../arm-none-eabi/lib/armv6-m/libc_nano.a(lib_a-lseekr.o)
 .ARM.attributes
                0x000000000000089c       0x2c /Users/nilsweiss/gcc-arm-none-eabi-5_2-2015q4/bin/../lib/gcc/arm-none-eabi/5.2.1/../../../../arm-none-eabi/lib/armv6-m/libc_nano.a(lib_a-makebuf.o)
 .ARM.attributes
                0x00000000000008c8       0x2c /Users/nilsweiss/gcc-arm-none-eabi-5_2-2015q4/bin/../lib/gcc/arm-none-eabi/5.2.1/../../../../arm-none-eabi/lib/armv6-m/libc_nano.a(lib_a-memchr-stub.o)
 .ARM.attributes
                0x00000000000008f4       0x2c /Users/nilsweiss/gcc-arm-none-eabi-5_2-2015q4/bin/../lib/gcc/arm-none-eabi/5.2.1/../../../../arm-none-eabi/lib/armv6-m/libc_nano.a(lib_a-nano-freer.o)
 .ARM.attributes
                0x0000000000000920       0x2c /Users/nilsweiss/gcc-arm-none-eabi-5_2-2015q4/bin/../lib/gcc/arm-none-eabi/5.2.1/../../../../arm-none-eabi/lib/armv6-m/libc_nano.a(lib_a-readr.o)
 .ARM.attributes
                0x000000000000094c       0x2c /Users/nilsweiss/gcc-arm-none-eabi-5_2-2015q4/bin/../lib/gcc/arm-none-eabi/5.2.1/../../../../arm-none-eabi/lib/armv6-m/libc_nano.a(lib_a-reent.o)
 .ARM.attributes
                0x0000000000000978       0x2c /Users/nilsweiss/gcc-arm-none-eabi-5_2-2015q4/bin/../lib/gcc/arm-none-eabi/5.2.1/../../../../arm-none-eabi/lib/armv6-m/libc_nano.a(lib_a-fstatr.o)
 .ARM.attributes
                0x00000000000009a4       0x2c /Users/nilsweiss/gcc-arm-none-eabi-5_2-2015q4/bin/../lib/gcc/arm-none-eabi/5.2.1/../../../../arm-none-eabi/lib/armv6-m/libc_nano.a(lib_a-isattyr.o)
 .ARM.attributes
                0x00000000000009d0       0x2c /Users/nilsweiss/gcc-arm-none-eabi-5_2-2015q4/bin/../lib/gcc/arm-none-eabi/5.2.1/armv6-m/crtend.o
 .ARM.attributes
                0x00000000000009fc       0x1e /Users/nilsweiss/gcc-arm-none-eabi-5_2-2015q4/bin/../lib/gcc/arm-none-eabi/5.2.1/armv6-m/crtn.o
 .ARM.attributes
                0x0000000000000a1a       0x2c /Users/nilsweiss/gcc-arm-none-eabi-5_2-2015q4/bin/../lib/gcc/arm-none-eabi/5.2.1/../../../../arm-none-eabi/lib/armv6-m/libnosys.a(close.o)
 .ARM.attributes
                0x0000000000000a46       0x2c /Users/nilsweiss/gcc-arm-none-eabi-5_2-2015q4/bin/../lib/gcc/arm-none-eabi/5.2.1/../../../../arm-none-eabi/lib/armv6-m/libnosys.a(fstat.o)
 .ARM.attributes
                0x0000000000000a72       0x2c /Users/nilsweiss/gcc-arm-none-eabi-5_2-2015q4/bin/../lib/gcc/arm-none-eabi/5.2.1/../../../../arm-none-eabi/lib/armv6-m/libnosys.a(isatty.o)
 .ARM.attributes
                0x0000000000000a9e       0x2c /Users/nilsweiss/gcc-arm-none-eabi-5_2-2015q4/bin/../lib/gcc/arm-none-eabi/5.2.1/../../../../arm-none-eabi/lib/armv6-m/libnosys.a(lseek.o)
 .ARM.attributes
                0x0000000000000aca       0x2c /Users/nilsweiss/gcc-arm-none-eabi-5_2-2015q4/bin/../lib/gcc/arm-none-eabi/5.2.1/../../../../arm-none-eabi/lib/armv6-m/libnosys.a(read.o)
 .ARM.attributes
                0x0000000000000af6       0x2c /Users/nilsweiss/gcc-arm-none-eabi-5_2-2015q4/bin/../lib/gcc/arm-none-eabi/5.2.1/../../../../arm-none-eabi/lib/armv6-m/libnosys.a(sbrk.o)

.comment        0x0000000000000000       0x6e
 .comment       0x0000000000000000       0x6e _build/RTT_Syscalls_GCC.o
                                         0x6f (size before relaxing)
 .comment       0x000000000000006e       0x6f _build/SEGGER_RTT.o
 .comment       0x000000000000006e       0x6f _build/SEGGER_RTT_printf.o
 .comment       0x000000000000006e       0x6f _build/app_button.o
 .comment       0x000000000000006e       0x6f _build/app_error.o
 .comment       0x000000000000006e       0x6f _build/app_fifo.o
 .comment       0x000000000000006e       0x6f _build/app_timer.o
 .comment       0x000000000000006e       0x6f _build/nrf_log.o
 .comment       0x000000000000006e       0x6f _build/app_uart_fifo.o
 .comment       0x000000000000006e       0x6f _build/nrf_drv_common.o
 .comment       0x000000000000006e       0x6f _build/nrf_drv_gpiote.o
 .comment       0x000000000000006e       0x6f _build/nrf_drv_uart.o
 .comment       0x000000000000006e       0x6f _build/pstorage.o
 .comment       0x000000000000006e       0x6f _build/bsp.o
 .comment       0x000000000000006e       0x6f _build/bsp_btn_ble.o
 .comment       0x000000000000006e       0x6f _build/main.o
 .comment       0x000000000000006e       0x6f _build/ble_advdata.o
 .comment       0x000000000000006e       0x6f _build/ble_advertising.o
 .comment       0x000000000000006e       0x6f _build/ble_conn_params.o
 .comment       0x000000000000006e       0x6f _build/ble_nus.o
 .comment       0x000000000000006e       0x6f _build/system_nrf51.o
 .comment       0x000000000000006e       0x6f _build/softdevice_handler.o

.debug_frame    0x0000000000000000     0x1f30
 .debug_frame   0x0000000000000000       0x28 /Users/nilsweiss/gcc-arm-none-eabi-5_2-2015q4/bin/../lib/gcc/arm-none-eabi/5.2.1/../../../../arm-none-eabi/lib/armv6-m/libc_nano.a(lib_a-exit.o)
 .debug_frame   0x0000000000000028       0x2c /Users/nilsweiss/gcc-arm-none-eabi-5_2-2015q4/bin/../lib/gcc/arm-none-eabi/5.2.1/../../../../arm-none-eabi/lib/armv6-m/libc_nano.a(lib_a-init.o)
 .debug_frame   0x0000000000000054       0x20 /Users/nilsweiss/gcc-arm-none-eabi-5_2-2015q4/bin/../lib/gcc/arm-none-eabi/5.2.1/../../../../arm-none-eabi/lib/armv6-m/libc_nano.a(lib_a-memset.o)
 .debug_frame   0x0000000000000074       0x20 /Users/nilsweiss/gcc-arm-none-eabi-5_2-2015q4/bin/../lib/gcc/arm-none-eabi/5.2.1/../../../../arm-none-eabi/lib/armv6-m/libnosys.a(_exit.o)
 .debug_frame   0x0000000000000094       0x40 _build/RTT_Syscalls_GCC.o
 .debug_frame   0x00000000000000d4      0x284 _build/SEGGER_RTT.o
 .debug_frame   0x0000000000000358       0x84 _build/SEGGER_RTT_printf.o
 .debug_frame   0x00000000000003dc       0xd4 _build/app_button.o
 .debug_frame   0x00000000000004b0       0x7c _build/app_error.o
 .debug_frame   0x000000000000052c       0xa4 _build/app_fifo.o
 .debug_frame   0x00000000000005d0      0x11c _build/app_timer.o
 .debug_frame   0x00000000000006ec      0x100 _build/nrf_log.o
 .debug_frame   0x00000000000007ec       0xb0 _build/app_uart_fifo.o
 .debug_frame   0x000000000000089c       0x30 _build/nrf_drv_common.o
 .debug_frame   0x00000000000008cc      0x200 _build/nrf_drv_gpiote.o
 .debug_frame   0x0000000000000acc      0x11c _build/nrf_drv_uart.o
 .debug_frame   0x0000000000000be8      0x34c _build/pstorage.o
 .debug_frame   0x0000000000000f34      0x148 _build/bsp.o
 .debug_frame   0x000000000000107c       0x5c _build/bsp_btn_ble.o
 .debug_frame   0x00000000000010d8      0x170 _build/main.o
 .debug_frame   0x0000000000001248       0xd4 _build/ble_advdata.o
 .debug_frame   0x000000000000131c      0x118 _build/ble_advertising.o
 .debug_frame   0x0000000000001434       0xf4 _build/ble_conn_params.o
 .debug_frame   0x0000000000001528       0xb4 _build/ble_nus.o
 .debug_frame   0x00000000000015dc       0x30 _build/system_nrf51.o
 .debug_frame   0x000000000000160c      0x1a0 _build/softdevice_handler.o
 .debug_frame   0x00000000000017ac       0x20 /Users/nilsweiss/gcc-arm-none-eabi-5_2-2015q4/bin/../lib/gcc/arm-none-eabi/5.2.1/armv6-m/libgcc.a(_udivsi3.o)
 .debug_frame   0x00000000000017cc       0x20 /Users/nilsweiss/gcc-arm-none-eabi-5_2-2015q4/bin/../lib/gcc/arm-none-eabi/5.2.1/armv6-m/libgcc.a(_divsi3.o)
 .debug_frame   0x00000000000017ec       0x28 /Users/nilsweiss/gcc-arm-none-eabi-5_2-2015q4/bin/../lib/gcc/arm-none-eabi/5.2.1/../../../../arm-none-eabi/lib/armv6-m/libc_nano.a(lib_a-memcpy-stub.o)
 .debug_frame   0x0000000000001814       0x50 /Users/nilsweiss/gcc-arm-none-eabi-5_2-2015q4/bin/../lib/gcc/arm-none-eabi/5.2.1/../../../../arm-none-eabi/lib/armv6-m/libc_nano.a(lib_a-printf.o)
 .debug_frame   0x0000000000001864       0x20 /Users/nilsweiss/gcc-arm-none-eabi-5_2-2015q4/bin/../lib/gcc/arm-none-eabi/5.2.1/../../../../arm-none-eabi/lib/armv6-m/libc_nano.a(lib_a-strcpy.o)
 .debug_frame   0x0000000000001884      0x140 /Users/nilsweiss/gcc-arm-none-eabi-5_2-2015q4/bin/../lib/gcc/arm-none-eabi/5.2.1/../../../../arm-none-eabi/lib/armv6-m/libc_nano.a(lib_a-findfp.o)
 .debug_frame   0x00000000000019c4       0x58 /Users/nilsweiss/gcc-arm-none-eabi-5_2-2015q4/bin/../lib/gcc/arm-none-eabi/5.2.1/../../../../arm-none-eabi/lib/armv6-m/libc_nano.a(lib_a-fwalk.o)
 .debug_frame   0x0000000000001a1c       0x2c /Users/nilsweiss/gcc-arm-none-eabi-5_2-2015q4/bin/../lib/gcc/arm-none-eabi/5.2.1/../../../../arm-none-eabi/lib/armv6-m/libc_nano.a(lib_a-nano-mallocr.o)
 .debug_frame   0x0000000000001a48       0x9c /Users/nilsweiss/gcc-arm-none-eabi-5_2-2015q4/bin/../lib/gcc/arm-none-eabi/5.2.1/../../../../arm-none-eabi/lib/armv6-m/libc_nano.a(lib_a-nano-vfprintf.o)
 .debug_frame   0x0000000000001ae4       0x54 /Users/nilsweiss/gcc-arm-none-eabi-5_2-2015q4/bin/../lib/gcc/arm-none-eabi/5.2.1/../../../../arm-none-eabi/lib/armv6-m/libc_nano.a(lib_a-nano-vfprintf_i.o)
 .debug_frame   0x0000000000001b38       0x2c /Users/nilsweiss/gcc-arm-none-eabi-5_2-2015q4/bin/../lib/gcc/arm-none-eabi/5.2.1/../../../../arm-none-eabi/lib/armv6-m/libc_nano.a(lib_a-sbrkr.o)
 .debug_frame   0x0000000000001b64       0x90 /Users/nilsweiss/gcc-arm-none-eabi-5_2-2015q4/bin/../lib/gcc/arm-none-eabi/5.2.1/../../../../arm-none-eabi/lib/armv6-m/libc_nano.a(lib_a-stdio.o)
 .debug_frame   0x0000000000001bf4       0x48 /Users/nilsweiss/gcc-arm-none-eabi-5_2-2015q4/bin/../lib/gcc/arm-none-eabi/5.2.1/../../../../arm-none-eabi/lib/armv6-m/libc_nano.a(lib_a-wbuf.o)
 .debug_frame   0x0000000000001c3c       0x2c /Users/nilsweiss/gcc-arm-none-eabi-5_2-2015q4/bin/../lib/gcc/arm-none-eabi/5.2.1/../../../../arm-none-eabi/lib/armv6-m/libc_nano.a(lib_a-wsetup.o)
 .debug_frame   0x0000000000001c68       0x2c /Users/nilsweiss/gcc-arm-none-eabi-5_2-2015q4/bin/../lib/gcc/arm-none-eabi/5.2.1/../../../../arm-none-eabi/lib/armv6-m/libc_nano.a(lib_a-closer.o)
 .debug_frame   0x0000000000001c94       0x68 /Users/nilsweiss/gcc-arm-none-eabi-5_2-2015q4/bin/../lib/gcc/arm-none-eabi/5.2.1/../../../../arm-none-eabi/lib/armv6-m/libc_nano.a(lib_a-fflush.o)
 .debug_frame   0x0000000000001cfc       0x2c /Users/nilsweiss/gcc-arm-none-eabi-5_2-2015q4/bin/../lib/gcc/arm-none-eabi/5.2.1/../../../../arm-none-eabi/lib/armv6-m/libc_nano.a(lib_a-lseekr.o)
 .debug_frame   0x0000000000001d28       0x30 /Users/nilsweiss/gcc-arm-none-eabi-5_2-2015q4/bin/../lib/gcc/arm-none-eabi/5.2.1/../../../../arm-none-eabi/lib/armv6-m/libc_nano.a(lib_a-makebuf.o)
 .debug_frame   0x0000000000001d58       0x20 /Users/nilsweiss/gcc-arm-none-eabi-5_2-2015q4/bin/../lib/gcc/arm-none-eabi/5.2.1/../../../../arm-none-eabi/lib/armv6-m/libc_nano.a(lib_a-memchr-stub.o)
 .debug_frame   0x0000000000001d78       0x2c /Users/nilsweiss/gcc-arm-none-eabi-5_2-2015q4/bin/../lib/gcc/arm-none-eabi/5.2.1/../../../../arm-none-eabi/lib/armv6-m/libc_nano.a(lib_a-nano-freer.o)
 .debug_frame   0x0000000000001da4       0x2c /Users/nilsweiss/gcc-arm-none-eabi-5_2-2015q4/bin/../lib/gcc/arm-none-eabi/5.2.1/../../../../arm-none-eabi/lib/armv6-m/libc_nano.a(lib_a-readr.o)
 .debug_frame   0x0000000000001dd0       0x48 /Users/nilsweiss/gcc-arm-none-eabi-5_2-2015q4/bin/../lib/gcc/arm-none-eabi/5.2.1/../../../../arm-none-eabi/lib/armv6-m/libc_nano.a(lib_a-reent.o)
 .debug_frame   0x0000000000001e18       0x2c /Users/nilsweiss/gcc-arm-none-eabi-5_2-2015q4/bin/../lib/gcc/arm-none-eabi/5.2.1/../../../../arm-none-eabi/lib/armv6-m/libc_nano.a(lib_a-fstatr.o)
 .debug_frame   0x0000000000001e44       0x2c /Users/nilsweiss/gcc-arm-none-eabi-5_2-2015q4/bin/../lib/gcc/arm-none-eabi/5.2.1/../../../../arm-none-eabi/lib/armv6-m/libc_nano.a(lib_a-isattyr.o)
 .debug_frame   0x0000000000001e70       0x20 /Users/nilsweiss/gcc-arm-none-eabi-5_2-2015q4/bin/../lib/gcc/arm-none-eabi/5.2.1/../../../../arm-none-eabi/lib/armv6-m/libnosys.a(close.o)
 .debug_frame   0x0000000000001e90       0x20 /Users/nilsweiss/gcc-arm-none-eabi-5_2-2015q4/bin/../lib/gcc/arm-none-eabi/5.2.1/../../../../arm-none-eabi/lib/armv6-m/libnosys.a(fstat.o)
 .debug_frame   0x0000000000001eb0       0x20 /Users/nilsweiss/gcc-arm-none-eabi-5_2-2015q4/bin/../lib/gcc/arm-none-eabi/5.2.1/../../../../arm-none-eabi/lib/armv6-m/libnosys.a(isatty.o)
 .debug_frame   0x0000000000001ed0       0x20 /Users/nilsweiss/gcc-arm-none-eabi-5_2-2015q4/bin/../lib/gcc/arm-none-eabi/5.2.1/../../../../arm-none-eabi/lib/armv6-m/libnosys.a(lseek.o)
 .debug_frame   0x0000000000001ef0       0x20 /Users/nilsweiss/gcc-arm-none-eabi-5_2-2015q4/bin/../lib/gcc/arm-none-eabi/5.2.1/../../../../arm-none-eabi/lib/armv6-m/libnosys.a(read.o)
 .debug_frame   0x0000000000001f10       0x20 /Users/nilsweiss/gcc-arm-none-eabi-5_2-2015q4/bin/../lib/gcc/arm-none-eabi/5.2.1/../../../../arm-none-eabi/lib/armv6-m/libnosys.a(sbrk.o)

.debug_info     0x0000000000000000    0x1d373
 .debug_info    0x0000000000000000      0x940 _build/RTT_Syscalls_GCC.o
 .debug_info    0x0000000000000940     0x20b7 _build/SEGGER_RTT.o
 .debug_info    0x00000000000029f7      0x7ec _build/SEGGER_RTT_printf.o
 .debug_info    0x00000000000031e3      0x5eb _build/app_button.o
 .debug_info    0x00000000000037ce      0x4ad _build/app_error.o
 .debug_info    0x0000000000003c7b      0x4be _build/app_fifo.o
 .debug_info    0x0000000000004139     0x1a5f _build/app_timer.o
 .debug_info    0x0000000000005b98      0x50f _build/nrf_log.o
 .debug_info    0x00000000000060a7      0xa35 _build/app_uart_fifo.o
 .debug_info    0x0000000000006adc      0x401 _build/nrf_drv_common.o
 .debug_info    0x0000000000006edd     0x1e5c _build/nrf_drv_gpiote.o
 .debug_info    0x0000000000008d39     0x2440 _build/nrf_drv_uart.o
 .debug_info    0x000000000000b179     0x3264 _build/pstorage.o
 .debug_info    0x000000000000e3dd      0xf75 _build/bsp.o
 .debug_info    0x000000000000f352     0x161f _build/bsp_btn_ble.o
 .debug_info    0x0000000000010971     0x379c _build/main.o
 .debug_info    0x000000000001410d     0x1510 _build/ble_advdata.o
 .debug_info    0x000000000001561d     0x2207 _build/ble_advertising.o
 .debug_info    0x0000000000017824     0x1b73 _build/ble_conn_params.o
 .debug_info    0x0000000000019397     0x1d33 _build/ble_nus.o
 .debug_info    0x000000000001b0ca      0x1be _build/system_nrf51.o
 .debug_info    0x000000000001b288     0x20eb _build/softdevice_handler.o

.debug_abbrev   0x0000000000000000     0x40b7
 .debug_abbrev  0x0000000000000000      0x1c7 _build/RTT_Syscalls_GCC.o
 .debug_abbrev  0x00000000000001c7      0x2c4 _build/SEGGER_RTT.o
 .debug_abbrev  0x000000000000048b      0x2a5 _build/SEGGER_RTT_printf.o
 .debug_abbrev  0x0000000000000730      0x1bb _build/app_button.o
 .debug_abbrev  0x00000000000008eb      0x1b1 _build/app_error.o
 .debug_abbrev  0x0000000000000a9c      0x172 _build/app_fifo.o
 .debug_abbrev  0x0000000000000c0e      0x41e _build/app_timer.o
 .debug_abbrev  0x000000000000102c      0x21d _build/nrf_log.o
 .debug_abbrev  0x0000000000001249      0x21c _build/app_uart_fifo.o
 .debug_abbrev  0x0000000000001465      0x164 _build/nrf_drv_common.o
 .debug_abbrev  0x00000000000015c9      0x459 _build/nrf_drv_gpiote.o
 .debug_abbrev  0x0000000000001a22      0x3c7 _build/nrf_drv_uart.o
 .debug_abbrev  0x0000000000001de9      0x419 _build/pstorage.o
 .debug_abbrev  0x0000000000002202      0x3c4 _build/bsp.o
 .debug_abbrev  0x00000000000025c6      0x2e9 _build/bsp_btn_ble.o
 .debug_abbrev  0x00000000000028af      0x41c _build/main.o
 .debug_abbrev  0x0000000000002ccb      0x2b7 _build/ble_advdata.o
 .debug_abbrev  0x0000000000002f82      0x46b _build/ble_advertising.o
 .debug_abbrev  0x00000000000033ed      0x415 _build/ble_conn_params.o
 .debug_abbrev  0x0000000000003802      0x36e _build/ble_nus.o
 .debug_abbrev  0x0000000000003b70       0xfc _build/system_nrf51.o
 .debug_abbrev  0x0000000000003c6c      0x44b _build/softdevice_handler.o

.debug_loc      0x0000000000000000    0x1115e
 .debug_loc     0x0000000000000000      0x102 _build/RTT_Syscalls_GCC.o
 .debug_loc     0x0000000000000102     0x47f4 _build/SEGGER_RTT.o
 .debug_loc     0x00000000000048f6      0xe19 _build/SEGGER_RTT_printf.o
 .debug_loc     0x000000000000570f      0x3e1 _build/app_button.o
 .debug_loc     0x0000000000005af0      0x248 _build/app_error.o
 .debug_loc     0x0000000000005d38      0x410 _build/app_fifo.o
 .debug_loc     0x0000000000006148     0x11e6 _build/app_timer.o
 .debug_loc     0x000000000000732e      0x290 _build/nrf_log.o
 .debug_loc     0x00000000000075be      0x361 _build/app_uart_fifo.o
 .debug_loc     0x000000000000791f       0xa2 _build/nrf_drv_common.o
 .debug_loc     0x00000000000079c1     0x19a2 _build/nrf_drv_gpiote.o
 .debug_loc     0x0000000000009363     0x12b9 _build/nrf_drv_uart.o
 .debug_loc     0x000000000000a61c     0x29dc _build/pstorage.o
 .debug_loc     0x000000000000cff8     0x1506 _build/bsp.o
 .debug_loc     0x000000000000e4fe      0x1f4 _build/bsp_btn_ble.o
 .debug_loc     0x000000000000e6f2      0x7cd _build/main.o
 .debug_loc     0x000000000000eebf      0xfb1 _build/ble_advdata.o
 .debug_loc     0x000000000000fe70      0x624 _build/ble_advertising.o
 .debug_loc     0x0000000000010494      0x356 _build/ble_conn_params.o
 .debug_loc     0x00000000000107ea      0x404 _build/ble_nus.o
 .debug_loc     0x0000000000010bee      0x570 _build/softdevice_handler.o

.debug_aranges  0x0000000000000000      0x880
 .debug_aranges
                0x0000000000000000       0x28 _build/RTT_Syscalls_GCC.o
 .debug_aranges
                0x0000000000000028       0xa0 _build/SEGGER_RTT.o
 .debug_aranges
                0x00000000000000c8       0x30 _build/SEGGER_RTT_printf.o
 .debug_aranges
                0x00000000000000f8       0x48 _build/app_button.o
 .debug_aranges
                0x0000000000000140       0x38 _build/app_error.o
 .debug_aranges
                0x0000000000000178       0x48 _build/app_fifo.o
 .debug_aranges
                0x00000000000001c0       0x68 _build/app_timer.o
 .debug_aranges
                0x0000000000000228       0x60 _build/nrf_log.o
 .debug_aranges
                0x0000000000000288       0x48 _build/app_uart_fifo.o
 .debug_aranges
                0x00000000000002d0       0x20 _build/nrf_drv_common.o
 .debug_aranges
                0x00000000000002f0       0xb8 _build/nrf_drv_gpiote.o
 .debug_aranges
                0x00000000000003a8       0x68 _build/nrf_drv_uart.o
 .debug_aranges
                0x0000000000000410       0xe0 _build/pstorage.o
 .debug_aranges
                0x00000000000004f0       0x80 _build/bsp.o
 .debug_aranges
                0x0000000000000570       0x30 _build/bsp_btn_ble.o
 .debug_aranges
                0x00000000000005a0       0x98 _build/main.o
 .debug_aranges
                0x0000000000000638       0x58 _build/ble_advdata.o
 .debug_aranges
                0x0000000000000690       0x68 _build/ble_advertising.o
 .debug_aranges
                0x00000000000006f8       0x68 _build/ble_conn_params.o
 .debug_aranges
                0x0000000000000760       0x50 _build/ble_nus.o
 .debug_aranges
                0x00000000000007b0       0x28 _build/system_nrf51.o
 .debug_aranges
                0x00000000000007d8       0xa8 _build/softdevice_handler.o

.debug_ranges   0x0000000000000000     0x2f60
 .debug_ranges  0x0000000000000000       0x18 _build/RTT_Syscalls_GCC.o
 .debug_ranges  0x0000000000000018      0x510 _build/SEGGER_RTT.o
 .debug_ranges  0x0000000000000528      0x1b8 _build/SEGGER_RTT_printf.o
 .debug_ranges  0x00000000000006e0       0x98 _build/app_button.o
 .debug_ranges  0x0000000000000778       0x40 _build/app_error.o
 .debug_ranges  0x00000000000007b8       0xb0 _build/app_fifo.o
 .debug_ranges  0x0000000000000868      0x670 _build/app_timer.o
 .debug_ranges  0x0000000000000ed8       0x50 _build/nrf_log.o
 .debug_ranges  0x0000000000000f28       0x88 _build/app_uart_fifo.o
 .debug_ranges  0x0000000000000fb0       0x28 _build/nrf_drv_common.o
 .debug_ranges  0x0000000000000fd8      0x838 _build/nrf_drv_gpiote.o
 .debug_ranges  0x0000000000001810      0x490 _build/nrf_drv_uart.o
 .debug_ranges  0x0000000000001ca0      0x9d0 _build/pstorage.o
 .debug_ranges  0x0000000000002670      0x148 _build/bsp.o
 .debug_ranges  0x00000000000027b8       0x88 _build/bsp_btn_ble.o
 .debug_ranges  0x0000000000002840      0x1d8 _build/main.o
 .debug_ranges  0x0000000000002a18      0x148 _build/ble_advdata.o
 .debug_ranges  0x0000000000002b60      0x118 _build/ble_advertising.o
 .debug_ranges  0x0000000000002c78       0xb8 _build/ble_conn_params.o
 .debug_ranges  0x0000000000002d30       0x58 _build/ble_nus.o
 .debug_ranges  0x0000000000002d88       0x50 _build/system_nrf51.o
 .debug_ranges  0x0000000000002dd8      0x188 _build/softdevice_handler.o

.debug_macro    0x0000000000000000     0xfa17
 .debug_macro   0x0000000000000000       0xfa _build/RTT_Syscalls_GCC.o
 .debug_macro   0x00000000000000fa      0x850 _build/RTT_Syscalls_GCC.o
 .debug_macro   0x000000000000094a       0x58 _build/RTT_Syscalls_GCC.o
 .debug_macro   0x00000000000009a2       0x22 _build/RTT_Syscalls_GCC.o
 .debug_macro   0x00000000000009c4       0x35 _build/RTT_Syscalls_GCC.o
 .debug_macro   0x00000000000009f9       0x9c _build/RTT_Syscalls_GCC.o
 .debug_macro   0x0000000000000a95       0x16 _build/RTT_Syscalls_GCC.o
 .debug_macro   0x0000000000000aab      0x10e _build/RTT_Syscalls_GCC.o
 .debug_macro   0x0000000000000bb9       0x86 _build/RTT_Syscalls_GCC.o
 .debug_macro   0x0000000000000c3f       0x4a _build/RTT_Syscalls_GCC.o
 .debug_macro   0x0000000000000c89       0x52 _build/RTT_Syscalls_GCC.o
 .debug_macro   0x0000000000000cdb       0x16 _build/RTT_Syscalls_GCC.o
 .debug_macro   0x0000000000000cf1       0x43 _build/RTT_Syscalls_GCC.o
 .debug_macro   0x0000000000000d34      0x187 _build/RTT_Syscalls_GCC.o
 .debug_macro   0x0000000000000ebb      0x34c _build/RTT_Syscalls_GCC.o
 .debug_macro   0x0000000000001207       0x16 _build/RTT_Syscalls_GCC.o
 .debug_macro   0x000000000000121d       0x29 _build/RTT_Syscalls_GCC.o
 .debug_macro   0x0000000000001246       0x3a _build/RTT_Syscalls_GCC.o
 .debug_macro   0x0000000000001280      0x114 _build/RTT_Syscalls_GCC.o
 .debug_macro   0x0000000000001394      0x102 _build/SEGGER_RTT.o
 .debug_macro   0x0000000000001496      0x16d _build/SEGGER_RTT.o
 .debug_macro   0x0000000000001603       0x10 _build/SEGGER_RTT.o
 .debug_macro   0x0000000000001613       0x35 _build/SEGGER_RTT.o
 .debug_macro   0x0000000000001648      0x11b _build/SEGGER_RTT_printf.o
 .debug_macro   0x0000000000001763       0x58 _build/SEGGER_RTT_printf.o
 .debug_macro   0x00000000000017bb      0x2c9 _build/app_button.o
 .debug_macro   0x0000000000001a84       0x44 _build/app_button.o
 .debug_macro   0x0000000000001ac8       0xfd _build/app_button.o
 .debug_macro   0x0000000000001bc5       0x22 _build/app_button.o
 .debug_macro   0x0000000000001be7      0x1df _build/app_button.o
 .debug_macro   0x0000000000001dc6       0x22 _build/app_button.o
 .debug_macro   0x0000000000001de8       0x1c _build/app_button.o
 .debug_macro   0x0000000000001e04       0x22 _build/app_button.o
 .debug_macro   0x0000000000001e26       0x3a _build/app_button.o
 .debug_macro   0x0000000000001e60       0x1f _build/app_button.o
 .debug_macro   0x0000000000001e7f      0x242 _build/app_button.o
 .debug_macro   0x00000000000020c1      0x1d2 _build/app_button.o
 .debug_macro   0x0000000000002293     0x745a _build/app_button.o
 .debug_macro   0x00000000000096ed      0x976 _build/app_button.o
 .debug_macro   0x000000000000a063       0x1c _build/app_button.o
 .debug_macro   0x000000000000a07f       0x16 _build/app_button.o
 .debug_macro   0x000000000000a095       0x97 _build/app_button.o
 .debug_macro   0x000000000000a12c       0xf6 _build/app_button.o
 .debug_macro   0x000000000000a222       0x10 _build/app_button.o
 .debug_macro   0x000000000000a232       0x10 _build/app_button.o
 .debug_macro   0x000000000000a242       0x22 _build/app_button.o
 .debug_macro   0x000000000000a264       0x3a _build/app_button.o
 .debug_macro   0x000000000000a29e       0x10 _build/app_button.o
 .debug_macro   0x000000000000a2ae       0x40 _build/app_button.o
 .debug_macro   0x000000000000a2ee       0x65 _build/app_button.o
 .debug_macro   0x000000000000a353       0x16 _build/app_button.o
 .debug_macro   0x000000000000a369      0x197 _build/app_button.o
 .debug_macro   0x000000000000a500       0x8e _build/app_button.o
 .debug_macro   0x000000000000a58e       0x70 _build/app_button.o
 .debug_macro   0x000000000000a5fe      0x118 _build/app_button.o
 .debug_macro   0x000000000000a716       0x2b _build/app_button.o
 .debug_macro   0x000000000000a741       0x10 _build/app_button.o
 .debug_macro   0x000000000000a751       0x1c _build/app_button.o
 .debug_macro   0x000000000000a76d       0x45 _build/app_button.o
 .debug_macro   0x000000000000a7b2       0x41 _build/app_button.o
 .debug_macro   0x000000000000a7f3       0x11 _build/app_button.o
 .debug_macro   0x000000000000a804      0x167 _build/app_button.o
 .debug_macro   0x000000000000a96b       0x2e _build/app_button.o
 .debug_macro   0x000000000000a999       0x16 _build/app_button.o
 .debug_macro   0x000000000000a9af       0x22 _build/app_button.o
 .debug_macro   0x000000000000a9d1       0x1c _build/app_button.o
 .debug_macro   0x000000000000a9ed      0x27d _build/app_error.o
 .debug_macro   0x000000000000ac6a       0x52 _build/app_error.o
 .debug_macro   0x000000000000acbc       0x91 _build/app_error.o
 .debug_macro   0x000000000000ad4d      0x26a _build/app_error.o
 .debug_macro   0x000000000000afb7       0x22 _build/app_error.o
 .debug_macro   0x000000000000afd9       0x5e _build/app_error.o
 .debug_macro   0x000000000000b037      0x1ee _build/app_fifo.o
 .debug_macro   0x000000000000b225       0x28 _build/app_fifo.o
 .debug_macro   0x000000000000b24d      0x332 _build/app_timer.o
 .debug_macro   0x000000000000b57f       0x10 _build/app_timer.o
 .debug_macro   0x000000000000b58f       0x40 _build/app_timer.o
 .debug_macro   0x000000000000b5cf       0x64 _build/app_timer.o
 .debug_macro   0x000000000000b633       0x22 _build/app_timer.o
 .debug_macro   0x000000000000b655       0x16 _build/app_timer.o
 .debug_macro   0x000000000000b66b      0x23d _build/nrf_log.o
 .debug_macro   0x000000000000b8a8       0x1c _build/nrf_log.o
 .debug_macro   0x000000000000b8c4      0x31c _build/app_uart_fifo.o
 .debug_macro   0x000000000000bbe0       0x17 _build/app_uart_fifo.o
 .debug_macro   0x000000000000bbf7       0x10 _build/app_uart_fifo.o
 .debug_macro   0x000000000000bc07       0x4b _build/app_uart_fifo.o
 .debug_macro   0x000000000000bc52      0x288 _build/nrf_drv_common.o
 .debug_macro   0x000000000000beda      0x2d2 _build/nrf_drv_gpiote.o
 .debug_macro   0x000000000000c1ac       0x10 _build/nrf_drv_gpiote.o
 .debug_macro   0x000000000000c1bc      0x2cd _build/nrf_drv_uart.o
 .debug_macro   0x000000000000c489      0x329 _build/pstorage.o
 .debug_macro   0x000000000000c7b2       0x40 _build/pstorage.o
 .debug_macro   0x000000000000c7f2       0x1c _build/pstorage.o
 .debug_macro   0x000000000000c80e       0x76 _build/pstorage.o
 .debug_macro   0x000000000000c884      0x2de _build/bsp.o
 .debug_macro   0x000000000000cb62      0x320 _build/bsp_btn_ble.o
 .debug_macro   0x000000000000ce82       0xd6 _build/bsp_btn_ble.o
 .debug_macro   0x000000000000cf58      0x1f7 _build/bsp_btn_ble.o
 .debug_macro   0x000000000000d14f      0x399 _build/bsp_btn_ble.o
 .debug_macro   0x000000000000d4e8       0x3a _build/bsp_btn_ble.o
 .debug_macro   0x000000000000d522       0x22 _build/bsp_btn_ble.o
 .debug_macro   0x000000000000d544      0x1fe _build/bsp_btn_ble.o
 .debug_macro   0x000000000000d742       0x1c _build/bsp_btn_ble.o
 .debug_macro   0x000000000000d75e       0xdb _build/bsp_btn_ble.o
 .debug_macro   0x000000000000d839       0x22 _build/bsp_btn_ble.o
 .debug_macro   0x000000000000d85b      0x491 _build/main.o
 .debug_macro   0x000000000000dcec       0xa6 _build/main.o
 .debug_macro   0x000000000000dd92       0xb8 _build/main.o
 .debug_macro   0x000000000000de4a       0x40 _build/main.o
 .debug_macro   0x000000000000de8a      0x274 _build/main.o
 .debug_macro   0x000000000000e0fe       0x46 _build/main.o
 .debug_macro   0x000000000000e144       0x1c _build/main.o
 .debug_macro   0x000000000000e160       0x4c _build/main.o
 .debug_macro   0x000000000000e1ac       0x16 _build/main.o
 .debug_macro   0x000000000000e1c2       0x10 _build/main.o
 .debug_macro   0x000000000000e1d2      0x1f6 _build/main.o
 .debug_macro   0x000000000000e3c8       0x22 _build/main.o
 .debug_macro   0x000000000000e3ea       0x47 _build/main.o
 .debug_macro   0x000000000000e431       0x10 _build/main.o
 .debug_macro   0x000000000000e441      0x260 _build/ble_advdata.o
 .debug_macro   0x000000000000e6a1      0x335 _build/ble_advertising.o
 .debug_macro   0x000000000000e9d6       0x46 _build/ble_advertising.o
 .debug_macro   0x000000000000ea1c      0x306 _build/ble_conn_params.o
 .debug_macro   0x000000000000ed22      0x278 _build/ble_nus.o
 .debug_macro   0x000000000000ef9a      0x1f1 _build/ble_nus.o
 .debug_macro   0x000000000000f18b       0xc6 _build/system_nrf51.o
 .debug_macro   0x000000000000f251      0x3d7 _build/softdevice_handler.o
 .debug_macro   0x000000000000f628      0x39f _build/softdevice_handler.o
 .debug_macro   0x000000000000f9c7       0x40 _build/softdevice_handler.o
 .debug_macro   0x000000000000fa07       0x10 _build/softdevice_handler.o

.debug_line     0x0000000000000000     0xb605
 .debug_line    0x0000000000000000      0x29a _build/RTT_Syscalls_GCC.o
 .debug_line    0x000000000000029a      0xafb _build/SEGGER_RTT.o
 .debug_line    0x0000000000000d95      0x4d7 _build/SEGGER_RTT_printf.o
 .debug_line    0x000000000000126c      0x7a1 _build/app_button.o
 .debug_line    0x0000000000001a0d      0x604 _build/app_error.o
 .debug_line    0x0000000000002011      0x5bc _build/app_fifo.o
 .debug_line    0x00000000000025cd      0xae0 _build/app_timer.o
 .debug_line    0x00000000000030ad      0x5ec _build/nrf_log.o
 .debug_line    0x0000000000003699      0x7e6 _build/app_uart_fifo.o
 .debug_line    0x0000000000003e7f      0x60f _build/nrf_drv_common.o
 .debug_line    0x000000000000448e      0xdf5 _build/nrf_drv_gpiote.o
 .debug_line    0x0000000000005283      0xbbf _build/nrf_drv_uart.o
 .debug_line    0x0000000000005e42     0x109b _build/pstorage.o
 .debug_line    0x0000000000006edd      0x9ac _build/bsp.o
 .debug_line    0x0000000000007889      0x67d _build/bsp_btn_ble.o
 .debug_line    0x0000000000007f06      0xb2e _build/main.o
 .debug_line    0x0000000000008a34      0x7ad _build/ble_advdata.o
 .debug_line    0x00000000000091e1      0x9b4 _build/ble_advertising.o
 .debug_line    0x0000000000009b95      0x746 _build/ble_conn_params.o
 .debug_line    0x000000000000a2db      0x69e _build/ble_nus.o
 .debug_line    0x000000000000a979      0x315 _build/system_nrf51.o
 .debug_line    0x000000000000ac8e      0x977 _build/softdevice_handler.o

.debug_str      0x0000000000000000    0x47b07
 .debug_str     0x0000000000000000     0x5b26 _build/RTT_Syscalls_GCC.o
                                       0x5c8d (size before relaxing)
 .debug_str     0x0000000000005b26      0x439 _build/SEGGER_RTT.o
                                       0x5bf9 (size before relaxing)
 .debug_str     0x0000000000005f5f      0x304 _build/SEGGER_RTT_printf.o
                                       0x5c0a (size before relaxing)
 .debug_str     0x0000000000006263    0x2f8ad _build/app_button.o
                                      0x34b0d (size before relaxing)
 .debug_str     0x0000000000035b10     0x181a _build/app_error.o
                                      0x3509a (size before relaxing)
 .debug_str     0x000000000003732a      0x15c _build/app_fifo.o
                                      0x32838 (size before relaxing)
 .debug_str     0x0000000000037486     0x15a6 _build/app_timer.o
                                      0x353bb (size before relaxing)
 .debug_str     0x0000000000038a2c      0x133 _build/nrf_log.o
                                      0x33c25 (size before relaxing)
 .debug_str     0x0000000000038b5f      0xa19 _build/app_uart_fifo.o
                                      0x353d3 (size before relaxing)
 .debug_str     0x0000000000039578       0x98 _build/nrf_drv_common.o
                                      0x345f6 (size before relaxing)
 .debug_str     0x0000000000039610      0xc14 _build/nrf_drv_gpiote.o
                                      0x358a5 (size before relaxing)
 .debug_str     0x000000000003a224      0x7a6 _build/nrf_drv_uart.o
                                      0x35650 (size before relaxing)
 .debug_str     0x000000000003a9ca     0x188b _build/pstorage.o
                                      0x357c6 (size before relaxing)
 .debug_str     0x000000000003c255      0x6fc _build/bsp.o
                                      0x35580 (size before relaxing)
 .debug_str     0x000000000003c951     0x4a6f _build/bsp_btn_ble.o
                                      0x39329 (size before relaxing)
 .debug_str     0x00000000000413c0     0x52b7 _build/main.o
                                      0x3fd23 (size before relaxing)
 .debug_str     0x0000000000046677      0x484 _build/ble_advdata.o
                                      0x38192 (size before relaxing)
 .debug_str     0x0000000000046afb      0x3fd _build/ble_advertising.o
                                      0x3a16b (size before relaxing)
 .debug_str     0x0000000000046ef8      0x205 _build/ble_conn_params.o
                                      0x39efd (size before relaxing)
 .debug_str     0x00000000000470fd      0x3ab _build/ble_nus.o
                                      0x38677 (size before relaxing)
 .debug_str     0x00000000000474a8      0x113 _build/system_nrf51.o
                                      0x2ed4d (size before relaxing)
 .debug_str     0x00000000000475bb      0x54c _build/softdevice_handler.o
                                      0x3bf42 (size before relaxing)

.stab           0x0000000000000000       0x84