<html>
<body>
<pre>
<h1>µVision Build Log</h1>
<h2>Project:</h2>
C:\Keil_v5\ARM\Device\SDK8.0.0\examples\ble_peripheralpemy\ble_app_uart_static_passkey\pca10028\arm5_no_packs\ble_app_uart_s110_pca10028.uvprojx
Project File Date:  03/06/2015

<h2>Output:</h2>
Build target 'nrf51422_xxac_s110'
linking...
Program Size: Code=11600 RO-data=1200 RW-data=220 ZI-data=3916  
FromELF: creating hex file...
".\_build\nrf51422_xxac_s110.axf" - 0 Error(s), 0 Warning(s).

<h2>Software Packages used:</h2>

Package Vendor: ARM
                http://www.keil.com/pack/ARM.CMSIS.4.1.1.pack
                ARM::CMSIS:CORE:3.30.0
                CMSIS (Cortex Microcontroller Software Interface Standard)
   * Component: CORE Version: 3.30.0

Package Vendor: NordicSemiconductor
                http://www.keil.com/pack/NordicSemiconductor.nRF_DeviceFamilyPack.1.1.1.pack
                NordicSemiconductor::Device:Startup:1.0.0
                Nordic Semiconductor nRF ARM devices Device Family Pack.
   * Component: Startup Version: 1.0.0

<h2>Collection of Component include folders:</h2>
  C:\Keil_v5\ARM\Device\SDK8.0.0\examples\ble_peripheralpemy\ble_app_uart_static_passkey\pca10028\arm5_no_packs\RTE
  C:\Keil_v5\ARM\PACK\ARM\CMSIS\4.1.1\CMSIS\Include
  C:\Keil_v5\ARM\PACK\NordicSemiconductor\nRF_DeviceFamilyPack\1.1.1\Device\Include

<h2>Collection of Component Files used:</h2>

   * Component: ARM::CMSIS:CORE:3.30.0
      Source file:   CMSIS\UserCodeTemplates\ARM\ITM_Retarget.c

   * Component: NordicSemiconductor::Device:Startup:1.0.0
      Source file:   Device\Source\arm\arm_startup_nrf51.s
      Source file:   Device\Source\system_nrf51.c
      Include file:  Device\Include\system_nrf51.h
Load "C:\\Keil_v5\\ARM\\Device\\SDK8.0.0\\examples\\ble_peripheralpemy\\ble_app_uart_static_passkey\\pca10028\\arm5_no_packs\\_build\\nrf51422_xxac_s110.axf" 
Set JLink Project File to "C:\Keil_v5\ARM\Device\SDK8.0.0\examples\ble_peripheralpemy\ble_app_uart_static_passkey\pca10028\arm5_no_packs\JLinkSettings.ini"
* JLink Info: Device "NRF51422_XXAC" selected (257 KB flash, 32 KB RAM).
 
JLink info:
------------
DLL: V4.92 , compiled Sep 30 2014 09:33:42
Firmware: J-Link OB-SAM3U128-V2-NordicSemi compiled Nov 28 2014 10:32:04
Hardware: V1.00
S/N : 681227802 
 
* JLink Info: Found SWD-DP with ID 0x0BB11477
* JLink Info: Found Cortex-M0 r0p0, Little endian.
* JLink Info: FPUnit: 4 code (BP) slots and 0 literal slots
ROMTableAddr = 0xE00FF003
 
Target info:
------------
Device: nRF51422_xxAC
VTarget = 3.300V
State of Pins: 
TCK: 0, TDI: 1, TDO: 1, TMS: 1, TRES: 1, TRST: 1
Hardware-Breakpoints: 4
Software-Breakpoints: 8192
Watchpoints:          2
JTAG speed: 1000 kHz
 
Full Chip Erase Done.
Programming Done.
Verify OK.
Application running ...
</pre>
</body>
</html>
