Archive member included because of file (symbol)

/opt/gcc-arm-none-eabi-4_9-2015q3/bin/../lib/gcc/arm-none-eabi/4.9.3/../../../../arm-none-eabi/lib/armv6-m/libc_nano.a(lib_a-exit.o)
                              /opt/gcc-arm-none-eabi-4_9-2015q3/bin/../lib/gcc/arm-none-eabi/4.9.3/../../../../arm-none-eabi/lib/armv6-m/crt0.o (exit)
/opt/gcc-arm-none-eabi-4_9-2015q3/bin/../lib/gcc/arm-none-eabi/4.9.3/../../../../arm-none-eabi/lib/armv6-m/libc_nano.a(lib_a-impure.o)
                              /opt/gcc-arm-none-eabi-4_9-2015q3/bin/../lib/gcc/arm-none-eabi/4.9.3/../../../../arm-none-eabi/lib/armv6-m/libc_nano.a(lib_a-exit.o) (_global_impure_ptr)
/opt/gcc-arm-none-eabi-4_9-2015q3/bin/../lib/gcc/arm-none-eabi/4.9.3/../../../../arm-none-eabi/lib/armv6-m/libc_nano.a(lib_a-init.o)
                              /opt/gcc-arm-none-eabi-4_9-2015q3/bin/../lib/gcc/arm-none-eabi/4.9.3/../../../../arm-none-eabi/lib/armv6-m/crt0.o (__libc_init_array)
/opt/gcc-arm-none-eabi-4_9-2015q3/bin/../lib/gcc/arm-none-eabi/4.9.3/../../../../arm-none-eabi/lib/armv6-m/libc_nano.a(lib_a-memset.o)
                              /opt/gcc-arm-none-eabi-4_9-2015q3/bin/../lib/gcc/arm-none-eabi/4.9.3/../../../../arm-none-eabi/lib/armv6-m/crt0.o (memset)
/opt/gcc-arm-none-eabi-4_9-2015q3/bin/../lib/gcc/arm-none-eabi/4.9.3/../../../../arm-none-eabi/lib/armv6-m/libnosys.a(_exit.o)
                              /opt/gcc-arm-none-eabi-4_9-2015q3/bin/../lib/gcc/arm-none-eabi/4.9.3/../../../../arm-none-eabi/lib/armv6-m/libc_nano.a(lib_a-exit.o) (_exit)
/opt/gcc-arm-none-eabi-4_9-2015q3/bin/../lib/gcc/arm-none-eabi/4.9.3/armv6-m/libgcc.a(_udivsi3.o)
                              _build/SEGGER_RTT_printf.o (__aeabi_uidiv)
/opt/gcc-arm-none-eabi-4_9-2015q3/bin/../lib/gcc/arm-none-eabi/4.9.3/armv6-m/libgcc.a(_divsi3.o)
                              _build/SEGGER_RTT_printf.o (__aeabi_idiv)
/opt/gcc-arm-none-eabi-4_9-2015q3/bin/../lib/gcc/arm-none-eabi/4.9.3/armv6-m/libgcc.a(_dvmd_tls.o)
                              /opt/gcc-arm-none-eabi-4_9-2015q3/bin/../lib/gcc/arm-none-eabi/4.9.3/armv6-m/libgcc.a(_udivsi3.o) (__aeabi_idiv0)
/opt/gcc-arm-none-eabi-4_9-2015q3/bin/../lib/gcc/arm-none-eabi/4.9.3/../../../../arm-none-eabi/lib/armv6-m/libc_nano.a(lib_a-memcmp.o)
                              _build/id_manager.o (memcmp)
/opt/gcc-arm-none-eabi-4_9-2015q3/bin/../lib/gcc/arm-none-eabi/4.9.3/../../../../arm-none-eabi/lib/armv6-m/libc_nano.a(lib_a-memcpy.o)
                              _build/PMD_Ble.o (memcpy)
/opt/gcc-arm-none-eabi-4_9-2015q3/bin/../lib/gcc/arm-none-eabi/4.9.3/../../../../arm-none-eabi/lib/armv6-m/libc_nano.a(lib_a-strcpy.o)
                              _build/SEGGER_RTT.o (strcpy)
/opt/gcc-arm-none-eabi-4_9-2015q3/bin/../lib/gcc/arm-none-eabi/4.9.3/../../../../arm-none-eabi/lib/armv6-m/libc_nano.a(lib_a-strlen.o)
                              _build/PMD_Ble.o (strlen)

Allocating common symbols
Common symbol       size              file

nrf_nvic_state      0x8               _build/softdevice_handler.o
_SEGGER_RTT         0x78              _build/SEGGER_RTT.o

Discarded input sections

 .text          0x00000000        0x0 /opt/gcc-arm-none-eabi-4_9-2015q3/bin/../lib/gcc/arm-none-eabi/4.9.3/armv6-m/crti.o
 .data          0x00000000        0x0 /opt/gcc-arm-none-eabi-4_9-2015q3/bin/../lib/gcc/arm-none-eabi/4.9.3/armv6-m/crti.o
 .bss           0x00000000        0x0 /opt/gcc-arm-none-eabi-4_9-2015q3/bin/../lib/gcc/arm-none-eabi/4.9.3/armv6-m/crti.o
 .data          0x00000000        0x4 /opt/gcc-arm-none-eabi-4_9-2015q3/bin/../lib/gcc/arm-none-eabi/4.9.3/armv6-m/crtbegin.o
 .data          0x00000000        0x0 /opt/gcc-arm-none-eabi-4_9-2015q3/bin/../lib/gcc/arm-none-eabi/4.9.3/../../../../arm-none-eabi/lib/armv6-m/crt0.o
 .bss           0x00000000        0x0 /opt/gcc-arm-none-eabi-4_9-2015q3/bin/../lib/gcc/arm-none-eabi/4.9.3/../../../../arm-none-eabi/lib/armv6-m/crt0.o
 .ARM.extab     0x00000000        0x0 /opt/gcc-arm-none-eabi-4_9-2015q3/bin/../lib/gcc/arm-none-eabi/4.9.3/../../../../arm-none-eabi/lib/armv6-m/crt0.o
 .text          0x00000000        0x0 /opt/gcc-arm-none-eabi-4_9-2015q3/bin/../lib/gcc/arm-none-eabi/4.9.3/../../../../arm-none-eabi/lib/armv6-m/libc_nano.a(lib_a-exit.o)
 .data          0x00000000        0x0 /opt/gcc-arm-none-eabi-4_9-2015q3/bin/../lib/gcc/arm-none-eabi/4.9.3/../../../../arm-none-eabi/lib/armv6-m/libc_nano.a(lib_a-exit.o)
 .bss           0x00000000        0x0 /opt/gcc-arm-none-eabi-4_9-2015q3/bin/../lib/gcc/arm-none-eabi/4.9.3/../../../../arm-none-eabi/lib/armv6-m/libc_nano.a(lib_a-exit.o)
 .text          0x00000000        0x0 /opt/gcc-arm-none-eabi-4_9-2015q3/bin/../lib/gcc/arm-none-eabi/4.9.3/../../../../arm-none-eabi/lib/armv6-m/libc_nano.a(lib_a-impure.o)
 .data          0x00000000        0x0 /opt/gcc-arm-none-eabi-4_9-2015q3/bin/../lib/gcc/arm-none-eabi/4.9.3/../../../../arm-none-eabi/lib/armv6-m/libc_nano.a(lib_a-impure.o)
[...]
Memory Configuration

Name             Origin             Length             Attributes
FLASH            0x0001b000         0x00025000         xr
RAM              0x20002080         0x00005f80         xrw
*default*        0x00000000         0xffffffff

Linker script and memory map


.text           0x0001b000     0xd9ec
 *(.isr_vector)
 .isr_vector    0x0001b000       0xc0 _build/gcc_startup_nrf51.o
                0x0001b000                __isr_vector
 *(.text*)
 .text          0x0001b0c0       0x60 /opt/gcc-arm-none-eabi-4_9-2015q3/bin/../lib/gcc/arm-none-eabi/4.9.3/armv6-m/crtbegin.o
 .text          0x0001b120       0x78 /opt/gcc-arm-none-eabi-4_9-2015q3/bin/../lib/gcc/arm-none-eabi/4.9.3/../../../../arm-none-eabi/lib/armv6-m/crt0.o
                0x0001b120                _mainCRTStartup
                0x0001b120                _start
 .text.exit     0x0001b198       0x2c /opt/gcc-arm-none-eabi-4_9-2015q3/bin/../lib/gcc/arm-none-eabi/4.9.3/../../../../arm-none-eabi/lib/armv6-m/libc_nano.a(lib_a-exit.o)
                0x0001b198                exit
 .text.__libc_init_array
                0x0001b1c4       0x4c /opt/gcc-arm-none-eabi-4_9-2015q3/bin/../lib/gcc/arm-none-eabi/4.9.3/../../../../arm-none-eabi/lib/armv6-m/libc_nano.a(lib_a-init.o)
                0x0001b1c4                __libc_init_array
 .text.memset   0x0001b210       0x10 /opt/gcc-arm-none-eabi-4_9-2015q3/bin/../lib/gcc/arm-none-eabi/4.9.3/../../../../arm-none-eabi/lib/armv6-m/libc_nano.a(lib_a-memset.o)
                0x0001b210                memset
 .text._exit    0x0001b220        0x4 /opt/gcc-arm-none-eabi-4_9-2015q3/bin/../lib/gcc/arm-none-eabi/4.9.3/../../../../arm-none-eabi/lib/armv6-m/libnosys.a(_exit.o)
                0x0001b220                _exit
 .text.startup.main
                0x0001b224       0xc4 _build/main.o
                0x0001b224                main
 .text.pmd_spi_event_handler
                0x0001b2e8      0x134 _build/PMD_Spi.o
                0x0001b2e8                pmd_spi_event_handler
 .text.pmd_spi_init
                0x0001b41c       0x9c _build/PMD_Spi.o
                0x0001b41c                pmd_spi_init
 .text.pmd_spi_transceiver
                0x0001b4b8      0x144 _build/PMD_Spi.o
                0x0001b4b8                pmd_spi_transceiver
 .text.sd_ble_gap_disconnect
                0x0001b5fc        0x4 _build/PMD_Ble.o
 .text.sd_ble_gap_ppcp_set
                0x0001b600        0x4 _build/PMD_Ble.o
 .text.sd_ble_gap_device_name_set
                0x0001b604        0x4 _build/PMD_Ble.o
 .text.sd_ble_gatts_rw_authorize_reply
                0x0001b608        0x4 _build/PMD_Ble.o
 .text.sd_ble_user_mem_reply
                0x0001b60c        0x4 _build/PMD_Ble.o
 .text.sd_power_system_off
                0x0001b610        0x4 _build/PMD_Ble.o
 .text.sd_app_evt_wait
                0x0001b614        0x4 _build/PMD_Ble.o
 .text.conn_params_error_handler
                0x0001b618        0x8 _build/PMD_Ble.o
 .text.sec_req_timeout_handler
                0x0001b620       0x2c _build/PMD_Ble.o
 .text.nus_data_handler
                0x0001b64c       0x28 _build/PMD_Ble.o
 .text.sys_evt_dispatch
                0x0001b674       0x10 _build/PMD_Ble.o
 .text.ble_evt_dispatch
                0x0001b684      0x14c _build/PMD_Ble.o
 .text.pm_evt_handler
                0x0001b7d0      0x134 _build/PMD_Ble.o
 .text.on_conn_params_evt
                0x0001b904       0x24 _build/PMD_Ble.o
 .text.bsp_event_handler
                0x0001b928       0x74 _build/PMD_Ble.o
 .text.timers_init
                0x0001b99c       0x38 _build/PMD_Ble.o
                0x0001b99c                timers_init
 .text.gap_params_init
                0x0001b9d4       0x68 _build/PMD_Ble.o
                0x0001b9d4                gap_params_init
 .text.services_init
                0x0001ba3c       0x30 _build/PMD_Ble.o
                0x0001ba3c                services_init
 .text.conn_params_init
                0x0001ba6c       0x4c _build/PMD_Ble.o
                0x0001ba6c                conn_params_init
 .text.ble_stack_init
                0x0001bab8       0x90 _build/PMD_Ble.o
                0x0001bab8                ble_stack_init
 .text.peer_manager_init
                0x0001bb48       0x84 _build/PMD_Ble.o
                0x0001bb48                peer_manager_init
 .text.buttons_leds_init
                0x0001bbcc       0x44 _build/PMD_Ble.o
                0x0001bbcc                buttons_leds_init
 .text.power_manage
                0x0001bc10       0x10 _build/PMD_Ble.o
                0x0001bc10                power_manage
 .text.detection_delay_timeout_handler
                0x0001bc20       0xa8 _build/app_button.o
 .text.gpiote_event_handler
                0x0001bcc8       0x5c _build/app_button.o
 .text.app_button_init
                0x0001bd24       0xb4 _build/app_button.o
                0x0001bd24                app_button_init
 .text.app_button_enable
                0x0001bdd8       0x30 _build/app_button.o
                0x0001bdd8                app_button_enable
 .text.app_error_handler_bare
                0x0001be08       0x20 _build/app_error.o
                0x0001be08                app_error_handler_bare
 .text.app_error_fault_handler
                0x0001be28       0x1c _build/app_error_weak.o
                0x0001be28                app_error_fault_handler
 .text.rtc1_stop
                0x0001be44       0x78 _build/app_timer.o
 .text.RTC1_IRQHandler
                0x0001bebc       0xdc _build/app_timer.o
                0x0001bebc                RTC1_IRQHandler
 .text.SWI0_IRQHandler
                0x0001bf98      0x448 _build/app_timer.o
                0x0001bf98                SWI0_IRQHandler
 .text.app_timer_init
                0x0001c3e0       0xe4 _build/app_timer.o
                0x0001c3e0                app_timer_init
 .text.app_timer_create
                0x0001c4c4       0x34 _build/app_timer.o
                0x0001c4c4                app_timer_create
 .text.app_timer_start
                0x0001c4f8       0xf8 _build/app_timer.o
                0x0001c4f8                app_timer_start
 .text.app_timer_stop
                0x0001c5f0       0xc8 _build/app_timer.o
                0x0001c5f0                app_timer_stop
 .text.app_util_critical_region_enter
                0x0001c6b8       0x40 _build/app_util_platform.o
                0x0001c6b8                app_util_critical_region_enter
 .text.app_util_critical_region_exit
                0x0001c6f8       0x2c _build/app_util_platform.o
                0x0001c6f8                app_util_critical_region_exit
 .text.write_space_reserve
                0x0001c724       0x58 _build/fds.o
 .text.record_find_by_desc
                0x0001c77c       0xec _build/fds.o
 .text.queue_process
                0x0001c868      0x8c0 _build/fds.o
 .text.fs_event_handler
                0x0001d128        0xc _build/fds.o
 .text.fds_register
                0x0001d134       0x24 _build/fds.o
                0x0001d134                fds_register
 .text.fds_init
                0x0001d158      0x2c4 _build/fds.o
                0x0001d158                fds_init
 .text.fds_record_open
                0x0001d41c       0x4c _build/fds.o
                0x0001d41c                fds_record_open
 .text.fds_record_close
                0x0001d468       0x48 _build/fds.o
                0x0001d468                fds_record_close
 .text.fds_reserve
                0x0001d4b0       0x70 _build/fds.o
                0x0001d4b0                fds_reserve
 .text.fds_reserve_cancel
                0x0001d520       0x48 _build/fds.o
                0x0001d520                fds_reserve_cancel
 .text.fds_record_write
                0x0001d568      0x234 _build/fds.o
                0x0001d568                fds_record_write
 .text.fds_record_write_reserved
                0x0001d79c      0x1c0 _build/fds.o
                0x0001d79c                fds_record_write_reserved
 .text.fds_record_update
                0x0001d95c      0x1f0 _build/fds.o
                0x0001d95c                fds_record_update
 .text.fds_file_delete
                0x0001db4c       0x6c _build/fds.o
                0x0001db4c                fds_file_delete
 .text.fds_gc   0x0001dbb8       0x68 _build/fds.o
                0x0001dbb8                fds_gc
 .text.fds_record_find
                0x0001dc20       0xf0 _build/fds.o
                0x0001dc20                fds_record_find
 .text.fds_record_find_by_key
                0x0001dd10       0xe4 _build/fds.o
                0x0001dd10                fds_record_find_by_key
 .text.fds_record_find_in_file
                0x0001ddf4       0xe4 _build/fds.o
                0x0001ddf4                fds_record_find_in_file
 .text.fds_descriptor_from_rec_id
                0x0001ded8       0x1c _build/fds.o
                0x0001ded8                fds_descriptor_from_rec_id
 .text.fds_record_id_from_desc
                0x0001def4       0x14 _build/fds.o
                0x0001def4                fds_record_id_from_desc
 .text.sd_flash_write
                0x0001df08        0x4 _build/fstorage.o
 .text.sd_flash_page_erase
                0x0001df0c        0x4 _build/fstorage.o
 .text.unlikely.queue_get_next_free
                0x0001df10       0x3c _build/fstorage.o
 .text.unlikely.queue_start
                0x0001df4c       0xc8 _build/fstorage.o
 .text.fs_init  0x0001e014       0xa4 _build/fstorage.o
                0x0001e014                fs_init
 .text.fs_store
                0x0001e0b8       0x90 _build/fstorage.o
                0x0001e0b8                fs_store
 .text.fs_erase
                0x0001e148       0x88 _build/fstorage.o
                0x0001e148                fs_erase
 .text.fs_queued_op_count_get
                0x0001e1d0       0x18 _build/fstorage.o
                0x0001e1d0                fs_queued_op_count_get
 .text.fs_sys_event_handler
                0x0001e1e8      0x294 _build/fstorage.o
                0x0001e1e8                fs_sys_event_handler
 .text.log_rtt_init
                0x0001e47c       0x58 _build/nrf_log.o
                0x0001e47c                log_rtt_init
 .text.log_rtt_printf
                0x0001e4d4       0x1c _build/nrf_log.o
                0x0001e4d4                log_rtt_printf
 .text.log_rtt_write_string
                0x0001e4f0       0x34 _build/nrf_log.o
                0x0001e4f0                log_rtt_write_string
 .text.log_rtt_write_hex_char
                0x0001e524       0x38 _build/nrf_log.o
                0x0001e524                log_rtt_write_hex_char
 .text.sdk_mapped_flags_first_key_index_get
                0x0001e55c       0x58 _build/sdk_mapped_flags.o
                0x0001e55c                sdk_mapped_flags_first_key_index_get
 .text.sdk_mapped_flags_update_by_key
                0x0001e5b4       0x7c _build/sdk_mapped_flags.o
                0x0001e5b4                sdk_mapped_flags_update_by_key
 .text.sdk_mapped_flags_bulk_update_by_key
                0x0001e630      0x230 _build/sdk_mapped_flags.o
                0x0001e630                sdk_mapped_flags_bulk_update_by_key
 .text.sdk_mapped_flags_get_by_key
                0x0001e860       0x64 _build/sdk_mapped_flags.o
                0x0001e860                sdk_mapped_flags_get_by_key
 .text.sdk_mapped_flags_key_list_get
                0x0001e8c4       0x78 _build/sdk_mapped_flags.o
                0x0001e8c4                sdk_mapped_flags_key_list_get
 .text.SEGGER_RTT_Write
                0x0001e93c      0x204 _build/SEGGER_RTT.o
                0x0001e93c                SEGGER_RTT_Write
 .text.SEGGER_RTT_WriteString
                0x0001eb40      0x208 _build/SEGGER_RTT.o
                0x0001eb40                SEGGER_RTT_WriteString
 .text.SEGGER_RTT_ConfigUpBuffer
                0x0001ed48       0xcc _build/SEGGER_RTT.o
                0x0001ed48                SEGGER_RTT_ConfigUpBuffer
 .text.SEGGER_RTT_ConfigDownBuffer
                0x0001ee14       0xc0 _build/SEGGER_RTT.o
                0x0001ee14                SEGGER_RTT_ConfigDownBuffer
 .text._PrintUnsigned
                0x0001eed4      0x1f8 _build/SEGGER_RTT_printf.o
 .text.SEGGER_RTT_vprintf
                0x0001f0cc      0x4bc _build/SEGGER_RTT_printf.o
                0x0001f0cc                SEGGER_RTT_vprintf
 .text.nrf_delay_ms
                0x0001f588       0x3c _build/nrf_delay.o
                0x0001f588                nrf_delay_ms
 .text.nrf_drv_common_irq_enable
                0x0001f5c4       0x80 _build/nrf_drv_common.o
                0x0001f5c4                nrf_drv_common_irq_enable
 .text.nrf_drv_gpiote_init
                0x0001f644       0x68 _build/nrf_drv_gpiote.o
                0x0001f644                nrf_drv_gpiote_init
 .text.nrf_drv_gpiote_is_init
                0x0001f6ac       0x14 _build/nrf_drv_gpiote.o
                0x0001f6ac                nrf_drv_gpiote_is_init
 .text.nrf_drv_gpiote_in_init
                0x0001f6c0      0x15c _build/nrf_drv_gpiote.o
                0x0001f6c0                nrf_drv_gpiote_in_init
 .text.nrf_drv_gpiote_in_event_enable
                0x0001f81c       0xa8 _build/nrf_drv_gpiote.o
                0x0001f81c                nrf_drv_gpiote_in_event_enable
 .text.nrf_drv_gpiote_in_is_set
                0x0001f8c4       0x14 _build/nrf_drv_gpiote.o
                0x0001f8c4                nrf_drv_gpiote_in_is_set
 .text.GPIOTE_IRQHandler
                0x0001f8d8      0x2a8 _build/nrf_drv_gpiote.o
                0x0001f8d8                GPIOTE_IRQHandler
 .text.UART0_IRQHandler
                0x0001fb80      0x1a8 _build/nrf_drv_uart.o
                0x0001fb80                UART0_IRQHandler
 .text.pstorage_access_status_get
                0x0001fd28       0x28 _build/pstorage.o
                0x0001fd28                pstorage_access_status_get
 .text.alert_timer_handler
                0x0001fd50       0x28 _build/bsp.o
 .text.bsp_button_event_handler
                0x0001fd78       0xcc _build/bsp.o
 .text.leds_timer_handler
                0x0001fe44      0x344 _build/bsp.o
 .text.button_timer_handler
                0x00020188       0x48 _build/bsp.o
 .text.bsp_button_is_pressed
                0x000201d0       0x2c _build/bsp.o
                0x000201d0                bsp_button_is_pressed
 .text.bsp_indication_set
                0x000201fc      0x394 _build/bsp.o
                0x000201fc                bsp_indication_set
 .text.bsp_init
                0x00020590       0xc0 _build/bsp.o
                0x00020590                bsp_init
 .text.bsp_event_to_button_action_assign
                0x00020650       0x58 _build/bsp.o
                0x00020650                bsp_event_to_button_action_assign
 .text.bsp_wakeup_buttons_set
                0x000206a8       0x8c _build/bsp.o
                0x000206a8                bsp_wakeup_buttons_set
 .text.bsp_btn_ble_sleep_mode_prepare
                0x00020734       0x18 _build/bsp_btn_ble.o
                0x00020734                bsp_btn_ble_sleep_mode_prepare
 .text.bsp_btn_ble_on_ble_evt
                0x0002074c       0xbc _build/bsp_btn_ble.o
                0x0002074c                bsp_btn_ble_on_ble_evt
 .text.bsp_btn_ble_init
                0x00020808       0x9c _build/bsp_btn_ble.o
                0x00020808                bsp_btn_ble_init
 .text.sd_ble_gap_address_get
                0x000208a4        0x4 _build/ble_advdata.o
 .text.sd_ble_gap_adv_data_set
                0x000208a8        0x4 _build/ble_advdata.o
 .text.sd_ble_gap_appearance_get
                0x000208ac        0x4 _build/ble_advdata.o
 .text.sd_ble_gap_device_name_get
                0x000208b0        0x4 _build/ble_advdata.o
 .text.sd_ble_uuid_encode
                0x000208b4        0x4 _build/ble_advdata.o
 .text.name_encode
                0x000208b8       0x8c _build/ble_advdata.o
 .text.uuid_list_sized_encode
                0x00020944       0xe8 _build/ble_advdata.o
 .text.adv_data_encode
                0x00020a2c      0x550 _build/ble_advdata.o
                0x00020a2c                adv_data_encode
 .text.ble_advdata_set
                0x00020f7c      0x508 _build/ble_advdata.o
                0x00020f7c                ble_advdata_set
 .text.sd_ble_gap_adv_start
                0x00021484        0x4 _build/ble_advertising.o
 .text.sd_ble_gap_adv_stop
                0x00021488        0x4 _build/ble_advertising.o
 .text.ble_advertising_init
                0x0002148c      0x148 _build/ble_advertising.o
                0x0002148c                ble_advertising_init
 .text.ble_advertising_start
                0x000215d4      0x2c0 _build/ble_advertising.o
                0x000215d4                ble_advertising_start
 .text.ble_advertising_on_ble_evt
                0x00021894       0xb4 _build/ble_advertising.o
                0x00021894                ble_advertising_on_ble_evt
 .text.ble_advertising_on_sys_evt
                0x00021948       0x3c _build/ble_advertising.o
                0x00021948                ble_advertising_on_sys_evt
 .text.ble_advertising_restart_without_whitelist
                0x00021984       0x68 _build/ble_advertising.o
                0x00021984                ble_advertising_restart_without_whitelist
 .text.sd_ble_gap_conn_param_update
                0x000219ec        0x4 _build/ble_conn_params.o
 .text.sd_ble_gap_disconnect
                0x000219f0        0x4 _build/ble_conn_params.o
 .text.sd_ble_gap_ppcp_set
                0x000219f4        0x4 _build/ble_conn_params.o
 .text.sd_ble_gap_ppcp_get
                0x000219f8        0x4 _build/ble_conn_params.o
 .text.update_timeout_handler
                0x000219fc       0x78 _build/ble_conn_params.o
 .text.conn_params_negotiation
                0x00021a74       0x88 _build/ble_conn_params.o
 .text.ble_conn_params_init
                0x00021afc       0x78 _build/ble_conn_params.o
                0x00021afc                ble_conn_params_init
 .text.ble_conn_params_on_ble_evt
                0x00021b74       0xa4 _build/ble_conn_params.o
                0x00021b74                ble_conn_params_on_ble_evt
 .text.ble_conn_state_on_ble_evt
                0x00021c18      0x114 _build/ble_conn_state.o
                0x00021c18                ble_conn_state_on_ble_evt
 .text.ble_conn_state_role
                0x00021d2c       0x30 _build/ble_conn_state.o
                0x00021d2c                ble_conn_state_role
 .text.ble_conn_state_status
                0x00021d5c       0x30 _build/ble_conn_state.o
                0x00021d5c                ble_conn_state_status
 .text.ble_conn_state_encrypted
                0x00021d8c       0x14 _build/ble_conn_state.o
                0x00021d8c                ble_conn_state_encrypted
 .text.ble_conn_state_mitm_protected
                0x00021da0       0x14 _build/ble_conn_state.o
                0x00021da0                ble_conn_state_mitm_protected
 .text.ble_conn_state_conn_handles
                0x00021db4       0x18 _build/ble_conn_state.o
                0x00021db4                ble_conn_state_conn_handles
 .text.ble_conn_state_user_flag_acquire
                0x00021dcc       0x2c _build/ble_conn_state.o
                0x00021dcc                ble_conn_state_user_flag_acquire
 .text.ble_conn_state_user_flag_get
                0x00021df8       0x24 _build/ble_conn_state.o
                0x00021df8                ble_conn_state_user_flag_get
 .text.ble_conn_state_user_flag_set
                0x00021e1c       0x24 _build/ble_conn_state.o
                0x00021e1c                ble_conn_state_user_flag_set
 .text.ble_conn_state_user_flag_collection
                0x00021e40       0x1c _build/ble_conn_state.o
                0x00021e40                ble_conn_state_user_flag_collection
 .text.sd_ble_gatts_service_add
                0x00021e5c        0x4 _build/ble_nus.o
 .text.sd_ble_gatts_characteristic_add
                0x00021e60        0x4 _build/ble_nus.o
 .text.sd_ble_gatts_hvx
                0x00021e64        0x4 _build/ble_nus.o
 .text.sd_ble_uuid_vs_add
                0x00021e68        0x4 _build/ble_nus.o
 .text.ble_nus_on_ble_evt
                0x00021e6c       0x60 _build/ble_nus.o
                0x00021e6c                ble_nus_on_ble_evt
 .text.ble_nus_init
                0x00021ecc      0x204 _build/ble_nus.o
                0x00021ecc                ble_nus_init
 .text.ble_nus_string_send
                0x000220d0       0x5c _build/ble_nus.o
                0x000220d0                ble_nus_string_send
 .text.gccm_evt_handler
                0x0002212c        0x4 _build/gatt_cache_manager.o
 .text.local_db_update_in_evt
                0x00022130       0x80 _build/gatt_cache_manager.o
 .text.local_db_apply_in_evt.part.1
                0x000221b0       0x78 _build/gatt_cache_manager.o
 .text.im_evt_handler
                0x00022228       0x38 _build/gatt_cache_manager.o
 .text.service_changed_pending_flags_check
                0x00022260      0x118 _build/gatt_cache_manager.o
 .text.gscm_evt_handler
                0x00022378       0x78 _build/gatt_cache_manager.o
 .text.smd_evt_handler
                0x000223f0       0x94 _build/gatt_cache_manager.o
 .text.gcm_init
                0x00022484       0x8c _build/gatt_cache_manager.o
                0x00022484                gcm_init
 .text.gcm_ble_evt_handler
                0x00022510      0x114 _build/gatt_cache_manager.o
                0x00022510                gcm_ble_evt_handler
 .text.gcm_local_database_has_changed
                0x00022624       0x68 _build/gatt_cache_manager.o
                0x00022624                gcm_local_database_has_changed
 .text.pdb_evt_handler
                0x0002268c       0x20 _build/gattc_cache_manager.o
 .text.gccm_init
                0x000226ac       0x30 _build/gattc_cache_manager.o
                0x000226ac                gccm_init
 .text.sd_ble_gatts_service_changed
                0x000226dc        0x4 _build/gatts_cache_manager.o
 .text.sd_ble_gatts_sys_attr_set
                0x000226e0        0x4 _build/gatts_cache_manager.o
 .text.sd_ble_gatts_sys_attr_get
                0x000226e4        0x4 _build/gatts_cache_manager.o
 .text.pdb_evt_handler
                0x000226e8       0x80 _build/gatts_cache_manager.o
 .text.gscm_init
                0x00022768       0x38 _build/gatts_cache_manager.o
                0x00022768                gscm_init
 .text.gscm_local_db_cache_update
                0x000227a0       0xb0 _build/gatts_cache_manager.o
                0x000227a0                gscm_local_db_cache_update
 .text.gscm_local_db_cache_apply
                0x00022850       0xa8 _build/gatts_cache_manager.o
                0x00022850                gscm_local_db_cache_apply
 .text.gscm_local_database_has_changed
                0x000228f8       0x54 _build/gatts_cache_manager.o
                0x000228f8                gscm_local_database_has_changed
 .text.gscm_service_changed_ind_needed
                0x0002294c       0x1c _build/gatts_cache_manager.o
                0x0002294c                gscm_service_changed_ind_needed
 .text.gscm_service_changed_ind_send
                0x00022968       0x30 _build/gatts_cache_manager.o
                0x00022968                gscm_service_changed_ind_send
 .text.gscm_db_change_notification_done
                0x00022998       0x2c _build/gatts_cache_manager.o
                0x00022998                gscm_db_change_notification_done
 .text.sd_ecb_block_encrypt
                0x000229c4        0x4 _build/id_manager.o
 .text.pdb_evt_handler
                0x000229c8      0x1e0 _build/id_manager.o
 .text.im_ble_evt_handler
                0x00022ba8      0x348 _build/id_manager.o
                0x00022ba8                im_ble_evt_handler
 .text.im_register
                0x00022ef0       0x80 _build/id_manager.o
                0x00022ef0                im_register
 .text.im_peer_id_get_by_conn_handle
                0x00022f70       0x88 _build/id_manager.o
                0x00022f70                im_peer_id_get_by_conn_handle
 .text.im_ble_addr_get
                0x00022ff8       0x9c _build/id_manager.o
                0x00022ff8                im_ble_addr_get
 .text.im_master_ids_compare
                0x00023094       0x58 _build/id_manager.o
                0x00023094                im_master_ids_compare
 .text.im_peer_id_get_by_master_id
                0x000230ec       0xfc _build/id_manager.o
                0x000230ec                im_peer_id_get_by_master_id
 .text.im_conn_handle_get
                0x000231e8       0x70 _build/id_manager.o
                0x000231e8                im_conn_handle_get
 .text.im_master_id_is_valid
                0x00023258       0x40 _build/id_manager.o
                0x00023258                im_master_id_is_valid
 .text.im_new_peer_id
                0x00023298       0x80 _build/id_manager.o
                0x00023298                im_new_peer_id
 .text.im_peer_free
                0x00023318      0x110 _build/id_manager.o
                0x00023318                im_peer_free
 .text.peer_data_parts_get
                0x00023428       0x20 _build/peer_data.o
                0x00023428                peer_data_parts_get
 .text.peer_data_deserialize
                0x00023448       0x34 _build/peer_data.o
                0x00023448                peer_data_deserialize
 .text.peer_data_clear
                0x0002347c       0x9c _build/peer_data_storage.o
 .text.fds_evt_handler
                0x00023518      0x104 _build/peer_data_storage.o
 .text.pds_register
                0x0002361c       0x5c _build/peer_data_storage.o
                0x0002361c                pds_register
 .text.pds_peer_data_read_ptr_get
                0x00023678       0x9c _build/peer_data_storage.o
                0x00023678                pds_peer_data_read_ptr_get
 .text.pds_peer_data_read
                0x00023714       0x60 _build/peer_data_storage.o
                0x00023714                pds_peer_data_read
 .text.pds_peer_data_write_prepare
                0x00023774       0x54 _build/peer_data_storage.o
                0x00023774                pds_peer_data_write_prepare
 .text.pds_peer_data_write_prepare_cancel
                0x000237c8       0x38 _build/peer_data_storage.o
                0x000237c8                pds_peer_data_write_prepare_cancel
 .text.pds_peer_data_write_prepared
                0x00023800       0xa4 _build/peer_data_storage.o
                0x00023800                pds_peer_data_write_prepared
 .text.pds_peer_data_write
                0x000238a4       0xa0 _build/peer_data_storage.o
                0x000238a4                pds_peer_data_write
 .text.pds_peer_data_update
                0x00023944       0xb8 _build/peer_data_storage.o
                0x00023944                pds_peer_data_update
 .text.pds_peer_id_allocate
                0x000239fc       0x6c _build/peer_data_storage.o
                0x000239fc                pds_peer_id_allocate
 .text.pds_peer_id_free
                0x00023a68       0x78 _build/peer_data_storage.o
                0x00023a68                pds_peer_id_free
 .text.pds_peer_id_is_allocated
                0x00023ae0       0x68 _build/peer_data_storage.o
                0x00023ae0                pds_peer_id_is_allocated
 .text.pds_next_peer_id_get
                0x00023b48       0x6c _build/peer_data_storage.o
                0x00023b48                pds_next_peer_id_get
 .text.pds_evt_handler
                0x00023bb4      0x8b0 _build/peer_database.o
 .text.pdb_register
                0x00024464      0x19c _build/peer_database.o
                0x00024464                pdb_register
 .text.pdb_peer_allocate
                0x00024600       0x1c _build/peer_database.o
                0x00024600                pdb_peer_allocate
 .text.pdb_peer_free
                0x0002461c      0x484 _build/peer_database.o
                0x0002461c                pdb_peer_free
 .text.pdb_read_buf_get
                0x00024aa0       0x1c _build/peer_database.o
                0x00024aa0                pdb_read_buf_get
 .text.pdb_write_buf_get
                0x00024abc      0x558 _build/peer_database.o
                0x00024abc                pdb_write_buf_get
 .text.pdb_write_buf_release
                0x00025014      0x2d8 _build/peer_database.o
                0x00025014                pdb_write_buf_release
 .text.pdb_write_buf_store_prepare
                0x000252ec      0x2e0 _build/peer_database.o
                0x000252ec                pdb_write_buf_store_prepare
 .text.pdb_write_buf_store
                0x000255cc      0x3b4 _build/peer_database.o
                0x000255cc                pdb_write_buf_store
 .text.pdb_next_peer_id_get
                0x00025980       0x1c _build/peer_database.o
                0x00025980                pdb_next_peer_id_get
 .text.pdb_raw_read
                0x0002599c       0x20 _build/peer_database.o
                0x0002599c                pdb_raw_read
 .text.pdb_raw_store
                0x000259bc       0x58 _build/peer_database.o
                0x000259bc                pdb_raw_store
 .text.peer_id_init
                0x00025a14       0x2c _build/peer_id.o
                0x00025a14                peer_id_init
 .text.peer_id_allocate
                0x00025a40       0x40 _build/peer_id.o
                0x00025a40                peer_id_allocate
 .text.peer_id_delete
                0x00025a80       0x2c _build/peer_id.o
                0x00025a80                peer_id_delete
 .text.peer_id_free
                0x00025aac       0x24 _build/peer_id.o
                0x00025aac                peer_id_free
 .text.peer_id_is_allocated
                0x00025ad0       0x18 _build/peer_id.o
                0x00025ad0                peer_id_is_allocated
 .text.peer_id_get_next_used
                0x00025ae8       0x40 _build/peer_id.o
                0x00025ae8                peer_id_get_next_used
 .text.peer_id_get_next_deleted
                0x00025b28       0x44 _build/peer_id.o
                0x00025b28                peer_id_get_next_deleted
 .text.gcm_evt_handler
                0x00025b6c       0x98 _build/peer_manager.o
 .text.sm_evt_handler
                0x00025c04      0x16c _build/peer_manager.o
 .text.pdb_evt_handler
                0x00025d70      0x1d0 _build/peer_manager.o
 .text.im_evt_handler
                0x00025f40       0x68 _build/peer_manager.o
 .text.pm_on_ble_evt
                0x00025fa8       0x24 _build/peer_manager.o
                0x00025fa8                pm_on_ble_evt
 .text.pm_init  0x00025fcc       0x88 _build/peer_manager.o
                0x00025fcc                pm_init
 .text.pm_register
                0x00026054       0x28 _build/peer_manager.o
                0x00026054                pm_register
 .text.pm_sec_params_set
                0x0002607c       0x24 _build/peer_manager.o
                0x0002607c                pm_sec_params_set
 .text.pm_conn_secure
                0x000260a0       0x1c _build/peer_manager.o
                0x000260a0                pm_conn_secure
 .text.pm_conn_sec_config_reply
                0x000260bc        0x8 _build/peer_manager.o
                0x000260bc                pm_conn_sec_config_reply
 .text.pm_local_database_has_changed
                0x000260c4       0x14 _build/peer_manager.o
                0x000260c4                pm_local_database_has_changed
 .text.pm_conn_sec_status_get
                0x000260d8       0x80 _build/peer_manager.o
                0x000260d8                pm_conn_sec_status_get
 .text.pm_peer_id_get
                0x00026158       0x28 _build/peer_manager.o
                0x00026158                pm_peer_id_get
 .text.pm_peer_delete
                0x00026180       0x1c _build/peer_manager.o
                0x00026180                pm_peer_delete
 .text.pm_peers_delete
                0x0002619c       0x5c _build/peer_manager.o
                0x0002619c                pm_peers_delete
 .text.pm_peer_rank_highest
                0x000261f8      0x15c _build/peer_manager.o
                0x000261f8                pm_peer_rank_highest
 .text.pm_buffer_init
                0x00026354       0x50 _build/pm_buffer.o
                0x00026354                pm_buffer_init
 .text.pm_buffer_block_acquire
                0x000263a4       0x98 _build/pm_buffer.o
                0x000263a4                pm_buffer_block_acquire
 .text.pm_buffer_ptr_get
                0x0002643c       0x34 _build/pm_buffer.o
                0x0002643c                pm_buffer_ptr_get
 .text.pm_buffer_release
                0x00026470       0x30 _build/pm_buffer.o
                0x00026470                pm_buffer_release
 .text.pm_mutex_init
                0x000264a0       0x14 _build/pm_mutex.o
                0x000264a0                pm_mutex_init
 .text.pm_mutex_lock
                0x000264b4       0x4c _build/pm_mutex.o
                0x000264b4                pm_mutex_lock
 .text.pm_mutex_unlock
                0x00026500       0x3c _build/pm_mutex.o
                0x00026500                pm_mutex_unlock
 .text.pm_mutex_lock_first_available
                0x0002653c       0x84 _build/pm_mutex.o
                0x0002653c                pm_mutex_lock_first_available
 .text.pm_mutex_lock_status_get
                0x000265c0       0x20 _build/pm_mutex.o
                0x000265c0                pm_mutex_lock_status_get
 .text.sd_ble_gap_authenticate
                0x000265e0        0x4 _build/security_dispatcher.o
 .text.sd_ble_gap_sec_params_reply
                0x000265e4        0x4 _build/security_dispatcher.o
 .text.sd_ble_gap_encrypt
                0x000265e8        0x4 _build/security_dispatcher.o
 .text.sd_ble_gap_sec_info_reply
                0x000265ec        0x4 _build/security_dispatcher.o
 .text.pairing_failure
                0x000265f0       0x8c _build/security_dispatcher.o
 .text.pdb_evt_handler
                0x0002667c       0x4c _build/security_dispatcher.o
 .text.smd_register
                0x000266c8       0x70 _build/security_dispatcher.o
                0x000266c8                smd_register
 .text.smd_params_reply
                0x00026738      0x200 _build/security_dispatcher.o
                0x00026738                smd_params_reply
 .text.smd_link_secure
                0x00026938      0x290 _build/security_dispatcher.o
                0x00026938                smd_link_secure
 .text.smd_ble_evt_handler
                0x00026bc8      0x428 _build/security_dispatcher.o
                0x00026bc8                smd_ble_evt_handler
 .text.link_secure.part.1
                0x00026ff0      0x170 _build/security_manager.o
 .text.smd_params_reply_perform
                0x00027160      0x154 _build/security_manager.o
 .text.smd_evt_handler
                0x000272b4       0x84 _build/security_manager.o
 .text.pdb_evt_handler
                0x00027338      0x184 _build/security_manager.o
 .text.sm_register
                0x000274bc       0xc0 _build/security_manager.o
                0x000274bc                sm_register
 .text.sm_ble_evt_handler
                0x0002757c       0x88 _build/security_manager.o
                0x0002757c                sm_ble_evt_handler
 .text.sm_sec_params_set
                0x00027604       0x88 _build/security_manager.o
                0x00027604                sm_sec_params_set
 .text.sm_conn_sec_config_reply
                0x0002768c       0x18 _build/security_manager.o
                0x0002768c                sm_conn_sec_config_reply
 .text.sm_link_secure
                0x000276a4       0xc0 _build/security_manager.o
                0x000276a4                sm_link_secure
 .text.SystemInit
                0x00027764       0xec _build/system_nrf51.o
                0x00027764                SystemInit
 .text.sd_evt_get
                0x00027850        0x4 _build/softdevice_handler.o
 .text.sd_softdevice_enable
                0x00027854        0x4 _build/softdevice_handler.o
 .text.sd_ble_enable
                0x00027858        0x4 _build/softdevice_handler.o
 .text.sd_ble_evt_get
                0x0002785c        0x4 _build/softdevice_handler.o
 .text.softdevice_fault_handler
                0x00027860        0x8 _build/softdevice_handler.o
                0x00027860                softdevice_fault_handler
 .text.intern_softdevice_events_execute.part.0
                0x00027868       0xd8 _build/softdevice_handler.o
 .text.softdevice_handler_init
                0x00027940       0x88 _build/softdevice_handler.o
                0x00027940                softdevice_handler_init
 .text.softdevice_ble_evt_handler_set
                0x000279c8       0x14 _build/softdevice_handler.o
                0x000279c8                softdevice_ble_evt_handler_set
 .text.softdevice_sys_evt_handler_set
                0x000279dc       0x14 _build/softdevice_handler.o
                0x000279dc                softdevice_sys_evt_handler_set
 .text.SWI2_IRQHandler
                0x000279f0       0x30 _build/softdevice_handler.o
                0x000279f0                SWI2_IRQHandler
 .text.softdevice_enable_get_default_config
                0x00027a20       0x30 _build/softdevice_handler.o
                0x00027a20                softdevice_enable_get_default_config
 .text.sd_check_ram_start
                0x00027a50       0x4c _build/softdevice_handler.o
                0x00027a50                sd_check_ram_start
 .text.softdevice_enable
                0x00027a9c       0x7c _build/softdevice_handler.o
                0x00027a9c                softdevice_enable
 .text.nrf_drv_spi_init
                0x00027b18      0x198 _build/nrf_drv_spi.o
                0x00027b18                nrf_drv_spi_init
 .text.nrf_drv_spi_transfer
                0x00027cb0      0x178 _build/nrf_drv_spi.o
                0x00027cb0                nrf_drv_spi_transfer
 .text.SPI0_TWI0_IRQHandler
                0x00027e28       0x90 _build/nrf_drv_spi.o
                0x00027e28                SPI0_TWI0_IRQHandler
 .text.on_adv_evt
                0x00027eb8       0x38 _build/advertising.o
 .text.advertising_init
                0x00027ef0       0x70 _build/advertising.o
                0x00027ef0                advertising_init
 .text.advertising_start
                0x00027f60       0x14 _build/advertising.o
                0x00027f60                advertising_start
 .text.advertising_restart
                0x00027f74       0x14 _build/advertising.o
                0x00027f74                advertising_restart
 .text          0x00027f88       0x4c _build/gcc_startup_nrf51.o
                0x00027f88                Reset_Handler
                0x00027fc8                NMI_Handler
                0x00027fca                HardFault_Handler
                0x00027fcc                SVC_Handler
                0x00027fce                PendSV_Handler
                0x00027fd0                SysTick_Handler
                0x00027fd2                TIMER2_IRQHandler
                0x00027fd2                RTC0_IRQHandler
                0x00027fd2                POWER_CLOCK_IRQHandler
                0x00027fd2                RADIO_IRQHandler
                0x00027fd2                LPCOMP_IRQHandler
                0x00027fd2                SWI4_IRQHandler
                0x00027fd2                TEMP_IRQHandler
                0x00027fd2                QDEC_IRQHandler
                0x00027fd2                SWI5_IRQHandler
                0x00027fd2                TIMER0_IRQHandler
                0x00027fd2                TIMER1_IRQHandler
                0x00027fd2                ECB_IRQHandler
                0x00027fd2                Default_Handler
                0x00027fd2                ADC_IRQHandler
                0x00027fd2                SWI3_IRQHandler
                0x00027fd2                CCM_AAR_IRQHandler
                0x00027fd2                WDT_IRQHandler
                0x00027fd2                RNG_IRQHandler
                0x00027fd2                SPI1_TWI1_IRQHandler
                0x00027fd2                SWI1_IRQHandler
 .text          0x00027fd4      0x120 /opt/gcc-arm-none-eabi-4_9-2015q3/bin/../lib/gcc/arm-none-eabi/4.9.3/armv6-m/libgcc.a(_udivsi3.o)
                0x00027fd4                __udivsi3
                0x00027fd4                __aeabi_uidiv
                0x000280e0                __aeabi_uidivmod
 .text          0x000280f4      0x1e0 /opt/gcc-arm-none-eabi-4_9-2015q3/bin/../lib/gcc/arm-none-eabi/4.9.3/armv6-m/libgcc.a(_divsi3.o)
                0x000280f4                __aeabi_idiv
                0x000280f4                __divsi3
                0x000282c0                __aeabi_idivmod
 .text          0x000282d4        0x4 /opt/gcc-arm-none-eabi-4_9-2015q3/bin/../lib/gcc/arm-none-eabi/4.9.3/armv6-m/libgcc.a(_dvmd_tls.o)
                0x000282d4                __aeabi_ldiv0
                0x000282d4                __aeabi_idiv0
 .text.memcmp   0x000282d8       0x1e /opt/gcc-arm-none-eabi-4_9-2015q3/bin/../lib/gcc/arm-none-eabi/4.9.3/../../../../arm-none-eabi/lib/armv6-m/libc_nano.a(lib_a-memcmp.o)
                0x000282d8                memcmp
 .text.memcpy   0x000282f6       0x12 /opt/gcc-arm-none-eabi-4_9-2015q3/bin/../lib/gcc/arm-none-eabi/4.9.3/../../../../arm-none-eabi/lib/armv6-m/libc_nano.a(lib_a-memcpy.o)
                0x000282f6                memcpy
 .text.strcpy   0x00028308       0x10 /opt/gcc-arm-none-eabi-4_9-2015q3/bin/../lib/gcc/arm-none-eabi/4.9.3/../../../../arm-none-eabi/lib/armv6-m/libc_nano.a(lib_a-strcpy.o)
                0x00028308                strcpy
 .text.strlen   0x00028318        0xe /opt/gcc-arm-none-eabi-4_9-2015q3/bin/../lib/gcc/arm-none-eabi/4.9.3/../../../../arm-none-eabi/lib/armv6-m/libc_nano.a(lib_a-strlen.o)
                0x00028318                strlen
 *(.init)
 *fill*         0x00028326        0x2 
 .init          0x00028328        0x4 /opt/gcc-arm-none-eabi-4_9-2015q3/bin/../lib/gcc/arm-none-eabi/4.9.3/armv6-m/crti.o
                0x00028328                _init
 .init          0x0002832c        0x8 /opt/gcc-arm-none-eabi-4_9-2015q3/bin/../lib/gcc/arm-none-eabi/4.9.3/armv6-m/crtn.o
 *(.fini)
 .fini          0x00028334        0x4 /opt/gcc-arm-none-eabi-4_9-2015q3/bin/../lib/gcc/arm-none-eabi/4.9.3/armv6-m/crti.o
                0x00028334                _fini
 .fini          0x00028338        0x8 /opt/gcc-arm-none-eabi-4_9-2015q3/bin/../lib/gcc/arm-none-eabi/4.9.3/armv6-m/crtn.o
 *crtbegin.o(.ctors)
 *crtbegin?.o(.ctors)
 *(EXCLUDE_FILE(*crtend.o *crtend?.o) .ctors)
 *(SORT(.ctors.*))
 *(.ctors)
 *crtbegin.o(.dtors)
 *crtbegin?.o(.dtors)
 *(EXCLUDE_FILE(*crtend.o *crtend?.o) .dtors)
 *(SORT(.dtors.*))
 *(.dtors)
 *(.rodata*)
 .rodata.str1.1
                0x00028340        0x2 /opt/gcc-arm-none-eabi-4_9-2015q3/bin/../lib/gcc/arm-none-eabi/4.9.3/../../../../arm-none-eabi/lib/armv6-m/libc_nano.a(lib_a-impure.o)
 *fill*         0x00028342        0x2 
 .rodata._global_impure_ptr
                0x00028344        0x4 /opt/gcc-arm-none-eabi-4_9-2015q3/bin/../lib/gcc/arm-none-eabi/4.9.3/../../../../arm-none-eabi/lib/armv6-m/libc_nano.a(lib_a-impure.o)
                0x00028344                _global_impure_ptr
 .rodata.str1.4
                0x00028348       0x1f _build/main.o
 *fill*         0x00028367        0x1 
 .rodata        0x00028368       0x10 _build/PMD_Spi.o
 .rodata.spi0   0x00028378        0x8 _build/PMD_Spi.o
 .rodata.str1.4
                0x00028380       0x83 _build/PMD_Spi.o
                                 0x87 (size before relaxing)
 *fill*         0x00028403        0x1 
 .rodata.pm_evt_handler
                0x00028404       0x3c _build/PMD_Ble.o
 .rodata        0x00028440        0x4 _build/PMD_Ble.o
 .rodata.str1.4
                0x00028444      0x10b _build/PMD_Ble.o
                                0x10f (size before relaxing)
 *fill*         0x0002854f        0x1 
 .rodata.m_sec_req_timer_id
                0x00028550        0x4 _build/PMD_Ble.o
 .rodata.m_detection_delay_timer_id
                0x00028554        0x4 _build/app_button.o
 .rodata.queue_process
                0x00028558       0xb4 _build/fds.o
 .rodata.fds_init
                0x0002860c       0x30 _build/fds.o
 .rodata.page_tag_data.5410
                0x0002863c        0x8 _build/fds.o
 .rodata.m_fds_tl_dirty
                0x00028644        0x4 _build/fds.o
 .rodata.page_tag_swap.5406
                0x00028648        0x8 _build/fds.o
 .rodata.str1.4
                0x00028650        0xe _build/nrf_log.o
 *fill*         0x0002865e        0x2 
 .rodata.str1.4
                0x00028660       0x17 _build/SEGGER_RTT.o
 *fill*         0x00028677        0x1 
 .rodata._aV2C.4327
                0x00028678       0x10 _build/SEGGER_RTT_printf.o
 .rodata.leds_timer_handler
                0x00028688       0x60 _build/bsp.o
 .rodata.bsp_indication_set
                0x000286e8       0x60 _build/bsp.o
 .rodata.m_button_timer_id
                0x00028748        0x4 _build/bsp.o
 .rodata.m_buttons_list
                0x0002874c       0x10 _build/bsp.o
 .rodata.m_leds_timer_id
                0x0002875c        0x4 _build/bsp.o
 .rodata.app_buttons
                0x00028760       0x20 _build/bsp.o
 .rodata.m_alert_timer_id
                0x00028780        0x4 _build/bsp.o
 .rodata.m_conn_params_timer_id
                0x00028784        0x4 _build/ble_conn_params.o
 .rodata        0x00028788       0x10 _build/ble_nus.o
 .rodata        0x00028798       0x10 _build/gatts_cache_manager.o
 .rodata.service_changed_pending.7648
                0x000287a8        0x1 _build/gatts_cache_manager.o
 .rodata.service_changed_pending.7577
                0x000287a9        0x1 _build/gatts_cache_manager.o
 *fill*         0x000287aa        0x2 
 .rodata.fds_evt_handler
                0x000287ac       0x18 _build/peer_data_storage.o
 .rodata.pds_evt_handler
                0x000287c4       0x50 _build/peer_database.o
 .rodata.gcm_evt_handler
                0x00028814       0x28 _build/peer_manager.o
 .rodata.sm_evt_handler
                0x0002883c       0x34 _build/peer_manager.o
 .rodata.pdb_evt_handler
                0x00028870       0x28 _build/peer_manager.o
 .rodata        0x00028898        0x8 _build/peer_manager.o
 .rodata.smd_ble_evt_handler
                0x000288a0       0x38 _build/security_dispatcher.o
 .rodata.str1.4
                0x000288d8      0x100 _build/softdevice_handler.o
 .rodata.m_default_config
                0x000289d8       0x10 _build/nrf_drv_spi.o
 *(.eh_frame*)
 .eh_frame      0x000289e8        0x0 /opt/gcc-arm-none-eabi-4_9-2015q3/bin/../lib/gcc/arm-none-eabi/4.9.3/armv6-m/crtbegin.o
 .eh_frame      0x000289e8        0x4 /opt/gcc-arm-none-eabi-4_9-2015q3/bin/../lib/gcc/arm-none-eabi/4.9.3/armv6-m/crtend.o

.glue_7         0x000289ec        0x0
 .glue_7        0x00000000        0x0 linker stubs

.glue_7t        0x000289ec        0x0
 .glue_7t       0x00000000        0x0 linker stubs

.vfp11_veneer   0x000289ec        0x0
 .vfp11_veneer  0x00000000        0x0 linker stubs

.v4_bx          0x000289ec        0x0
 .v4_bx         0x00000000        0x0 linker stubs

.iplt           0x000289ec        0x0
 .iplt          0x00000000        0x0 /opt/gcc-arm-none-eabi-4_9-2015q3/bin/../lib/gcc/arm-none-eabi/4.9.3/armv6-m/crtbegin.o

.ARM.extab
 *(.ARM.extab* .gnu.linkonce.armextab.*)
                0x000289ec                __exidx_start = .

.ARM.exidx      0x000289ec        0x8
 *(.ARM.exidx* .gnu.linkonce.armexidx.*)
 .ARM.exidx     0x000289ec        0x8 /opt/gcc-arm-none-eabi-4_9-2015q3/bin/../lib/gcc/arm-none-eabi/4.9.3/../../../../arm-none-eabi/lib/armv6-m/crt0.o
                0x000289f4                __exidx_end = .
                0x000289f4                __etext = .

.rel.dyn        0x000289f4        0x0
 .rel.iplt      0x00000000        0x0 /opt/gcc-arm-none-eabi-4_9-2015q3/bin/../lib/gcc/arm-none-eabi/4.9.3/armv6-m/crtbegin.o

.data           0x20002080       0xf0 load address 0x000289f4
                0x20002080                __data_start__ = .
 *(vtable)
 *(.data*)
 .data.impure_data
                0x20002080       0x60 /opt/gcc-arm-none-eabi-4_9-2015q3/bin/../lib/gcc/arm-none-eabi/4.9.3/../../../../arm-none-eabi/lib/armv6-m/libc_nano.a(lib_a-impure.o)
 .data.m_conn_handle
                0x200020e0        0x2 _build/PMD_Ble.o
 .data.peer_to_be_deleted
                0x200020e2        0x2 _build/PMD_Ble.o
                0x200020e2                peer_to_be_deleted
 .data.current_slave_link_conn_handle.6613
                0x200020e4        0x2 _build/ble_advertising.o
 *fill*         0x200020e6        0x2 
 .data.m_gscm   0x200020e8        0x8 _build/gatts_cache_manager.o
 .data.m_smd    0x200020f0       0x50 _build/security_dispatcher.o
 .data.m_sm     0x20002140       0x20 _build/security_manager.o
 .data.m_adv_uuids_resp
                0x20002160        0x4 _build/advertising.o
                0x20002164                . = ALIGN (0x4)
                0x20002164                PROVIDE (__preinit_array_start, .)
 *(.preinit_array)
                0x20002164                PROVIDE (__preinit_array_end, .)
                0x20002164                . = ALIGN (0x4)
                0x20002164                PROVIDE (__init_array_start, .)
 *(SORT(.init_array.*))
 *(.init_array)
 .init_array    0x20002164        0x4 /opt/gcc-arm-none-eabi-4_9-2015q3/bin/../lib/gcc/arm-none-eabi/4.9.3/armv6-m/crtbegin.o
                0x20002168                PROVIDE (__init_array_end, .)
                0x20002168                . = ALIGN (0x4)
                0x20002168                PROVIDE (__fini_array_start, .)
 *(SORT(.fini_array.*))
 *(.fini_array)
 .fini_array    0x20002168        0x4 /opt/gcc-arm-none-eabi-4_9-2015q3/bin/../lib/gcc/arm-none-eabi/4.9.3/armv6-m/crtbegin.o
                0x2000216c                PROVIDE (__fini_array_end, .)
 *(.jcr*)
 .jcr           0x2000216c        0x0 /opt/gcc-arm-none-eabi-4_9-2015q3/bin/../lib/gcc/arm-none-eabi/4.9.3/armv6-m/crtbegin.o
 .jcr           0x2000216c        0x4 /opt/gcc-arm-none-eabi-4_9-2015q3/bin/../lib/gcc/arm-none-eabi/4.9.3/armv6-m/crtend.o
                0x20002170                . = ALIGN (0x4)
                0x20002170                __data_end__ = .
LOAD /opt/gcc-arm-none-eabi-4_9-2015q3/bin/../lib/gcc/arm-none-eabi/4.9.3/armv6-m/crti.o
LOAD /opt/gcc-arm-none-eabi-4_9-2015q3/bin/../lib/gcc/arm-none-eabi/4.9.3/armv6-m/crtbegin.o
LOAD /opt/gcc-arm-none-eabi-4_9-2015q3/bin/../lib/gcc/arm-none-eabi/4.9.3/../../../../arm-none-eabi/lib/armv6-m/crt0.o
LOAD /opt/gcc-arm-none-eabi-4_9-2015q3/bin/../lib/gcc/arm-none-eabi/4.9.3/../../../../arm-none-eabi/lib/armv6-m/libc_nano.a
LOAD /opt/gcc-arm-none-eabi-4_9-2015q3/bin/../lib/gcc/arm-none-eabi/4.9.3/../../../../arm-none-eabi/lib/armv6-m/libnosys.a
LOAD /opt/gcc-arm-none-eabi-4_9-2015q3/bin/../lib/gcc/arm-none-eabi/4.9.3/armv6-m/libgcc.a
LOAD /opt/gcc-arm-none-eabi-4_9-2015q3/bin/../lib/gcc/arm-none-eabi/4.9.3/../../../../arm-none-eabi/lib/armv6-m/libm.a
LOAD /opt/gcc-arm-none-eabi-4_9-2015q3/bin/../lib/gcc/arm-none-eabi/4.9.3/../../../../arm-none-eabi/lib/armv6-m/libstdc++_nano.a
LOAD /opt/gcc-arm-none-eabi-4_9-2015q3/bin/../lib/gcc/arm-none-eabi/4.9.3/../../../../arm-none-eabi/lib/armv6-m/libsupc++_nano.a
LOAD _build/main.o
LOAD _build/PMD_Spi.o
LOAD _build/PMD_Ble.o
LOAD _build/app_button.o
LOAD _build/app_error.o
LOAD _build/app_error_weak.o
LOAD _build/app_fifo.o
LOAD _build/app_timer.o
LOAD _build/app_util_platform.o
LOAD _build/crc16.o
LOAD _build/fds.o
LOAD _build/fstorage.o
LOAD _build/nrf_assert.o
LOAD _build/nrf_log.o
LOAD _build/retarget.o
LOAD _build/sdk_mapped_flags.o
LOAD _build/RTT_Syscalls_GCC.o
LOAD _build/SEGGER_RTT.o
LOAD _build/SEGGER_RTT_printf.o
LOAD _build/app_uart_fifo.o
LOAD _build/nrf_delay.o
LOAD _build/nrf_drv_common.o
LOAD _build/nrf_drv_gpiote.o
LOAD _build/nrf_drv_uart.o
LOAD _build/pstorage.o
LOAD _build/bsp.o
LOAD _build/bsp_btn_ble.o
LOAD _build/ble_advdata.o
LOAD _build/ble_advertising.o
LOAD _build/ble_conn_params.o
LOAD _build/ble_conn_state.o
LOAD _build/ble_nus.o
LOAD _build/gatt_cache_manager.o
LOAD _build/gattc_cache_manager.o
LOAD _build/gatts_cache_manager.o
LOAD _build/id_manager.o
LOAD _build/peer_data.o
LOAD _build/peer_data_storage.o
LOAD _build/peer_database.o
LOAD _build/peer_id.o
LOAD _build/peer_manager.o
LOAD _build/pm_buffer.o
LOAD _build/pm_mutex.o
LOAD _build/security_dispatcher.o
LOAD _build/security_manager.o
LOAD _build/system_nrf51.o
LOAD _build/softdevice_handler.o
LOAD _build/nrf_drv_spi.o
LOAD _build/advertising.o
LOAD _build/gcc_startup_nrf51.o
LOAD /opt/gcc-arm-none-eabi-4_9-2015q3/bin/../lib/gcc/arm-none-eabi/4.9.3/../../../../arm-none-eabi/lib/armv6-m/libm.a
START GROUP
LOAD /opt/gcc-arm-none-eabi-4_9-2015q3/bin/../lib/gcc/arm-none-eabi/4.9.3/armv6-m/libgcc.a
LOAD /opt/gcc-arm-none-eabi-4_9-2015q3/bin/../lib/gcc/arm-none-eabi/4.9.3/../../../../arm-none-eabi/lib/armv6-m/libc_nano.a
END GROUP
START GROUP
LOAD /opt/gcc-arm-none-eabi-4_9-2015q3/bin/../lib/gcc/arm-none-eabi/4.9.3/armv6-m/libgcc.a
LOAD /opt/gcc-arm-none-eabi-4_9-2015q3/bin/../lib/gcc/arm-none-eabi/4.9.3/../../../../arm-none-eabi/lib/armv6-m/libc_nano.a
END GROUP
LOAD /opt/gcc-arm-none-eabi-4_9-2015q3/bin/../lib/gcc/arm-none-eabi/4.9.3/armv6-m/crtend.o
LOAD /opt/gcc-arm-none-eabi-4_9-2015q3/bin/../lib/gcc/arm-none-eabi/4.9.3/armv6-m/crtn.o
START GROUP
LOAD /opt/gcc-arm-none-eabi-4_9-2015q3/bin/../lib/gcc/arm-none-eabi/4.9.3/armv6-m/libgcc.a
LOAD /opt/gcc-arm-none-eabi-4_9-2015q3/bin/../lib/gcc/arm-none-eabi/4.9.3/../../../../arm-none-eabi/lib/armv6-m/libc.a
LOAD /opt/gcc-arm-none-eabi-4_9-2015q3/bin/../lib/gcc/arm-none-eabi/4.9.3/../../../../arm-none-eabi/lib/armv6-m/libnosys.a
LOAD /opt/gcc-arm-none-eabi-4_9-2015q3/bin/../lib/gcc/arm-none-eabi/4.9.3/../../../../arm-none-eabi/lib/armv6-m/libm.a
LOAD /opt/gcc-arm-none-eabi-4_9-2015q3/bin/../lib/gcc/arm-none-eabi/4.9.3/../../../../arm-none-eabi/lib/armv6-m/libstdc++.a
LOAD /opt/gcc-arm-none-eabi-4_9-2015q3/bin/../lib/gcc/arm-none-eabi/4.9.3/../../../../arm-none-eabi/lib/armv6-m/libsupc++.a
END GROUP

.igot.plt       0x20002170        0x0 load address 0x00028ae4
 .igot.plt      0x00000000        0x0 /opt/gcc-arm-none-eabi-4_9-2015q3/bin/../lib/gcc/arm-none-eabi/4.9.3/armv6-m/crtbegin.o

.fs_data        0x20002170       0x10 load address 0x00028ae4
                0x20002170                PROVIDE (__start_fs_data, .)
 *(.fs_data)
 .fs_data       0x20002170       0x10 _build/fds.o
                0x20002180                PROVIDE (__stop_fs_data, .)

.bss            0x20002180     0x15b4 load address 0x00028af4
                0x20002180                . = ALIGN (0x4)
                0x20002180                __bss_start__ = .
 *(.bss*)
 .bss           0x20002180       0x1c /opt/gcc-arm-none-eabi-4_9-2015q3/bin/../lib/gcc/arm-none-eabi/4.9.3/armv6-m/crtbegin.o
 .bss.spi_xfer_done
                0x2000219c        0x1 _build/PMD_Spi.o
 *fill*         0x2000219d        0x3 
 .bss.binary_size
                0x200021a0        0x4 _build/PMD_Spi.o
 .bss.curr_block_protection
                0x200021a4        0x1 _build/PMD_Spi.o
 .bss.flash_wip_flag
                0x200021a5        0x1 _build/PMD_Spi.o
 *fill*         0x200021a6        0x2 
 .bss.APP_TIMER_BUF.9175
                0x200021a8      0x1c8 _build/PMD_Ble.o
 .bss.m_sec_req_timer_id_data
                0x20002370       0x20 _build/PMD_Ble.o
 .bss.BLE_EVT_BUFFER.9253
                0x20002390       0x48 _build/PMD_Ble.o
 .bss.m_nus     0x200023d8       0x1c _build/PMD_Ble.o
 .bss.m_detection_delay
                0x200023f4        0x4 _build/app_button.o
 .bss.mp_buttons
                0x200023f8        0x4 _build/app_button.o
 .bss.m_button_count
                0x200023fc        0x1 _build/app_button.o
 *fill*         0x200023fd        0x3 
 .bss.m_detection_delay_timer_id_data
                0x20002400       0x20 _build/app_button.o
 .bss.m_pin_state
                0x20002420        0x4 _build/app_button.o
 .bss.m_pin_transition
                0x20002424        0x4 _build/app_button.o
 .bss.m_ticks_latest
                0x20002428        0x4 _build/app_timer.o
 .bss.mp_timer_id_head
                0x2000242c        0x4 _build/app_timer.o
 .bss.m_evt_schedule_func
                0x20002430        0x4 _build/app_timer.o
 .bss.m_user_array_size
                0x20002434        0x1 _build/app_timer.o
 *fill*         0x20002435        0x3 
 .bss.mp_users  0x20002438        0x4 _build/app_timer.o
 .bss.m_ticks_elapsed_q_read_ind
                0x2000243c        0x1 _build/app_timer.o
 .bss.m_ticks_elapsed_q_write_ind
                0x2000243d        0x1 _build/app_timer.o
 .bss.m_rtc1_reset
                0x2000243e        0x1 _build/app_timer.o
 *fill*         0x2000243f        0x1 
 .bss.m_ticks_elapsed
                0x20002440        0x8 _build/app_timer.o
 .bss.m_rtc1_running
                0x20002448        0x1 _build/app_timer.o
 *fill*         0x20002449        0x3 
 .bss.m_chunk_queue
                0x2000244c       0x48 _build/fds.o
 .bss.m_latest_rec_id
                0x20002494        0x4 _build/fds.o
 .bss.m_users   0x20002498        0x1 _build/fds.o
 *fill*         0x20002499        0x3 
 .bss.m_pages   0x2000249c       0x20 _build/fds.o
 .bss.m_gc      0x200024bc       0x10 _build/fds.o
 .bss.m_op_queue
                0x200024cc       0x78 _build/fds.o
 .bss.m_swap_page
                0x20002544        0x8 _build/fds.o
 .bss.desc.5637
                0x2000254c        0xc _build/fds.o
 .bss.tok.5543  0x20002558        0x8 _build/fds.o
 .bss.m_flags   0x20002560        0x1 _build/fds.o
 *fill*         0x20002561        0x3 
 .bss.m_cb_table
                0x20002564        0xc _build/fds.o
 .bss.m_flags   0x20002570        0x1 _build/fstorage.o
 *fill*         0x20002571        0x3 
 .bss.m_queue   0x20002574       0x58 _build/fstorage.o
 .bss.m_retry_count
                0x200025cc        0x1 _build/fstorage.o
 .bss.initialized.5854
                0x200025cd        0x1 _build/nrf_log.o
 *fill*         0x200025ce        0x2 
 .bss.buf_normal_up
                0x200025d0      0x400 _build/nrf_log.o
 .bss.buf_down  0x200029d0       0x10 _build/nrf_log.o
 .bss._acDownBuffer
                0x200029e0       0x10 _build/SEGGER_RTT.o
 .bss._acUpBuffer
                0x200029f0      0x400 _build/SEGGER_RTT.o
 .bss.m_cb      0x20002df0       0x48 _build/nrf_drv_gpiote.o
 .bss.m_cb      0x20002e38       0x1c _build/nrf_drv_uart.o
 .bss.m_cmd_queue
                0x20002e54       0xcc _build/pstorage.o
 .bss.m_flags   0x20002f20        0x4 _build/pstorage.o
 .bss.m_leds_timer_id_data
                0x20002f24       0x20 _build/bsp.o
 .bss.m_alert_mask
                0x20002f44        0x4 _build/bsp.o
 .bss.m_indication_type
                0x20002f48        0x4 _build/bsp.o
 .bss.current_long_push_pin_no.6066
                0x20002f4c        0x1 _build/bsp.o
 *fill*         0x20002f4d        0x3 
 .bss.m_app_ticks_per_100ms
                0x20002f50        0x4 _build/bsp.o
 .bss.m_registered_callback
                0x20002f54        0x4 _build/bsp.o
 .bss.m_button_timer_id_data
                0x20002f58       0x20 _build/bsp.o
 .bss.m_stable_state
                0x20002f78        0x1 _build/bsp.o
 *fill*         0x20002f79        0x3 
 .bss.m_alert_timer_id_data
                0x20002f7c       0x20 _build/bsp.o
 .bss.release_event_at_push.6067
                0x20002f9c        0x4 _build/bsp.o
 .bss.m_events_list
                0x20002fa0        0xc _build/bsp.o
 .bss.m_error_handler
                0x20002fac        0x4 _build/bsp_btn_ble.o
 .bss.m_num_connections
                0x20002fb0        0x4 _build/bsp_btn_ble.o
 .bss.m_advdata
                0x20002fb4       0x38 _build/ble_advertising.o
 .bss.m_manuf_specific_data
                0x20002fec        0xc _build/ble_advertising.o
 .bss.m_evt_handler
                0x20002ff8        0x4 _build/ble_advertising.o
 .bss.m_advertising_start_pending
                0x20002ffc        0x1 _build/ble_advertising.o
 *fill*         0x20002ffd        0x3 
 .bss.m_manuf_data_array
                0x20003000       0x1f _build/ble_advertising.o
 .bss.m_whitelist_temporarily_disabled
                0x2000301f        0x1 _build/ble_advertising.o
 .bss.m_error_handler
                0x20003020        0x4 _build/ble_advertising.o
 .bss.m_peer_address
                0x20003024        0x7 _build/ble_advertising.o
 *fill*         0x2000302b        0x1 
 .bss.m_adv_modes_config
                0x2000302c       0x24 _build/ble_advertising.o
 .bss.mp_whitelist_addr
                0x20003050       0x20 _build/ble_advertising.o
 .bss.m_tx_power_level
                0x20003070        0x1 _build/ble_advertising.o
 *fill*         0x20003071        0x3 
 .bss.m_whitelist
                0x20003074       0x10 _build/ble_advertising.o
 .bss.m_service_data_array
                0x20003084       0x1f _build/ble_advertising.o
 .bss.m_whitelist_reply_expected
                0x200030a3        0x1 _build/ble_advertising.o
 .bss.mp_whitelist_irk
                0x200030a4       0x20 _build/ble_advertising.o
 .bss.m_adv_mode_current
                0x200030c4        0x1 _build/ble_advertising.o
 .bss.m_peer_addr_reply_expected
                0x200030c5        0x1 _build/ble_advertising.o
 *fill*         0x200030c6        0x2 
 .bss.m_slave_conn_int
                0x200030c8        0x4 _build/ble_advertising.o
 .bss.m_service_data
                0x200030cc        0xc _build/ble_advertising.o
 .bss.m_adv_evt
                0x200030d8        0x1 _build/ble_advertising.o
 .bss.m_change_param
                0x200030d9        0x1 _build/ble_conn_params.o
 *fill*         0x200030da        0x2 
 .bss.m_current_conn_params
                0x200030dc        0x8 _build/ble_conn_params.o
 .bss.m_update_count
                0x200030e4        0x1 _build/ble_conn_params.o
 *fill*         0x200030e5        0x3 
 .bss.m_conn_params_config
                0x200030e8       0x1c _build/ble_conn_params.o
 .bss.m_conn_params_timer_id_data
                0x20003104       0x20 _build/ble_conn_params.o
 .bss.m_conn_handle
                0x20003124        0x2 _build/ble_conn_params.o
 *fill*         0x20003126        0x2 
 .bss.m_preferred_conn_params
                0x20003128        0x8 _build/ble_conn_params.o
 .bss.m_bcs     0x20003130       0x34 _build/ble_conn_state.o
 .bss.m_gcm     0x20003164        0x8 _build/gatt_cache_manager.o
 .bss.m_gccm    0x2000316c        0x4 _build/gattc_cache_manager.o
 .bss.start_handle.7640
                0x20003170        0x2 _build/gatts_cache_manager.o
 *fill*         0x20003172        0x2 
 .bss.m_im      0x20003174      0x138 _build/id_manager.o
 .bss.m_pds     0x200032ac       0x20 _build/peer_data_storage.o
 .bss.m_pdb     0x200032cc       0xd0 _build/peer_database.o
 .bss.mutex_memory.7581
                0x2000339c        0x1 _build/peer_database.o
 *fill*         0x2000339d        0x3 
 .bss.buffer_memory.7580
                0x200033a0      0x280 _build/peer_database.o
 .bss.m_pi      0x20003620       0x40 _build/peer_id.o
 .bss.m_pm      0x20003660       0x20 _build/peer_manager.o
 .bss.m_softdevice_enabled
                0x20003680        0x1 _build/softdevice_handler.o
 *fill*         0x20003681        0x1 
 .bss.m_ble_evt_buffer_size
                0x20003682        0x2 _build/softdevice_handler.o
 .bss.mp_ble_evt_buffer
                0x20003684        0x4 _build/softdevice_handler.o
 .bss.m_sys_evt_handler
                0x20003688        0x4 _build/softdevice_handler.o
 .bss.m_ble_evt_handler
                0x2000368c        0x4 _build/softdevice_handler.o
 .bss.m_evt_schedule_func
                0x20003690        0x4 _build/softdevice_handler.o
 .bss.m_cb      0x20003694       0x20 _build/nrf_drv_spi.o
 *(COMMON)
 COMMON         0x200036b4       0x78 _build/SEGGER_RTT.o
                0x200036b4                _SEGGER_RTT
 COMMON         0x2000372c        0x8 _build/softdevice_handler.o
                0x2000372c                nrf_nvic_state
                0x20003734                . = ALIGN (0x4)
                0x20003734                __bss_end__ = .

.heap           0x20003738      0x800
                0x20003738                __end__ = .
                0x20003738                PROVIDE (end, .)
 *(.heap*)
 .heap          0x20003738      0x800 _build/gcc_startup_nrf51.o
                0x20003738                __HeapBase
                0x20003f38                __HeapLimit = .

.stack_dummy    0x20003738      0x800
 *(.stack*)
 .stack         0x20003738      0x800 _build/gcc_startup_nrf51.o
                0x20008000                __StackTop = (ORIGIN (RAM) + 0x5f80)
                0x20007800                __StackLimit = (__StackTop - SIZEOF (.stack_dummy))
                0x20008000                PROVIDE (__stack, __StackTop)
                0x00000001                ASSERT ((__StackLimit >= __HeapLimit), region RAM overflowed with stack)
OUTPUT(_build/nrf51422_xxac_s130.out elf32-littlearm)

.ARM.attributes
                0x00000000       0x28
 .ARM.attributes
                0x00000000       0x1e /opt/gcc-arm-none-eabi-4_9-2015q3/bin/../lib/gcc/arm-none-eabi/4.9.3/armv6-m/crti.o
 .ARM.attributes
                0x0000001e       0x2c /opt/gcc-arm-none-eabi-4_9-2015q3/bin/../lib/gcc/arm-none-eabi/4.9.3/armv6-m/crtbegin.o
 .ARM.attributes
                0x0000004a       0x1b /opt/gcc-arm-none-eabi-4_9-2015q3/bin/../lib/gcc/arm-none-eabi/4.9.3/../../../../arm-none-eabi/lib/armv6-m/crt0.o
 .ARM.attributes
                0x00000065       0x2c /opt/gcc-arm-none-eabi-4_9-2015q3/bin/../lib/gcc/arm-none-eabi/4.9.3/../../../../arm-none-eabi/lib/armv6-m/libc_nano.a(lib_a-exit.o)
 .ARM.attributes
                0x00000091       0x2c /opt/gcc-arm-none-eabi-4_9-2015q3/bin/../lib/gcc/arm-none-eabi/4.9.3/../../../../arm-none-eabi/lib/armv6-m/libc_nano.a(lib_a-impure.o)
 .ARM.attributes
                0x000000bd       0x2c /opt/gcc-arm-none-eabi-4_9-2015q3/bin/../lib/gcc/arm-none-eabi/4.9.3/../../../../arm-none-eabi/lib/armv6-m/libc_nano.a(lib_a-init.o)
 .ARM.attributes
                0x000000e9       0x2c /opt/gcc-arm-none-eabi-4_9-2015q3/bin/../lib/gcc/arm-none-eabi/4.9.3/../../../../arm-none-eabi/lib/armv6-m/libc_nano.a(lib_a-memset.o)
 .ARM.attributes
                0x00000115       0x2c /opt/gcc-arm-none-eabi-4_9-2015q3/bin/../lib/gcc/arm-none-eabi/4.9.3/../../../../arm-none-eabi/lib/armv6-m/libnosys.a(_exit.o)
 .ARM.attributes
                0x00000141       0x31 _build/main.o
 .ARM.attributes
                0x00000172       0x31 _build/PMD_Spi.o
 .ARM.attributes
                0x000001a3       0x31 _build/PMD_Ble.o
 .ARM.attributes
                0x000001d4       0x31 _build/app_button.o
 .ARM.attributes
                0x00000205       0x31 _build/app_error.o
 .ARM.attributes
                0x00000236       0x31 _build/app_error_weak.o
 .ARM.attributes
                0x00000267       0x31 _build/app_timer.o
 .ARM.attributes
                0x00000298       0x31 _build/app_util_platform.o
 .ARM.attributes
                0x000002c9       0x31 _build/fds.o
 .ARM.attributes
                0x000002fa       0x31 _build/fstorage.o
 .ARM.attributes
                0x0000032b       0x31 _build/nrf_log.o
 .ARM.attributes
                0x0000035c       0x31 _build/sdk_mapped_flags.o
 .ARM.attributes
                0x0000038d       0x31 _build/SEGGER_RTT.o
 .ARM.attributes
                0x000003be       0x31 _build/SEGGER_RTT_printf.o
 .ARM.attributes
                0x000003ef       0x31 _build/nrf_delay.o
 .ARM.attributes
                0x00000420       0x31 _build/nrf_drv_common.o
 .ARM.attributes
                0x00000451       0x31 _build/nrf_drv_gpiote.o
 .ARM.attributes
                0x00000482       0x31 _build/nrf_drv_uart.o
 .ARM.attributes
                0x000004b3       0x31 _build/pstorage.o
 .ARM.attributes
                0x000004e4       0x31 _build/bsp.o
 .ARM.attributes
                0x00000515       0x31 _build/bsp_btn_ble.o
 .ARM.attributes
                0x00000546       0x31 _build/ble_advdata.o
 .ARM.attributes
                0x00000577       0x31 _build/ble_advertising.o
 .ARM.attributes
                0x000005a8       0x31 _build/ble_conn_params.o
 .ARM.attributes
                0x000005d9       0x31 _build/ble_conn_state.o
 .ARM.attributes
                0x0000060a       0x31 _build/ble_nus.o
 .ARM.attributes
                0x0000063b       0x31 _build/gatt_cache_manager.o
 .ARM.attributes
                0x0000066c       0x31 _build/gattc_cache_manager.o
 .ARM.attributes
                0x0000069d       0x31 _build/gatts_cache_manager.o
 .ARM.attributes
                0x000006ce       0x31 _build/id_manager.o
 .ARM.attributes
                0x000006ff       0x31 _build/peer_data.o
 .ARM.attributes
                0x00000730       0x31 _build/peer_data_storage.o
 .ARM.attributes
                0x00000761       0x31 _build/peer_database.o
 .ARM.attributes
                0x00000792       0x31 _build/peer_id.o
 .ARM.attributes
                0x000007c3       0x31 _build/peer_manager.o
 .ARM.attributes
                0x000007f4       0x31 _build/pm_buffer.o
 .ARM.attributes
                0x00000825       0x31 _build/pm_mutex.o
 .ARM.attributes
                0x00000856       0x31 _build/security_dispatcher.o
 .ARM.attributes
                0x00000887       0x31 _build/security_manager.o
 .ARM.attributes
                0x000008b8       0x31 _build/system_nrf51.o
 .ARM.attributes
                0x000008e9       0x31 _build/softdevice_handler.o
 .ARM.attributes
                0x0000091a       0x31 _build/nrf_drv_spi.o
 .ARM.attributes
                0x0000094b       0x31 _build/advertising.o
 .ARM.attributes
                0x0000097c       0x1b _build/gcc_startup_nrf51.o
 .ARM.attributes
                0x00000997       0x1e /opt/gcc-arm-none-eabi-4_9-2015q3/bin/../lib/gcc/arm-none-eabi/4.9.3/armv6-m/libgcc.a(_udivsi3.o)
 .ARM.attributes
                0x000009b5       0x1e /opt/gcc-arm-none-eabi-4_9-2015q3/bin/../lib/gcc/arm-none-eabi/4.9.3/armv6-m/libgcc.a(_divsi3.o)
 .ARM.attributes
                0x000009d3       0x1e /opt/gcc-arm-none-eabi-4_9-2015q3/bin/../lib/gcc/arm-none-eabi/4.9.3/armv6-m/libgcc.a(_dvmd_tls.o)
 .ARM.attributes
                0x000009f1       0x2c /opt/gcc-arm-none-eabi-4_9-2015q3/bin/../lib/gcc/arm-none-eabi/4.9.3/../../../../arm-none-eabi/lib/armv6-m/libc_nano.a(lib_a-memcmp.o)
 .ARM.attributes
                0x00000a1d       0x2c /opt/gcc-arm-none-eabi-4_9-2015q3/bin/../lib/gcc/arm-none-eabi/4.9.3/../../../../arm-none-eabi/lib/armv6-m/libc_nano.a(lib_a-memcpy.o)
 .ARM.attributes
                0x00000a49       0x2c /opt/gcc-arm-none-eabi-4_9-2015q3/bin/../lib/gcc/arm-none-eabi/4.9.3/../../../../arm-none-eabi/lib/armv6-m/libc_nano.a(lib_a-strcpy.o)
 .ARM.attributes
                0x00000a75       0x2c /opt/gcc-arm-none-eabi-4_9-2015q3/bin/../lib/gcc/arm-none-eabi/4.9.3/../../../../arm-none-eabi/lib/armv6-m/libc_nano.a(lib_a-strlen.o)
 .ARM.attributes
                0x00000aa1       0x2c /opt/gcc-arm-none-eabi-4_9-2015q3/bin/../lib/gcc/arm-none-eabi/4.9.3/armv6-m/crtend.o
 .ARM.attributes
                0x00000acd       0x1e /opt/gcc-arm-none-eabi-4_9-2015q3/bin/../lib/gcc/arm-none-eabi/4.9.3/armv6-m/crtn.o

.comment        0x00000000       0x70
 .comment       0x00000000       0x70 _build/main.o
                                 0x71 (size before relaxing)
 .comment       0x00000000       0x71 _build/PMD_Spi.o
 .comment       0x00000000       0x71 _build/PMD_Ble.o
 .comment       0x00000000       0x71 _build/app_button.o
 .comment       0x00000000       0x71 _build/app_error.o
 .comment       0x00000000       0x71 _build/app_error_weak.o
 .comment       0x00000000       0x71 _build/app_timer.o
 .comment       0x00000000       0x71 _build/app_util_platform.o
 .comment       0x00000000       0x71 _build/fds.o
 .comment       0x00000000       0x71 _build/fstorage.o
 .comment       0x00000000       0x71 _build/nrf_log.o
 .comment       0x00000000       0x71 _build/sdk_mapped_flags.o
 .comment       0x00000000       0x71 _build/SEGGER_RTT.o
 .comment       0x00000000       0x71 _build/SEGGER_RTT_printf.o
 .comment       0x00000000       0x71 _build/nrf_delay.o
 .comment       0x00000000       0x71 _build/nrf_drv_common.o
 .comment       0x00000000       0x71 _build/nrf_drv_gpiote.o
 .comment       0x00000000       0x71 _build/nrf_drv_uart.o
 .comment       0x00000000       0x71 _build/pstorage.o
 .comment       0x00000000       0x71 _build/bsp.o
 .comment       0x00000000       0x71 _build/bsp_btn_ble.o
 .comment       0x00000000       0x71 _build/ble_advdata.o
 .comment       0x00000000       0x71 _build/ble_advertising.o
 .comment       0x00000000       0x71 _build/ble_conn_params.o
 .comment       0x00000000       0x71 _build/ble_conn_state.o
 .comment       0x00000000       0x71 _build/ble_nus.o
 .comment       0x00000000       0x71 _build/gatt_cache_manager.o
 .comment       0x00000000       0x71 _build/gattc_cache_manager.o
 .comment       0x00000000       0x71 _build/gatts_cache_manager.o
 .comment       0x00000000       0x71 _build/id_manager.o
 .comment       0x00000000       0x71 _build/peer_data.o
 .comment       0x00000000       0x71 _build/peer_data_storage.o
 .comment       0x00000000       0x71 _build/peer_database.o
 .comment       0x00000000       0x71 _build/peer_id.o
 .comment       0x00000000       0x71 _build/peer_manager.o
 .comment       0x00000000       0x71 _build/pm_buffer.o
 .comment       0x00000000       0x71 _build/pm_mutex.o
 .comment       0x00000000       0x71 _build/security_dispatcher.o
 .comment       0x00000000       0x71 _build/security_manager.o
 .comment       0x00000000       0x71 _build/system_nrf51.o
 .comment       0x00000000       0x71 _build/softdevice_handler.o
 .comment       0x00000000       0x71 _build/nrf_drv_spi.o
 .comment       0x00000000       0x71 _build/advertising.o

.debug_frame    0x00000000     0x3574
 .debug_frame   0x00000000       0x28 /opt/gcc-arm-none-eabi-4_9-2015q3/bin/../lib/gcc/arm-none-eabi/4.9.3/../../../../arm-none-eabi/lib/armv6-m/libc_nano.a(lib_a-exit.o)
 .debug_frame   0x00000028       0x2c /opt/gcc-arm-none-eabi-4_9-2015q3/bin/../lib/gcc/arm-none-eabi/4.9.3/../../../../arm-none-eabi/lib/armv6-m/libc_nano.a(lib_a-init.o)
 .debug_frame   0x00000054       0x20 /opt/gcc-arm-none-eabi-4_9-2015q3/bin/../lib/gcc/arm-none-eabi/4.9.3/../../../../arm-none-eabi/lib/armv6-m/libc_nano.a(lib_a-memset.o)
 .debug_frame   0x00000074       0x20 /opt/gcc-arm-none-eabi-4_9-2015q3/bin/../lib/gcc/arm-none-eabi/4.9.3/../../../../arm-none-eabi/lib/armv6-m/libnosys.a(_exit.o)
 .debug_frame   0x00000094       0x44 _build/main.o
 .debug_frame   0x000000d8      0x124 _build/PMD_Spi.o
 .debug_frame   0x000001fc      0x218 _build/PMD_Ble.o
 .debug_frame   0x00000414       0xd8 _build/app_button.o
 .debug_frame   0x000004ec       0x5c _build/app_error.o
 .debug_frame   0x00000548       0x20 _build/app_error_weak.o
 .debug_frame   0x00000568      0x128 _build/app_timer.o
 .debug_frame   0x00000690       0x68 _build/app_util_platform.o
 .debug_frame   0x000006f8      0x32c _build/fds.o
 .debug_frame   0x00000a24      0x110 _build/fstorage.o
 .debug_frame   0x00000b34      0x100 _build/nrf_log.o
 .debug_frame   0x00000c34       0xb0 _build/sdk_mapped_flags.o
 .debug_frame   0x00000ce4      0x284 _build/SEGGER_RTT.o
 .debug_frame   0x00000f68       0x84 _build/SEGGER_RTT_printf.o
 .debug_frame   0x00000fec       0x24 _build/nrf_delay.o
 .debug_frame   0x00001010       0x30 _build/nrf_drv_common.o
 .debug_frame   0x00001040      0x200 _build/nrf_drv_gpiote.o
 .debug_frame   0x00001240      0x12c _build/nrf_drv_uart.o
 .debug_frame   0x0000136c      0x384 _build/pstorage.o
 .debug_frame   0x000016f0      0x148 _build/bsp.o
 .debug_frame   0x00001838       0x5c _build/bsp_btn_ble.o
 .debug_frame   0x00001894      0x104 _build/ble_advdata.o
 .debug_frame   0x00001998       0xe8 _build/ble_advertising.o
 .debug_frame   0x00001a80       0xf4 _build/ble_conn_params.o
 .debug_frame   0x00001b74      0x1e8 _build/ble_conn_state.o
 .debug_frame   0x00001d5c       0xb4 _build/ble_nus.o
 .debug_frame   0x00001e10      0x1c8 _build/gatt_cache_manager.o
 .debug_frame   0x00001fd8       0x84 _build/gattc_cache_manager.o
 .debug_frame   0x0000205c      0x174 _build/gatts_cache_manager.o
 .debug_frame   0x000021d0      0x2ac _build/id_manager.o
 .debug_frame   0x0000247c       0x38 _build/peer_data.o
 .debug_frame   0x000024b4      0x234 _build/peer_data_storage.o
 .debug_frame   0x000026e8      0x1f8 _build/peer_database.o
 .debug_frame   0x000028e0      0x120 _build/peer_id.o
 .debug_frame   0x00002a00      0x3dc _build/peer_manager.o
 .debug_frame   0x00002ddc       0x88 _build/pm_buffer.o
 .debug_frame   0x00002e64       0xa4 _build/pm_mutex.o
 .debug_frame   0x00002f08      0x130 _build/security_dispatcher.o
 .debug_frame   0x00003038      0x168 _build/security_manager.o
 .debug_frame   0x000031a0       0x30 _build/system_nrf51.o
 .debug_frame   0x000031d0      0x190 _build/softdevice_handler.o
 .debug_frame   0x00003360       0xc8 _build/nrf_drv_spi.o
 .debug_frame   0x00003428       0x78 _build/advertising.o
 .debug_frame   0x000034a0       0x20 /opt/gcc-arm-none-eabi-4_9-2015q3/bin/../lib/gcc/arm-none-eabi/4.9.3/armv6-m/libgcc.a(_udivsi3.o)
 .debug_frame   0x000034c0       0x20 /opt/gcc-arm-none-eabi-4_9-2015q3/bin/../lib/gcc/arm-none-eabi/4.9.3/armv6-m/libgcc.a(_divsi3.o)
 .debug_frame   0x000034e0       0x2c /opt/gcc-arm-none-eabi-4_9-2015q3/bin/../lib/gcc/arm-none-eabi/4.9.3/../../../../arm-none-eabi/lib/armv6-m/libc_nano.a(lib_a-memcmp.o)
 .debug_frame   0x0000350c       0x28 /opt/gcc-arm-none-eabi-4_9-2015q3/bin/../lib/gcc/arm-none-eabi/4.9.3/../../../../arm-none-eabi/lib/armv6-m/libc_nano.a(lib_a-memcpy.o)
 .debug_frame   0x00003534       0x20 /opt/gcc-arm-none-eabi-4_9-2015q3/bin/../lib/gcc/arm-none-eabi/4.9.3/../../../../arm-none-eabi/lib/armv6-m/libc_nano.a(lib_a-strcpy.o)
 .debug_frame   0x00003554       0x20 /opt/gcc-arm-none-eabi-4_9-2015q3/bin/../lib/gcc/arm-none-eabi/4.9.3/../../../../arm-none-eabi/lib/armv6-m/libc_nano.a(lib_a-strlen.o)

.debug_info     0x00000000    0x47918
 .debug_info    0x00000000     0x6822 _build/main.o
 .debug_info    0x00006822     0x1af6 _build/PMD_Spi.o
 .debug_info    0x00008318     0x394c _build/PMD_Ble.o
 .debug_info    0x0000bc64      0x6a3 _build/app_button.o
 .debug_info    0x0000c307      0x33b _build/app_error.o
 .debug_info    0x0000c642      0x1f3 _build/app_error_weak.o
 .debug_info    0x0000c835     0x1bfd _build/app_timer.o
 .debug_info    0x0000e432      0x54c _build/app_util_platform.o
 .debug_info    0x0000e97e     0x3c67 _build/fds.o
 .debug_info    0x000125e5     0x1077 _build/fstorage.o
 .debug_info    0x0001365c      0x58b _build/nrf_log.o
 .debug_info    0x00013be7      0x575 _build/sdk_mapped_flags.o
 .debug_info    0x0001415c     0x210d _build/SEGGER_RTT.o
 .debug_info    0x00016269      0x845 _build/SEGGER_RTT_printf.o
 .debug_info    0x00016aae      0x10a _build/nrf_delay.o
 .debug_info    0x00016bb8      0x470 _build/nrf_drv_common.o
 .debug_info    0x00017028     0x1fa1 _build/nrf_drv_gpiote.o
 .debug_info    0x00018fc9     0x24bb _build/nrf_drv_uart.o
 .debug_info    0x0001b484     0x368a _build/pstorage.o
 .debug_info    0x0001eb0e      0xfee _build/bsp.o
 .debug_info    0x0001fafc     0x174c _build/bsp_btn_ble.o
 .debug_info    0x00021248     0x1cdf _build/ble_advdata.o
 .debug_info    0x00022f27     0x2180 _build/ble_advertising.o
 .debug_info    0x000250a7     0x1cb3 _build/ble_conn_params.o
 .debug_info    0x00026d5a     0x1d89 _build/ble_conn_state.o
 .debug_info    0x00028ae3     0x1e5e _build/ble_nus.o
 .debug_info    0x0002a941     0x29ff _build/gatt_cache_manager.o
 .debug_info    0x0002d340      0xb8b _build/gattc_cache_manager.o
 .debug_info    0x0002decb     0x132d _build/gatts_cache_manager.o
 .debug_info    0x0002f1f8     0x3755 _build/id_manager.o
 .debug_info    0x0003294d      0x7b5 _build/peer_data.o
 .debug_info    0x00033102     0x207b _build/peer_data_storage.o
 .debug_info    0x0003517d     0x261f _build/peer_database.o
 .debug_info    0x0003779c      0x74a _build/peer_id.o
 .debug_info    0x00037ee6     0x3e5d _build/peer_manager.o
 .debug_info    0x0003bd43      0x391 _build/pm_buffer.o
 .debug_info    0x0003c0d4      0x467 _build/pm_mutex.o
 .debug_info    0x0003c53b     0x3cbd _build/security_dispatcher.o
 .debug_info    0x000401f8     0x2e4c _build/security_manager.o
 .debug_info    0x00043044      0x1d9 _build/system_nrf51.o
 .debug_info    0x0004321d     0x24c0 _build/softdevice_handler.o
 .debug_info    0x000456dd     0x1900 _build/nrf_drv_spi.o
 .debug_info    0x00046fdd      0x93b _build/advertising.o

.debug_abbrev   0x00000000     0x8cd5
 .debug_abbrev  0x00000000      0x6d1 _build/main.o
 .debug_abbrev  0x000006d1      0x3ff _build/PMD_Spi.o
 .debug_abbrev  0x00000ad0      0x475 _build/PMD_Ble.o
 .debug_abbrev  0x00000f45      0x1fb _build/app_button.o
 .debug_abbrev  0x00001140      0x130 _build/app_error.o
 .debug_abbrev  0x00001270      0x108 _build/app_error_weak.o
 .debug_abbrev  0x00001378      0x403 _build/app_timer.o
 .debug_abbrev  0x0000177b      0x213 _build/app_util_platform.o
 .debug_abbrev  0x0000198e      0x425 _build/fds.o
 .debug_abbrev  0x00001db3      0x3db _build/fstorage.o
 .debug_abbrev  0x0000218e      0x24e _build/nrf_log.o
 .debug_abbrev  0x000023dc      0x22d _build/sdk_mapped_flags.o
 .debug_abbrev  0x00002609      0x2f4 _build/SEGGER_RTT.o
 .debug_abbrev  0x000028fd      0x2ba _build/SEGGER_RTT_printf.o
 .debug_abbrev  0x00002bb7       0xbb _build/nrf_delay.o
 .debug_abbrev  0x00002c72      0x188 _build/nrf_drv_common.o
 .debug_abbrev  0x00002dfa      0x462 _build/nrf_drv_gpiote.o
 .debug_abbrev  0x0000325c      0x3f8 _build/nrf_drv_uart.o
 .debug_abbrev  0x00003654      0x439 _build/pstorage.o
 .debug_abbrev  0x00003a8d      0x3e2 _build/bsp.o
 .debug_abbrev  0x00003e6f      0x2ee _build/bsp_btn_ble.o
 .debug_abbrev  0x0000415d      0x366 _build/ble_advdata.o
 .debug_abbrev  0x000044c3      0x423 _build/ble_advertising.o
 .debug_abbrev  0x000048e6      0x438 _build/ble_conn_params.o
 .debug_abbrev  0x00004d1e      0x3f1 _build/ble_conn_state.o
 .debug_abbrev  0x0000510f      0x397 _build/ble_nus.o
 .debug_abbrev  0x000054a6      0x411 _build/gatt_cache_manager.o
 .debug_abbrev  0x000058b7      0x269 _build/gattc_cache_manager.o
 .debug_abbrev  0x00005b20      0x37f _build/gatts_cache_manager.o
 .debug_abbrev  0x00005e9f      0x4f9 _build/id_manager.o
 .debug_abbrev  0x00006398      0x1d5 _build/peer_data.o
 .debug_abbrev  0x0000656d      0x40b _build/peer_data_storage.o
 .debug_abbrev  0x00006978      0x441 _build/peer_database.o
 .debug_abbrev  0x00006db9      0x254 _build/peer_id.o
 .debug_abbrev  0x0000700d      0x46f _build/peer_manager.o
 .debug_abbrev  0x0000747c      0x19e _build/pm_buffer.o
 .debug_abbrev  0x0000761a      0x1dd _build/pm_mutex.o
 .debug_abbrev  0x000077f7      0x47d _build/security_dispatcher.o
 .debug_abbrev  0x00007c74      0x463 _build/security_manager.o
 .debug_abbrev  0x000080d7       0xfc _build/system_nrf51.o
 .debug_abbrev  0x000081d3      0x559 _build/softdevice_handler.o
 .debug_abbrev  0x0000872c      0x3bb _build/nrf_drv_spi.o
 .debug_abbrev  0x00008ae7      0x1ee _build/advertising.o

.debug_loc      0x00000000    0x271cf
 .debug_loc     0x00000000      0x120 _build/main.o
 .debug_loc     0x00000120      0x7a5 _build/PMD_Spi.o
 .debug_loc     0x000008c5      0xa4e _build/PMD_Ble.o
 .debug_loc     0x00001313      0x3ce _build/app_button.o
 .debug_loc     0x000016e1      0x149 _build/app_error.o
 .debug_loc     0x0000182a       0x21 _build/app_error_weak.o
 .debug_loc     0x0000184b     0x1253 _build/app_timer.o
 .debug_loc     0x00002a9e     0x4502 _build/fds.o
 .debug_loc     0x00006fa0      0x7f8 _build/fstorage.o
 .debug_loc     0x00007798      0x290 _build/nrf_log.o
 .debug_loc     0x00007a28      0xc4e _build/sdk_mapped_flags.o
 .debug_loc     0x00008676     0x4433 _build/SEGGER_RTT.o
 .debug_loc     0x0000caa9      0xf58 _build/SEGGER_RTT_printf.o
 .debug_loc     0x0000da01       0x37 _build/nrf_delay.o
 .debug_loc     0x0000da38       0xa2 _build/nrf_drv_common.o
 .debug_loc     0x0000dada     0x1882 _build/nrf_drv_gpiote.o
 .debug_loc     0x0000f35c     0x1170 _build/nrf_drv_uart.o
 .debug_loc     0x000104cc     0x3203 _build/pstorage.o
 .debug_loc     0x000136cf     0x155f _build/bsp.o
 .debug_loc     0x00014c2e      0x1f4 _build/bsp_btn_ble.o
 .debug_loc     0x00014e22     0x1f63 _build/ble_advdata.o
 .debug_loc     0x00016d85      0x5a8 _build/ble_advertising.o
 .debug_loc     0x0001732d      0x352 _build/ble_conn_params.o
 .debug_loc     0x0001767f      0x3d2 _build/ble_conn_state.o
 .debug_loc     0x00017a51      0x3da _build/ble_nus.o
 .debug_loc     0x00017e2b      0x886 _build/gatt_cache_manager.o
 .debug_loc     0x000186b1      0x1d3 _build/gattc_cache_manager.o
 .debug_loc     0x00018884      0x585 _build/gatts_cache_manager.o
 .debug_loc     0x00018e09     0x2898 _build/id_manager.o
 .debug_loc     0x0001b6a1       0xc3 _build/peer_data.o
 .debug_loc     0x0001b764      0xd0d _build/peer_data_storage.o
 .debug_loc     0x0001c471     0x429e _build/peer_database.o
 .debug_loc     0x0002070f      0x31f _build/peer_id.o
 .debug_loc     0x00020a2e     0x1c5b _build/peer_manager.o
 .debug_loc     0x00022689      0x2df _build/pm_buffer.o
 .debug_loc     0x00022968      0x3e7 _build/pm_mutex.o
 .debug_loc     0x00022d4f     0x1d2a _build/security_dispatcher.o
 .debug_loc     0x00024a79     0x1139 _build/security_manager.o
 .debug_loc     0x00025bb2      0x59a _build/softdevice_handler.o
 .debug_loc     0x0002614c      0xf86 _build/nrf_drv_spi.o
 .debug_loc     0x000270d2       0xfd _build/advertising.o

.debug_aranges  0x00000000     0x11f0
 .debug_aranges
                0x00000000       0x28 _build/main.o
 .debug_aranges
                0x00000028       0x58 _build/PMD_Spi.o
 .debug_aranges
                0x00000080       0xd0 _build/PMD_Ble.o
 .debug_aranges
                0x00000150       0x48 _build/app_button.o
 .debug_aranges
                0x00000198       0x30 _build/app_error.o
 .debug_aranges
                0x000001c8       0x20 _build/app_error_weak.o
 .debug_aranges
                0x000001e8       0x68 _build/app_timer.o
 .debug_aranges
                0x00000250       0x38 _build/app_util_platform.o
 .debug_aranges
                0x00000288       0xd8 _build/fds.o
 .debug_aranges
                0x00000360       0x60 _build/fstorage.o
 .debug_aranges
                0x000003c0       0x60 _build/nrf_log.o
 .debug_aranges
                0x00000420       0x48 _build/sdk_mapped_flags.o
 .debug_aranges
                0x00000468       0xa0 _build/SEGGER_RTT.o
 .debug_aranges
                0x00000508       0x30 _build/SEGGER_RTT_printf.o
 .debug_aranges
                0x00000538       0x20 _build/nrf_delay.o
 .debug_aranges
                0x00000558       0x20 _build/nrf_drv_common.o
 .debug_aranges
                0x00000578       0xb8 _build/nrf_drv_gpiote.o
 .debug_aranges
                0x00000630       0x70 _build/nrf_drv_uart.o
 .debug_aranges
                0x000006a0       0xf0 _build/pstorage.o
 .debug_aranges
                0x00000790       0x80 _build/bsp.o
 .debug_aranges
                0x00000810       0x30 _build/bsp_btn_ble.o
 .debug_aranges
                0x00000840       0x60 _build/ble_advdata.o
 .debug_aranges
                0x000008a0       0x60 _build/ble_advertising.o
 .debug_aranges
                0x00000900       0x68 _build/ble_conn_params.o
 .debug_aranges
                0x00000968       0xa8 _build/ble_conn_state.o
 .debug_aranges
                0x00000a10       0x50 _build/ble_nus.o
 .debug_aranges
                0x00000a60       0x90 _build/gatt_cache_manager.o
 .debug_aranges
                0x00000af0       0x38 _build/gattc_cache_manager.o
 .debug_aranges
                0x00000b28       0x80 _build/gatts_cache_manager.o
 .debug_aranges
                0x00000ba8       0xd0 _build/id_manager.o
 .debug_aranges
                0x00000c78       0x28 _build/peer_data.o
 .debug_aranges
                0x00000ca0       0xa8 _build/peer_data_storage.o
 .debug_aranges
                0x00000d48       0x88 _build/peer_database.o
 .debug_aranges
                0x00000dd0       0x68 _build/peer_id.o
 .debug_aranges
                0x00000e38      0x128 _build/peer_manager.o
 .debug_aranges
                0x00000f60       0x38 _build/pm_buffer.o
 .debug_aranges
                0x00000f98       0x40 _build/pm_mutex.o
 .debug_aranges
                0x00000fd8       0x68 _build/security_dispatcher.o
 .debug_aranges
                0x00001040       0x70 _build/security_manager.o
 .debug_aranges
                0x000010b0       0x28 _build/system_nrf51.o
 .debug_aranges
                0x000010d8       0xa0 _build/softdevice_handler.o
 .debug_aranges
                0x00001178       0x40 _build/nrf_drv_spi.o
 .debug_aranges
                0x000011b8       0x38 _build/advertising.o

.debug_ranges   0x00000000     0x7300
 .debug_ranges  0x00000000       0xc0 _build/main.o
 .debug_ranges  0x000000c0      0x440 _build/PMD_Spi.o
 .debug_ranges  0x00000500      0x338 _build/PMD_Ble.o
 .debug_ranges  0x00000838       0x98 _build/app_button.o
 .debug_ranges  0x000008d0       0x20 _build/app_error.o
 .debug_ranges  0x000008f0       0x10 _build/app_error_weak.o
 .debug_ranges  0x00000900      0x638 _build/app_timer.o
 .debug_ranges  0x00000f38       0x40 _build/app_util_platform.o
 .debug_ranges  0x00000f78      0xf10 _build/fds.o
 .debug_ranges  0x00001e88      0x1b8 _build/fstorage.o
 .debug_ranges  0x00002040       0x50 _build/nrf_log.o
 .debug_ranges  0x00002090      0x1d8 _build/sdk_mapped_flags.o
 .debug_ranges  0x00002268      0x470 _build/SEGGER_RTT.o
 .debug_ranges  0x000026d8      0x1b8 _build/SEGGER_RTT_printf.o
 .debug_ranges  0x00002890       0x28 _build/nrf_delay.o
 .debug_ranges  0x000028b8       0x28 _build/nrf_drv_common.o
 .debug_ranges  0x000028e0      0x908 _build/nrf_drv_gpiote.o
 .debug_ranges  0x000031e8      0x4b0 _build/nrf_drv_uart.o
 .debug_ranges  0x00003698      0xba0 _build/pstorage.o
 .debug_ranges  0x00004238      0x110 _build/bsp.o
 .debug_ranges  0x00004348       0x70 _build/bsp_btn_ble.o
 .debug_ranges  0x000043b8      0x250 _build/ble_advdata.o
 .debug_ranges  0x00004608       0xd8 _build/ble_advertising.o
 .debug_ranges  0x000046e0       0xb8 _build/ble_conn_params.o
 .debug_ranges  0x00004798       0xf8 _build/ble_conn_state.o
 .debug_ranges  0x00004890       0x58 _build/ble_nus.o
 .debug_ranges  0x000048e8       0xf8 _build/gatt_cache_manager.o
 .debug_ranges  0x000049e0       0x28 _build/gattc_cache_manager.o
 .debug_ranges  0x00004a08       0xf8 _build/gatts_cache_manager.o
 .debug_ranges  0x00004b00      0x9e8 _build/id_manager.o
 .debug_ranges  0x000054e8       0x18 _build/peer_data.o
 .debug_ranges  0x00005500      0x1d8 _build/peer_data_storage.o
 .debug_ranges  0x000056d8      0x958 _build/peer_database.o
 .debug_ranges  0x00006030      0x148 _build/peer_id.o
 .debug_ranges  0x00006178      0x2c8 _build/peer_manager.o
 .debug_ranges  0x00006440       0x40 _build/pm_buffer.o
 .debug_ranges  0x00006480       0xe0 _build/pm_mutex.o
 .debug_ranges  0x00006560      0x490 _build/security_dispatcher.o
 .debug_ranges  0x000069f0      0x330 _build/security_manager.o
 .debug_ranges  0x00006d20       0x78 _build/system_nrf51.o
 .debug_ranges  0x00006d98      0x160 _build/softdevice_handler.o
 .debug_ranges  0x00006ef8      0x3e0 _build/nrf_drv_spi.o
 .debug_ranges  0x000072d8       0x28 _build/advertising.o

.debug_macro    0x00000000    0x1665b
 .debug_macro   0x00000000      0x7ef _build/main.o
 .debug_macro   0x000007ef      0x8e6 _build/main.o
 .debug_macro   0x000010d5       0xef _build/main.o
 .debug_macro   0x000011c4      0x330 _build/main.o
 .debug_macro   0x000014f4       0x1c _build/main.o
 .debug_macro   0x00001510       0x22 _build/main.o
 .debug_macro   0x00001532       0x44 _build/main.o
 .debug_macro   0x00001576       0xe3 _build/main.o
 .debug_macro   0x00001659       0x22 _build/main.o
 .debug_macro   0x0000167b      0x1df _build/main.o
 .debug_macro   0x0000185a       0x58 _build/main.o
 .debug_macro   0x000018b2       0x35 _build/main.o
 .debug_macro   0x000018e7       0x9c _build/main.o
 .debug_macro   0x00001983      0x174 _build/main.o
 .debug_macro   0x00001af7       0x52 _build/main.o
 .debug_macro   0x00001b49       0x16 _build/main.o
 .debug_macro   0x00001b5f       0x43 _build/main.o
 .debug_macro   0x00001ba2      0x180 _build/main.o
 .debug_macro   0x00001d22      0x2a4 _build/main.o
 .debug_macro   0x00001fc6       0x10 _build/main.o
 .debug_macro   0x00001fd6       0x35 _build/main.o
 .debug_macro   0x0000200b       0x8e _build/main.o
 .debug_macro   0x00002099       0x1c _build/main.o
 .debug_macro   0x000020b5       0x6e _build/main.o
 .debug_macro   0x00002123       0x28 _build/main.o
 .debug_macro   0x0000214b       0x33 _build/main.o
 .debug_macro   0x0000217e       0x12 _build/main.o
 .debug_macro   0x00002190       0x82 _build/main.o
 .debug_macro   0x00002212       0x12 _build/main.o
 .debug_macro   0x00002224       0x19 _build/main.o
 .debug_macro   0x0000223d       0x22 _build/main.o
 .debug_macro   0x0000225f       0x3c _build/main.o
 .debug_macro   0x0000229b       0x10 _build/main.o
 .debug_macro   0x000022ab       0x39 _build/main.o
 .debug_macro   0x000022e4      0x15e _build/main.o
 .debug_macro   0x00002442       0x46 _build/main.o
 .debug_macro   0x00002488       0x10 _build/main.o
 .debug_macro   0x00002498       0x2e _build/main.o
 .debug_macro   0x000024c6       0x16 _build/main.o
 .debug_macro   0x000024dc       0x3a _build/main.o
 .debug_macro   0x00002516       0x5e _build/main.o
 .debug_macro   0x00002574       0x11 _build/main.o
 .debug_macro   0x00002585       0x11 _build/main.o
 .debug_macro   0x00002596       0x2f _build/main.o
 .debug_macro   0x000025c5       0x10 _build/main.o
 .debug_macro   0x000025d5       0x10 _build/main.o
 .debug_macro   0x000025e5       0x1c _build/main.o
 .debug_macro   0x00002601       0x10 _build/main.o
 .debug_macro   0x00002611       0x22 _build/main.o
 .debug_macro   0x00002633       0xbe _build/main.o
 .debug_macro   0x000026f1       0x16 _build/main.o
 .debug_macro   0x00002707      0x15f _build/main.o
 .debug_macro   0x00002866       0x28 _build/main.o
 .debug_macro   0x0000288e       0x1c _build/main.o