Archive member included to satisfy reference by file (symbol)

/Users/nilsweiss/gcc-arm-none-eabi-5_2-2015q4/bin/../lib/gcc/arm-none-eabi/5.2.1/../../../../arm-none-eabi/lib/armv6-m/libc_nano.a(lib_a-exit.o)
                              /Users/nilsweiss/gcc-arm-none-eabi-5_2-2015q4/bin/../lib/gcc/arm-none-eabi/5.2.1/../../../../arm-none-eabi/lib/armv6-m/crt0.o (exit)
/Users/nilsweiss/gcc-arm-none-eabi-5_2-2015q4/bin/../lib/gcc/arm-none-eabi/5.2.1/../../../../arm-none-eabi/lib/armv6-m/libc_nano.a(lib_a-impure.o)
                              /Users/nilsweiss/gcc-arm-none-eabi-5_2-2015q4/bin/../lib/gcc/arm-none-eabi/5.2.1/../../../../arm-none-eabi/lib/armv6-m/libc_nano.a(lib_a-exit.o) (_global_impure_ptr)
/Users/nilsweiss/gcc-arm-none-eabi-5_2-2015q4/bin/../lib/gcc/arm-none-eabi/5.2.1/../../../../arm-none-eabi/lib/armv6-m/libc_nano.a(lib_a-init.o)
                              /Users/nilsweiss/gcc-arm-none-eabi-5_2-2015q4/bin/../lib/gcc/arm-none-eabi/5.2.1/../../../../arm-none-eabi/lib/armv6-m/crt0.o (__libc_init_array)
/Users/nilsweiss/gcc-arm-none-eabi-5_2-2015q4/bin/../lib/gcc/arm-none-eabi/5.2.1/../../../../arm-none-eabi/lib/armv6-m/libc_nano.a(lib_a-memcpy-stub.o)
                              _build/pstorage.o (memcpy)
/Users/nilsweiss/gcc-arm-none-eabi-5_2-2015q4/bin/../lib/gcc/arm-none-eabi/5.2.1/../../../../arm-none-eabi/lib/armv6-m/libc_nano.a(lib_a-memset.o)
                              /Users/nilsweiss/gcc-arm-none-eabi-5_2-2015q4/bin/../lib/gcc/arm-none-eabi/5.2.1/../../../../arm-none-eabi/lib/armv6-m/crt0.o (memset)
/Users/nilsweiss/gcc-arm-none-eabi-5_2-2015q4/bin/../lib/gcc/arm-none-eabi/5.2.1/../../../../arm-none-eabi/lib/armv6-m/libc_nano.a(lib_a-printf.o)
                              _build/main.o (printf)
/Users/nilsweiss/gcc-arm-none-eabi-5_2-2015q4/bin/../lib/gcc/arm-none-eabi/5.2.1/../../../../arm-none-eabi/lib/armv6-m/libc_nano.a(lib_a-strlen.o)
                              _build/ble_srv_common.o (strlen)
/Users/nilsweiss/gcc-arm-none-eabi-5_2-2015q4/bin/../lib/gcc/arm-none-eabi/5.2.1/../../../../arm-none-eabi/lib/armv6-m/libc_nano.a(lib_a-findfp.o)
                              /Users/nilsweiss/gcc-arm-none-eabi-5_2-2015q4/bin/../lib/gcc/arm-none-eabi/5.2.1/../../../../arm-none-eabi/lib/armv6-m/libc_nano.a(lib_a-printf.o) (__sinit)
/Users/nilsweiss/gcc-arm-none-eabi-5_2-2015q4/bin/../lib/gcc/arm-none-eabi/5.2.1/../../../../arm-none-eabi/lib/armv6-m/libc_nano.a(lib_a-fwalk.o)
                              /Users/nilsweiss/gcc-arm-none-eabi-5_2-2015q4/bin/../lib/gcc/arm-none-eabi/5.2.1/../../../../arm-none-eabi/lib/armv6-m/libc_nano.a(lib_a-findfp.o) (_fwalk)
/Users/nilsweiss/gcc-arm-none-eabi-5_2-2015q4/bin/../lib/gcc/arm-none-eabi/5.2.1/../../../../arm-none-eabi/lib/armv6-m/libc_nano.a(lib_a-nano-mallocr.o)
                              /Users/nilsweiss/gcc-arm-none-eabi-5_2-2015q4/bin/../lib/gcc/arm-none-eabi/5.2.1/../../../../arm-none-eabi/lib/armv6-m/libc_nano.a(lib_a-findfp.o) (_malloc_r)
/Users/nilsweiss/gcc-arm-none-eabi-5_2-2015q4/bin/../lib/gcc/arm-none-eabi/5.2.1/../../../../arm-none-eabi/lib/armv6-m/libc_nano.a(lib_a-nano-vfprintf.o)
                              /Users/nilsweiss/gcc-arm-none-eabi-5_2-2015q4/bin/../lib/gcc/arm-none-eabi/5.2.1/../../../../arm-none-eabi/lib/armv6-m/libc_nano.a(lib_a-printf.o) (_vfprintf_r)
/Users/nilsweiss/gcc-arm-none-eabi-5_2-2015q4/bin/../lib/gcc/arm-none-eabi/5.2.1/../../../../arm-none-eabi/lib/armv6-m/libc_nano.a(lib_a-nano-vfprintf_i.o)
                              /Users/nilsweiss/gcc-arm-none-eabi-5_2-2015q4/bin/../lib/gcc/arm-none-eabi/5.2.1/../../../../arm-none-eabi/lib/armv6-m/libc_nano.a(lib_a-nano-vfprintf.o) (_printf_i)
/Users/nilsweiss/gcc-arm-none-eabi-5_2-2015q4/bin/../lib/gcc/arm-none-eabi/5.2.1/../../../../arm-none-eabi/lib/armv6-m/libc_nano.a(lib_a-sbrkr.o)
                              /Users/nilsweiss/gcc-arm-none-eabi-5_2-2015q4/bin/../lib/gcc/arm-none-eabi/5.2.1/../../../../arm-none-eabi/lib/armv6-m/libc_nano.a(lib_a-nano-mallocr.o) (_sbrk_r)
/Users/nilsweiss/gcc-arm-none-eabi-5_2-2015q4/bin/../lib/gcc/arm-none-eabi/5.2.1/../../../../arm-none-eabi/lib/armv6-m/libc_nano.a(lib_a-stdio.o)
                              /Users/nilsweiss/gcc-arm-none-eabi-5_2-2015q4/bin/../lib/gcc/arm-none-eabi/5.2.1/../../../../arm-none-eabi/lib/armv6-m/libc_nano.a(lib_a-findfp.o) (__sread)
/Users/nilsweiss/gcc-arm-none-eabi-5_2-2015q4/bin/../lib/gcc/arm-none-eabi/5.2.1/../../../../arm-none-eabi/lib/armv6-m/libc_nano.a(lib_a-wbuf.o)
                              /Users/nilsweiss/gcc-arm-none-eabi-5_2-2015q4/bin/../lib/gcc/arm-none-eabi/5.2.1/../../../../arm-none-eabi/lib/armv6-m/libc_nano.a(lib_a-nano-vfprintf.o) (__swbuf_r)
/Users/nilsweiss/gcc-arm-none-eabi-5_2-2015q4/bin/../lib/gcc/arm-none-eabi/5.2.1/../../../../arm-none-eabi/lib/armv6-m/libc_nano.a(lib_a-writer.o)
[...]
Memory Configuration

Name             Origin             Length             Attributes
FLASH            0x000000000001c000 0x0000000000024000 xr
RAM              0x0000000020002800 0x0000000000005800 xrw
*default*        0x0000000000000000 0xffffffffffffffff

Linker script and memory map

LOAD /Users/nilsweiss/gcc-arm-none-eabi-5_2-2015q4/bin/../lib/gcc/arm-none-eabi/5.2.1/armv6-m/crti.o
LOAD /Users/nilsweiss/gcc-arm-none-eabi-5_2-2015q4/bin/../lib/gcc/arm-none-eabi/5.2.1/armv6-m/crtbegin.o
LOAD /Users/nilsweiss/gcc-arm-none-eabi-5_2-2015q4/bin/../lib/gcc/arm-none-eabi/5.2.1/../../../../arm-none-eabi/lib/armv6-m/crt0.o
LOAD /Users/nilsweiss/gcc-arm-none-eabi-5_2-2015q4/bin/../lib/gcc/arm-none-eabi/5.2.1/../../../../arm-none-eabi/lib/armv6-m/libnosys.a
LOAD /Users/nilsweiss/gcc-arm-none-eabi-5_2-2015q4/bin/../lib/gcc/arm-none-eabi/5.2.1/armv6-m/libgcc.a
LOAD /Users/nilsweiss/gcc-arm-none-eabi-5_2-2015q4/bin/../lib/gcc/arm-none-eabi/5.2.1/../../../../arm-none-eabi/lib/armv6-m/libstdc++_nano.a
LOAD /Users/nilsweiss/gcc-arm-none-eabi-5_2-2015q4/bin/../lib/gcc/arm-none-eabi/5.2.1/../../../../arm-none-eabi/lib/armv6-m/libsupc++_nano.a
LOAD _build/app_button.o
LOAD _build/app_error.o
LOAD _build/app_fifo.o
LOAD _build/app_timer.o
LOAD _build/app_trace.o
LOAD _build/nrf_assert.o
LOAD _build/retarget.o
LOAD _build/app_uart_fifo.o
LOAD _build/nrf_delay.o
LOAD _build/nrf_drv_common.o
LOAD _build/nrf_drv_gpiote.o
LOAD _build/nrf_drv_uart.o
LOAD _build/pstorage.o
LOAD _build/bsp.o
LOAD _build/bsp_btn_ble.o
LOAD _build/ble_advdata.o
LOAD _build/ble_advertising.o
LOAD _build/ble_conn_params.o
LOAD _build/ble_nus.o
LOAD _build/ble_srv_common.o
LOAD _build/system_nrf51.o
LOAD _build/softdevice_handler.o
LOAD _build/main.o
LOAD _build/gcc_startup_nrf51.o
LOAD /Users/nilsweiss/gcc-arm-none-eabi-5_2-2015q4/bin/../lib/gcc/arm-none-eabi/5.2.1/../../../../arm-none-eabi/lib/armv6-m/libstdc++_nano.a
LOAD /Users/nilsweiss/gcc-arm-none-eabi-5_2-2015q4/bin/../lib/gcc/arm-none-eabi/5.2.1/../../../../arm-none-eabi/lib/armv6-m/libm.a
LOAD /Users/nilsweiss/gcc-arm-none-eabi-5_2-2015q4/bin/../lib/gcc/arm-none-eabi/5.2.1/../../../../arm-none-eabi/lib/armv6-m/libc_nano.a
START GROUP
LOAD /Users/nilsweiss/gcc-arm-none-eabi-5_2-2015q4/bin/../lib/gcc/arm-none-eabi/5.2.1/armv6-m/libgcc.a
LOAD /Users/nilsweiss/gcc-arm-none-eabi-5_2-2015q4/bin/../lib/gcc/arm-none-eabi/5.2.1/../../../../arm-none-eabi/lib/armv6-m/libc_nano.a
END GROUP
START GROUP
LOAD /Users/nilsweiss/gcc-arm-none-eabi-5_2-2015q4/bin/../lib/gcc/arm-none-eabi/5.2.1/armv6-m/libgcc.a
LOAD /Users/nilsweiss/gcc-arm-none-eabi-5_2-2015q4/bin/../lib/gcc/arm-none-eabi/5.2.1/../../../../arm-none-eabi/lib/armv6-m/libc_nano.a
END GROUP
LOAD /Users/nilsweiss/gcc-arm-none-eabi-5_2-2015q4/bin/../lib/gcc/arm-none-eabi/5.2.1/armv6-m/crtend.o
LOAD /Users/nilsweiss/gcc-arm-none-eabi-5_2-2015q4/bin/../lib/gcc/arm-none-eabi/5.2.1/armv6-m/crtn.o
START GROUP
LOAD /Users/nilsweiss/gcc-arm-none-eabi-5_2-2015q4/bin/../lib/gcc/arm-none-eabi/5.2.1/armv6-m/libgcc.a
LOAD /Users/nilsweiss/gcc-arm-none-eabi-5_2-2015q4/bin/../lib/gcc/arm-none-eabi/5.2.1/../../../../arm-none-eabi/lib/armv6-m/libc.a
LOAD /Users/nilsweiss/gcc-arm-none-eabi-5_2-2015q4/bin/../lib/gcc/arm-none-eabi/5.2.1/../../../../arm-none-eabi/lib/armv6-m/libnosys.a
END GROUP

.fs_data_out    0x0000000000000000        0x0
                [!provide]                        PROVIDE (__start_fs_data, .)
 *(fs_data)
                [!provide]                        PROVIDE (__stop_fs_data, .)

.text           0x000000000001c000     0x512c
 *(.Vectors)
 .Vectors       0x000000000001c000       0xc0 _build/gcc_startup_nrf51.o
                0x000000000001c000                __Vectors
 *(.text*)
 .text          0x000000000001c0c0       0xb4 /Users/nilsweiss/gcc-arm-none-eabi-5_2-2015q4/bin/../lib/gcc/arm-none-eabi/5.2.1/armv6-m/crtbegin.o
 .text          0x000000000001c174       0x78 /Users/nilsweiss/gcc-arm-none-eabi-5_2-2015q4/bin/../lib/gcc/arm-none-eabi/5.2.1/../../../../arm-none-eabi/lib/armv6-m/crt0.o
                0x000000000001c174                _mainCRTStartup
                0x000000000001c174                _start
 .text.detection_delay_timeout_handler
                0x000000000001c1ec       0xa0 _build/app_button.o
 .text.gpiote_event_handler
                0x000000000001c28c       0x5c _build/app_button.o
 .text.app_button_init
                0x000000000001c2e8       0xb4 _build/app_button.o
                0x000000000001c2e8                app_button_init
 .text.app_button_enable
                0x000000000001c39c       0x30 _build/app_button.o
                0x000000000001c39c                app_button_enable
 .text.app_error_handler
                0x000000000001c3cc       0x18 _build/app_error.o
                0x000000000001c3cc                app_error_handler
 .text.app_fifo_init
                0x000000000001c3e4       0x28 _build/app_fifo.o
                0x000000000001c3e4                app_fifo_init
 .text.app_fifo_put
                0x000000000001c40c       0x28 _build/app_fifo.o
                0x000000000001c40c                app_fifo_put
 .text.app_fifo_get
                0x000000000001c434       0x28 _build/app_fifo.o
                0x000000000001c434                app_fifo_get
 .text.rtc1_stop
                0x000000000001c45c       0x78 _build/app_timer.o
 .text.RTC1_IRQHandler
                0x000000000001c4d4       0xe0 _build/app_timer.o
                0x000000000001c4d4                RTC1_IRQHandler
 .text.SWI0_IRQHandler
                0x000000000001c5b4      0x4c0 _build/app_timer.o
                0x000000000001c5b4                SWI0_IRQHandler
 .text.app_timer_init
                0x000000000001ca74       0xe4 _build/app_timer.o
                0x000000000001ca74                app_timer_init
 .text.app_timer_create
                0x000000000001cb58       0x34 _build/app_timer.o
                0x000000000001cb58                app_timer_create
 .text.app_timer_start
                0x000000000001cb8c      0x108 _build/app_timer.o
                0x000000000001cb8c                app_timer_start
 .text.app_timer_stop
                0x000000000001cc94       0xd0 _build/app_timer.o
                0x000000000001cc94                app_timer_stop
 .text._write   0x000000000001cd64       0x1c _build/retarget.o
                0x000000000001cd64                _write
 .text._read    0x000000000001cd80       0x14 _build/retarget.o
                0x000000000001cd80                _read
 .text.uart_event_handler
                0x000000000001cd94       0xc0 _build/app_uart_fifo.o
 .text.app_uart_init
                0x000000000001ce54       0xa4 _build/app_uart_fifo.o
                0x000000000001ce54                app_uart_init
 .text.app_uart_get
                0x000000000001cef8       0x34 _build/app_uart_fifo.o
                0x000000000001cef8                app_uart_get
 .text.app_uart_put
                0x000000000001cf2c       0x28 _build/app_uart_fifo.o
                0x000000000001cf2c                app_uart_put
 .text.nrf_drv_common_irq_enable
                0x000000000001cf54       0x7c _build/nrf_drv_common.o
                0x000000000001cf54                nrf_drv_common_irq_enable
 .text.nrf_drv_gpiote_init
                0x000000000001cfd0       0x68 _build/nrf_drv_gpiote.o
                0x000000000001cfd0                nrf_drv_gpiote_init
 .text.nrf_drv_gpiote_is_init
                0x000000000001d038       0x14 _build/nrf_drv_gpiote.o
                0x000000000001d038                nrf_drv_gpiote_is_init
 .text.nrf_drv_gpiote_in_init
                0x000000000001d04c      0x160 _build/nrf_drv_gpiote.o
                0x000000000001d04c                nrf_drv_gpiote_in_init
 .text.nrf_drv_gpiote_in_event_enable
                0x000000000001d1ac       0xa8 _build/nrf_drv_gpiote.o
                0x000000000001d1ac                nrf_drv_gpiote_in_event_enable
 .text.nrf_drv_gpiote_in_is_set
                0x000000000001d254       0x14 _build/nrf_drv_gpiote.o
                0x000000000001d254                nrf_drv_gpiote_in_is_set
 .text.GPIOTE_IRQHandler
                0x000000000001d268      0x3b0 _build/nrf_drv_gpiote.o
                0x000000000001d268                GPIOTE_IRQHandler
 .text.nrf_drv_uart_init
                0x000000000001d618      0x110 _build/nrf_drv_uart.o
                0x000000000001d618                nrf_drv_uart_init
 .text.nrf_drv_uart_tx
                0x000000000001d728       0xb4 _build/nrf_drv_uart.o
                0x000000000001d728                nrf_drv_uart_tx
 .text.nrf_drv_uart_rx
                0x000000000001d7dc       0xf0 _build/nrf_drv_uart.o
                0x000000000001d7dc                nrf_drv_uart_rx
 .text.nrf_drv_uart_rx_enable
                0x000000000001d8cc       0x2c _build/nrf_drv_uart.o
                0x000000000001d8cc                nrf_drv_uart_rx_enable
 .text.UART0_IRQHandler
                0x000000000001d8f8      0x16c _build/nrf_drv_uart.o
                0x000000000001d8f8                UART0_IRQHandler
 .text.pstorage_access_status_get
                0x000000000001da64       0x28 _build/pstorage.o
                0x000000000001da64                pstorage_access_status_get
 .text.alert_timer_handler
                0x000000000001da8c       0x28 _build/bsp.o
 .text.bsp_button_event_handler
                0x000000000001dab4       0xcc _build/bsp.o
 .text.leds_timer_handler
                0x000000000001db80      0x340 _build/bsp.o
 .text.button_timer_handler
                0x000000000001dec0       0x48 _build/bsp.o
 .text.bsp_button_is_pressed
                0x000000000001df08       0x2c _build/bsp.o
                0x000000000001df08                bsp_button_is_pressed
 .text.bsp_indication_set
                0x000000000001df34      0x394 _build/bsp.o
                0x000000000001df34                bsp_indication_set
 .text.bsp_init
                0x000000000001e2c8       0xc0 _build/bsp.o
                0x000000000001e2c8                bsp_init
 .text.bsp_event_to_button_action_assign
                0x000000000001e388       0x58 _build/bsp.o
                0x000000000001e388                bsp_event_to_button_action_assign
 .text.bsp_wakeup_buttons_set
                0x000000000001e3e0       0x8c _build/bsp.o
                0x000000000001e3e0                bsp_wakeup_buttons_set
 .text.bsp_btn_ble_sleep_mode_prepare
                0x000000000001e46c       0x1c _build/bsp_btn_ble.o
                0x000000000001e46c                bsp_btn_ble_sleep_mode_prepare
 .text.bsp_btn_ble_on_ble_evt
                0x000000000001e488       0xbc _build/bsp_btn_ble.o
                0x000000000001e488                bsp_btn_ble_on_ble_evt
 .text.bsp_btn_ble_init
                0x000000000001e544       0x98 _build/bsp_btn_ble.o
                0x000000000001e544                bsp_btn_ble_init
 .text.sd_ble_gap_address_get
                0x000000000001e5dc        0x4 _build/ble_advdata.o
 .text.sd_ble_gap_adv_data_set
                0x000000000001e5e0        0x4 _build/ble_advdata.o
 .text.sd_ble_gap_appearance_get
                0x000000000001e5e4        0x4 _build/ble_advdata.o
 .text.sd_ble_gap_device_name_get
                0x000000000001e5e8        0x4 _build/ble_advdata.o
 .text.sd_ble_uuid_encode
                0x000000000001e5ec        0x4 _build/ble_advdata.o
 .text.uuid_list_sized_encode
                0x000000000001e5f0       0xf8 _build/ble_advdata.o
 .text.adv_data_encode
                0x000000000001e6e8      0x5b8 _build/ble_advdata.o
                0x000000000001e6e8                adv_data_encode
 .text.ble_advdata_set
                0x000000000001eca0       0x68 _build/ble_advdata.o
                0x000000000001eca0                ble_advdata_set
 .text.sd_ble_gap_adv_start
                0x000000000001ed08        0x4 _build/ble_advertising.o
 .text.sd_ble_gap_adv_stop
                0x000000000001ed0c        0x4 _build/ble_advertising.o
 .text.ble_advertising_start.part.1
                0x000000000001ed10      0x294 _build/ble_advertising.o
 .text.ble_advertising_init
                0x000000000001efa4      0x144 _build/ble_advertising.o
                0x000000000001efa4                ble_advertising_init
 .text.ble_advertising_start
                0x000000000001f0e8       0x3c _build/ble_advertising.o
                0x000000000001f0e8                ble_advertising_start
 .text.ble_advertising_on_ble_evt
                0x000000000001f124       0xf0 _build/ble_advertising.o
                0x000000000001f124                ble_advertising_on_ble_evt
 .text.ble_advertising_restart_without_whitelist
                0x000000000001f214       0x78 _build/ble_advertising.o
                0x000000000001f214                ble_advertising_restart_without_whitelist
 .text.sd_ble_gap_conn_param_update
                0x000000000001f28c        0x4 _build/ble_conn_params.o
 .text.sd_ble_gap_disconnect
                0x000000000001f290        0x4 _build/ble_conn_params.o
 .text.sd_ble_gap_ppcp_set
                0x000000000001f294        0x4 _build/ble_conn_params.o
 .text.sd_ble_gap_ppcp_get
                0x000000000001f298        0x4 _build/ble_conn_params.o
 .text.update_timeout_handler
                0x000000000001f29c       0x78 _build/ble_conn_params.o
 .text.conn_params_negotiation
                0x000000000001f314       0x88 _build/ble_conn_params.o
 .text.ble_conn_params_init
                0x000000000001f39c       0x78 _build/ble_conn_params.o
                0x000000000001f39c                ble_conn_params_init
 .text.ble_conn_params_on_ble_evt
                0x000000000001f414       0xac _build/ble_conn_params.o
                0x000000000001f414                ble_conn_params_on_ble_evt
 .text.sd_ble_gatts_service_add
                0x000000000001f4c0        0x4 _build/ble_nus.o
 .text.sd_ble_gatts_characteristic_add
                0x000000000001f4c4        0x4 _build/ble_nus.o
 .text.sd_ble_gatts_hvx
                0x000000000001f4c8        0x4 _build/ble_nus.o
 .text.sd_ble_uuid_vs_add
                0x000000000001f4cc        0x4 _build/ble_nus.o
 .text.ble_nus_on_ble_evt
                0x000000000001f4d0       0x60 _build/ble_nus.o
                0x000000000001f4d0                ble_nus_on_ble_evt
 .text.ble_nus_init
                0x000000000001f530      0x208 _build/ble_nus.o
                0x000000000001f530                ble_nus_init
 .text.ble_nus_string_send
                0x000000000001f738       0x5c _build/ble_nus.o
                0x000000000001f738                ble_nus_string_send
 .text.SystemInit
                0x000000000001f794       0x94 _build/system_nrf51.o
                0x000000000001f794                SystemInit
 .text.sd_nvic_EnableIRQ
                0x000000000001f828        0x4 _build/softdevice_handler.o
 .text.sd_evt_get
                0x000000000001f82c        0x4 _build/softdevice_handler.o
 .text.sd_softdevice_enable
                0x000000000001f830        0x4 _build/softdevice_handler.o
 .text.sd_ble_evt_get
                0x000000000001f834        0x4 _build/softdevice_handler.o
 .text.softdevice_assertion_handler
                0x000000000001f838        0xc _build/softdevice_handler.o
                0x000000000001f838                softdevice_assertion_handler
 .text.intern_softdevice_events_execute.part.0
                0x000000000001f844       0xec _build/softdevice_handler.o
 .text.softdevice_handler_init
                0x000000000001f930       0x4c _build/softdevice_handler.o
                0x000000000001f930                softdevice_handler_init
 .text.softdevice_ble_evt_handler_set
                0x000000000001f97c       0x14 _build/softdevice_handler.o
                0x000000000001f97c                softdevice_ble_evt_handler_set
 .text.SWI2_IRQHandler
                0x000000000001f990       0x34 _build/softdevice_handler.o
                0x000000000001f990                SWI2_IRQHandler
 .text.sd_ble_gap_disconnect
                0x000000000001f9c4        0x4 _build/main.o
 .text.sd_ble_gap_ppcp_set
                0x000000000001f9c8        0x4 _build/main.o
 .text.sd_ble_gap_device_name_set
                0x000000000001f9cc        0x4 _build/main.o
 .text.sd_ble_gap_sec_params_reply
                0x000000000001f9d0        0x4 _build/main.o
 .text.sd_ble_gatts_sys_attr_set
                0x000000000001f9d4        0x4 _build/main.o
 .text.sd_ble_enable
                0x000000000001f9d8        0x4 _build/main.o
 .text.sd_power_system_off
                0x000000000001f9dc        0x4 _build/main.o
 .text.sd_app_evt_wait
                0x000000000001f9e0        0x4 _build/main.o
 .text._ZL25conn_params_error_handlerm
                0x000000000001f9e4        0xc _build/main.o
 .text._ZL16nus_data_handlerP9ble_nus_sPht
                0x000000000001f9f0       0x28 _build/main.o
 .text._ZL18on_conn_params_evtP21ble_conn_params_evt_t
                0x000000000001fa18       0x28 _build/main.o
 .text._ZL16ble_evt_dispatchP9ble_evt_t
                0x000000000001fa40       0xa4 _build/main.o
 .text._Z17bsp_event_handler11bsp_event_t
                0x000000000001fae4       0x68 _build/main.o
                0x000000000001fae4                bsp_event_handler(bsp_event_t)
 .text._Z17uart_event_handleP14app_uart_evt_t
                0x000000000001fb4c       0x6c _build/main.o
                0x000000000001fb4c                uart_event_handle(app_uart_evt_t*)
 .text._ZL10on_adv_evt13ble_adv_evt_t
                0x000000000001fbb8       0x50 _build/main.o
 .text.startup.main
                0x000000000001fc08      0x264 _build/main.o
                0x000000000001fc08                main
 .text          0x000000000001fe6c       0x54 _build/gcc_startup_nrf51.o
                0x000000000001fe6c                Reset_Handler
                0x000000000001feb4                NMI_Handler
                0x000000000001feb6                HardFault_Handler
                0x000000000001feb8                SVC_Handler
                0x000000000001feba                PendSV_Handler
                0x000000000001febc                SysTick_Handler
                0x000000000001febe                SWI4_IRQHandler
                0x000000000001febe                TEMP_IRQHandler
                0x000000000001febe                QDEC_IRQHandler
                0x000000000001febe                SWI5_IRQHandler
                0x000000000001febe                TIMER0_IRQHandler
                0x000000000001febe                TIMER1_IRQHandler
                0x000000000001febe                ECB_IRQHandler
                0x000000000001febe                Default_Handler
                0x000000000001febe                ADC_IRQHandler
                0x000000000001febe                SWI3_IRQHandler
                0x000000000001febe                CCM_AAR_IRQHandler
                0x000000000001febe                WDT_IRQHandler
                0x000000000001febe                RNG_IRQHandler
                0x000000000001febe                SPI1_TWI1_IRQHandler
                0x000000000001febe                TIMER2_IRQHandler
                0x000000000001febe                SWI1_IRQHandler
                0x000000000001febe                SPI0_TWI0_IRQHandler
                0x000000000001febe                RTC0_IRQHandler
                0x000000000001febe                POWER_CLOCK_IRQHandler
                0x000000000001febe                RADIO_IRQHandler
                0x000000000001febe                LPCOMP_IRQHandler
 .text.exit     0x000000000001fec0       0x2c /Users/nilsweiss/gcc-arm-none-eabi-5_2-2015q4/bin/../lib/gcc/arm-none-eabi/5.2.1/../../../../arm-none-eabi/lib/armv6-m/libc_nano.a(lib_a-exit.o)
                0x000000000001fec0                exit
 .text.__libc_init_array
                0x000000000001feec       0x4c /Users/nilsweiss/gcc-arm-none-eabi-5_2-2015q4/bin/../lib/gcc/arm-none-eabi/5.2.1/../../../../arm-none-eabi/lib/armv6-m/libc_nano.a(lib_a-init.o)
                0x000000000001feec                __libc_init_array
 .text.memcpy   0x000000000001ff38       0x12 /Users/nilsweiss/gcc-arm-none-eabi-5_2-2015q4/bin/../lib/gcc/arm-none-eabi/5.2.1/../../../../arm-none-eabi/lib/armv6-m/libc_nano.a(lib_a-memcpy-stub.o)
                0x000000000001ff38                memcpy
 .text.memset   0x000000000001ff4a       0x10 /Users/nilsweiss/gcc-arm-none-eabi-5_2-2015q4/bin/../lib/gcc/arm-none-eabi/5.2.1/../../../../arm-none-eabi/lib/armv6-m/libc_nano.a(lib_a-memset.o)
                0x000000000001ff4a                memset
 *fill*         0x000000000001ff5a        0x2 
 .text.printf   0x000000000001ff5c       0x34 /Users/nilsweiss/gcc-arm-none-eabi-5_2-2015q4/bin/../lib/gcc/arm-none-eabi/5.2.1/../../../../arm-none-eabi/lib/armv6-m/libc_nano.a(lib_a-printf.o)
                0x000000000001ff5c                printf
                0x000000000001ff5c                iprintf
 .text          0x000000000001ff90        0xe /Users/nilsweiss/gcc-arm-none-eabi-5_2-2015q4/bin/../lib/gcc/arm-none-eabi/5.2.1/../../../../arm-none-eabi/lib/armv6-m/libc_nano.a(lib_a-strlen.o)
                0x000000000001ff90                strlen
 *fill*         0x000000000001ff9e        0x2 
 .text._cleanup_r
                0x000000000001ffa0       0x10 /Users/nilsweiss/gcc-arm-none-eabi-5_2-2015q4/bin/../lib/gcc/arm-none-eabi/5.2.1/../../../../arm-none-eabi/lib/armv6-m/libc_nano.a(lib_a-findfp.o)
                0x000000000001ffa0                _cleanup_r
 .text.std.isra.0
                0x000000000001ffb0       0x48 /Users/nilsweiss/gcc-arm-none-eabi-5_2-2015q4/bin/../lib/gcc/arm-none-eabi/5.2.1/../../../../arm-none-eabi/lib/armv6-m/libc_nano.a(lib_a-findfp.o)
 .text.__sfmoreglue
                0x000000000001fff8       0x2c /Users/nilsweiss/gcc-arm-none-eabi-5_2-2015q4/bin/../lib/gcc/arm-none-eabi/5.2.1/../../../../arm-none-eabi/lib/armv6-m/libc_nano.a(lib_a-findfp.o)
                0x000000000001fff8                __sfmoreglue
 .text.__sinit  0x0000000000020024       0x68 /Users/nilsweiss/gcc-arm-none-eabi-5_2-2015q4/bin/../lib/gcc/arm-none-eabi/5.2.1/../../../../arm-none-eabi/lib/armv6-m/libc_nano.a(lib_a-findfp.o)
                0x0000000000020024                __sinit
 .text.__sfp    0x000000000002008c       0x7c /Users/nilsweiss/gcc-arm-none-eabi-5_2-2015q4/bin/../lib/gcc/arm-none-eabi/5.2.1/../../../../arm-none-eabi/lib/armv6-m/libc_nano.a(lib_a-findfp.o)
                0x000000000002008c                __sfp
 .text._fwalk_reent
                0x0000000000020108       0x42 /Users/nilsweiss/gcc-arm-none-eabi-5_2-2015q4/bin/../lib/gcc/arm-none-eabi/5.2.1/../../../../arm-none-eabi/lib/armv6-m/libc_nano.a(lib_a-fwalk.o)
                0x0000000000020108                _fwalk_reent
 *fill*         0x000000000002014a        0x2 
 .text._malloc_r
                0x000000000002014c       0xac /Users/nilsweiss/gcc-arm-none-eabi-5_2-2015q4/bin/../lib/gcc/arm-none-eabi/5.2.1/../../../../arm-none-eabi/lib/armv6-m/libc_nano.a(lib_a-nano-mallocr.o)
                0x000000000002014c                _malloc_r
 .text.__sfputc_r
                0x00000000000201f8       0x2a /Users/nilsweiss/gcc-arm-none-eabi-5_2-2015q4/bin/../lib/gcc/arm-none-eabi/5.2.1/../../../../arm-none-eabi/lib/armv6-m/libc_nano.a(lib_a-nano-vfprintf.o)
 .text.__sfputs_r
                0x0000000000020222       0x24 /Users/nilsweiss/gcc-arm-none-eabi-5_2-2015q4/bin/../lib/gcc/arm-none-eabi/5.2.1/../../../../arm-none-eabi/lib/armv6-m/libc_nano.a(lib_a-nano-vfprintf.o)
                0x0000000000020222                __sfputs_r
 *fill*         0x0000000000020246        0x2 
 .text._vfprintf_r
                0x0000000000020248      0x238 /Users/nilsweiss/gcc-arm-none-eabi-5_2-2015q4/bin/../lib/gcc/arm-none-eabi/5.2.1/../../../../arm-none-eabi/lib/armv6-m/libc_nano.a(lib_a-nano-vfprintf.o)
                0x0000000000020248                _vfiprintf_r
                0x0000000000020248                _vfprintf_r
 .text._printf_common
                0x0000000000020480       0xdc /Users/nilsweiss/gcc-arm-none-eabi-5_2-2015q4/bin/../lib/gcc/arm-none-eabi/5.2.1/../../../../arm-none-eabi/lib/armv6-m/libc_nano.a(lib_a-nano-vfprintf_i.o)
                0x0000000000020480                _printf_common
 .text._printf_i
                0x000000000002055c      0x244 /Users/nilsweiss/gcc-arm-none-eabi-5_2-2015q4/bin/../lib/gcc/arm-none-eabi/5.2.1/../../../../arm-none-eabi/lib/armv6-m/libc_nano.a(lib_a-nano-vfprintf_i.o)
                0x000000000002055c                _printf_i
 .text._sbrk_r  0x00000000000207a0       0x24 /Users/nilsweiss/gcc-arm-none-eabi-5_2-2015q4/bin/../lib/gcc/arm-none-eabi/5.2.1/../../../../arm-none-eabi/lib/armv6-m/libc_nano.a(lib_a-sbrkr.o)
                0x00000000000207a0                _sbrk_r
 .text.__sread  0x00000000000207c4       0x28 /Users/nilsweiss/gcc-arm-none-eabi-5_2-2015q4/bin/../lib/gcc/arm-none-eabi/5.2.1/../../../../arm-none-eabi/lib/armv6-m/libc_nano.a(lib_a-stdio.o)
                0x00000000000207c4                __sread
 .text.__swrite
                0x00000000000207ec       0x38 /Users/nilsweiss/gcc-arm-none-eabi-5_2-2015q4/bin/../lib/gcc/arm-none-eabi/5.2.1/../../../../arm-none-eabi/lib/armv6-m/libc_nano.a(lib_a-stdio.o)
                0x00000000000207ec                __swrite
 .text.__sseek  0x0000000000020824       0x2c /Users/nilsweiss/gcc-arm-none-eabi-5_2-2015q4/bin/../lib/gcc/arm-none-eabi/5.2.1/../../../../arm-none-eabi/lib/armv6-m/libc_nano.a(lib_a-stdio.o)
                0x0000000000020824                __sseek
 .text.__sclose
                0x0000000000020850        0xc /Users/nilsweiss/gcc-arm-none-eabi-5_2-2015q4/bin/../lib/gcc/arm-none-eabi/5.2.1/../../../../arm-none-eabi/lib/armv6-m/libc_nano.a(lib_a-stdio.o)
                0x0000000000020850                __sclose
 .text.__swbuf_r
                0x000000000002085c       0xb0 /Users/nilsweiss/gcc-arm-none-eabi-5_2-2015q4/bin/../lib/gcc/arm-none-eabi/5.2.1/../../../../arm-none-eabi/lib/armv6-m/libc_nano.a(lib_a-wbuf.o)
                0x000000000002085c                __swbuf_r
 .text._write_r
                0x000000000002090c       0x28 /Users/nilsweiss/gcc-arm-none-eabi-5_2-2015q4/bin/../lib/gcc/arm-none-eabi/5.2.1/../../../../arm-none-eabi/lib/armv6-m/libc_nano.a(lib_a-writer.o)
                0x000000000002090c                _write_r
 .text.__swsetup_r
                0x0000000000020934       0xe8 /Users/nilsweiss/gcc-arm-none-eabi-5_2-2015q4/bin/../lib/gcc/arm-none-eabi/5.2.1/../../../../arm-none-eabi/lib/armv6-m/libc_nano.a(lib_a-wsetup.o)
                0x0000000000020934                __swsetup_r
 .text._close_r
                0x0000000000020a1c       0x24 /Users/nilsweiss/gcc-arm-none-eabi-5_2-2015q4/bin/../lib/gcc/arm-none-eabi/5.2.1/../../../../arm-none-eabi/lib/armv6-m/libc_nano.a(lib_a-closer.o)
                0x0000000000020a1c                _close_r
 .text.__sflush_r
                0x0000000000020a40      0x10c /Users/nilsweiss/gcc-arm-none-eabi-5_2-2015q4/bin/../lib/gcc/arm-none-eabi/5.2.1/../../../../arm-none-eabi/lib/armv6-m/libc_nano.a(lib_a-fflush.o)
                0x0000000000020a40                __sflush_r
 .text._fflush_r
                0x0000000000020b4c       0x58 /Users/nilsweiss/gcc-arm-none-eabi-5_2-2015q4/bin/../lib/gcc/arm-none-eabi/5.2.1/../../../../arm-none-eabi/lib/armv6-m/libc_nano.a(lib_a-fflush.o)
                0x0000000000020b4c                _fflush_r
 .text._lseek_r
                0x0000000000020ba4       0x28 /Users/nilsweiss/gcc-arm-none-eabi-5_2-2015q4/bin/../lib/gcc/arm-none-eabi/5.2.1/../../../../arm-none-eabi/lib/armv6-m/libc_nano.a(lib_a-lseekr.o)
                0x0000000000020ba4                _lseek_r
 .text.__smakebuf_r
                0x0000000000020bcc       0xa4 /Users/nilsweiss/gcc-arm-none-eabi-5_2-2015q4/bin/../lib/gcc/arm-none-eabi/5.2.1/../../../../arm-none-eabi/lib/armv6-m/libc_nano.a(lib_a-makebuf.o)
                0x0000000000020bcc                __smakebuf_r
 .text.memchr   0x0000000000020c70       0x16 /Users/nilsweiss/gcc-arm-none-eabi-5_2-2015q4/bin/../lib/gcc/arm-none-eabi/5.2.1/../../../../arm-none-eabi/lib/armv6-m/libc_nano.a(lib_a-memchr-stub.o)
                0x0000000000020c70                memchr
 *fill*         0x0000000000020c86        0x2 
 .text._free_r  0x0000000000020c88       0x8c /Users/nilsweiss/gcc-arm-none-eabi-5_2-2015q4/bin/../lib/gcc/arm-none-eabi/5.2.1/../../../../arm-none-eabi/lib/armv6-m/libc_nano.a(lib_a-nano-freer.o)
                0x0000000000020c88                _free_r
 .text._read_r  0x0000000000020d14       0x28 /Users/nilsweiss/gcc-arm-none-eabi-5_2-2015q4/bin/../lib/gcc/arm-none-eabi/5.2.1/../../../../arm-none-eabi/lib/armv6-m/libc_nano.a(lib_a-readr.o)
                0x0000000000020d14                _read_r
 .text._fstat_r
                0x0000000000020d3c       0x24 /Users/nilsweiss/gcc-arm-none-eabi-5_2-2015q4/bin/../lib/gcc/arm-none-eabi/5.2.1/../../../../arm-none-eabi/lib/armv6-m/libc_nano.a(lib_a-fstatr.o)
                0x0000000000020d3c                _fstat_r
 .text._isatty_r
                0x0000000000020d60       0x24 /Users/nilsweiss/gcc-arm-none-eabi-5_2-2015q4/bin/../lib/gcc/arm-none-eabi/5.2.1/../../../../arm-none-eabi/lib/armv6-m/libc_nano.a(lib_a-isattyr.o)
                0x0000000000020d60                _isatty_r
 .text          0x0000000000020d84      0x114 /Users/nilsweiss/gcc-arm-none-eabi-5_2-2015q4/bin/../lib/gcc/arm-none-eabi/5.2.1/armv6-m/libgcc.a(_udivsi3.o)
                0x0000000000020d84                __udivsi3
                0x0000000000020d84                __aeabi_uidiv
                0x0000000000020e90                __aeabi_uidivmod
 .text          0x0000000000020e98        0x4 /Users/nilsweiss/gcc-arm-none-eabi-5_2-2015q4/bin/../lib/gcc/arm-none-eabi/5.2.1/armv6-m/libgcc.a(_dvmd_tls.o)
                0x0000000000020e98                __aeabi_ldiv0
                0x0000000000020e98                __aeabi_idiv0
 .text._close   0x0000000000020e9c       0x10 /Users/nilsweiss/gcc-arm-none-eabi-5_2-2015q4/bin/../lib/gcc/arm-none-eabi/5.2.1/../../../../arm-none-eabi/lib/armv6-m/libnosys.a(close.o)
                0x0000000000020e9c                _close
 .text._fstat   0x0000000000020eac       0x10 /Users/nilsweiss/gcc-arm-none-eabi-5_2-2015q4/bin/../lib/gcc/arm-none-eabi/5.2.1/../../../../arm-none-eabi/lib/armv6-m/libnosys.a(fstat.o)
                0x0000000000020eac                _fstat
 .text._isatty  0x0000000000020ebc       0x10 /Users/nilsweiss/gcc-arm-none-eabi-5_2-2015q4/bin/../lib/gcc/arm-none-eabi/5.2.1/../../../../arm-none-eabi/lib/armv6-m/libnosys.a(isatty.o)
                0x0000000000020ebc                _isatty
 .text._lseek   0x0000000000020ecc       0x10 /Users/nilsweiss/gcc-arm-none-eabi-5_2-2015q4/bin/../lib/gcc/arm-none-eabi/5.2.1/../../../../arm-none-eabi/lib/armv6-m/libnosys.a(lseek.o)
                0x0000000000020ecc                _lseek
 .text._sbrk    0x0000000000020edc       0x1c /Users/nilsweiss/gcc-arm-none-eabi-5_2-2015q4/bin/../lib/gcc/arm-none-eabi/5.2.1/../../../../arm-none-eabi/lib/armv6-m/libnosys.a(sbrk.o)
                0x0000000000020edc                _sbrk
 .text._exit    0x0000000000020ef8        0x4 /Users/nilsweiss/gcc-arm-none-eabi-5_2-2015q4/bin/../lib/gcc/arm-none-eabi/5.2.1/../../../../arm-none-eabi/lib/armv6-m/libnosys.a(_exit.o)
                0x0000000000020ef8                _exit
 *(.init)
 .init          0x0000000000020efc        0x4 /Users/nilsweiss/gcc-arm-none-eabi-5_2-2015q4/bin/../lib/gcc/arm-none-eabi/5.2.1/armv6-m/crti.o
                0x0000000000020efc                _init
 .init          0x0000000000020f00        0x8 /Users/nilsweiss/gcc-arm-none-eabi-5_2-2015q4/bin/../lib/gcc/arm-none-eabi/5.2.1/armv6-m/crtn.o
 *(.fini)
 .fini          0x0000000000020f08        0x4 /Users/nilsweiss/gcc-arm-none-eabi-5_2-2015q4/bin/../lib/gcc/arm-none-eabi/5.2.1/armv6-m/crti.o
                0x0000000000020f08                _fini
 .fini          0x0000000000020f0c        0x8 /Users/nilsweiss/gcc-arm-none-eabi-5_2-2015q4/bin/../lib/gcc/arm-none-eabi/5.2.1/armv6-m/crtn.o
 *crtbegin.o(.ctors)
 *crtbegin?.o(.ctors)
 *(EXCLUDE_FILE(*crtend.o *crtend?.o) .ctors)
 *(SORT(.ctors.*))
 *(.ctors)
 *crtbegin.o(.dtors)
 *crtbegin?.o(.dtors)
 *(EXCLUDE_FILE(*crtend.o *crtend?.o) .dtors)
 *(SORT(.dtors.*))
 *(.dtors)
 *(.rodata*)
 .rodata.m_detection_delay_timer_id
                0x0000000000020f14        0x4 _build/app_button.o
 .rodata        0x0000000000020f18       0x20 _build/app_uart_fifo.o
 .rodata.m_default_config
                0x0000000000020f38       0x20 _build/nrf_drv_uart.o
 .rodata.leds_timer_handler
                0x0000000000020f58       0x60 _build/bsp.o
 .rodata.bsp_indication_set
                0x0000000000020fb8       0x60 _build/bsp.o
 .rodata.m_button_timer_id
                0x0000000000021018        0x4 _build/bsp.o
 .rodata.m_buttons_list
                0x000000000002101c       0x10 _build/bsp.o
 .rodata.m_leds_timer_id
                0x000000000002102c        0x4 _build/bsp.o
 .rodata.m_alert_timer_id
                0x0000000000021030        0x4 _build/bsp.o
 .rodata.app_buttons
                0x0000000000021034       0x20 _build/bsp.o
 .rodata.m_conn_params_timer_id
                0x0000000000021054        0x4 _build/ble_conn_params.o
 .rodata        0x0000000000021058       0x10 _build/ble_nus.o
 .rodata        0x0000000000021068        0xc _build/main.o
 .rodata.str1.4
                0x0000000000021074       0x1c _build/main.o
                                         0x1a (size before relaxing)
 .rodata.str1.1
                0x0000000000021090        0x2 /Users/nilsweiss/gcc-arm-none-eabi-5_2-2015q4/bin/../lib/gcc/arm-none-eabi/5.2.1/../../../../arm-none-eabi/lib/armv6-m/libc_nano.a(lib_a-impure.o)
 *fill*         0x0000000000021092        0x2 
 .rodata._global_impure_ptr
                0x0000000000021094        0x4 /Users/nilsweiss/gcc-arm-none-eabi-5_2-2015q4/bin/../lib/gcc/arm-none-eabi/5.2.1/../../../../arm-none-eabi/lib/armv6-m/libc_nano.a(lib_a-impure.o)
                0x0000000000021094                _global_impure_ptr
 .rodata.__sf_fake_stdin
                0x0000000000021098       0x20 /Users/nilsweiss/gcc-arm-none-eabi-5_2-2015q4/bin/../lib/gcc/arm-none-eabi/5.2.1/../../../../arm-none-eabi/lib/armv6-m/libc_nano.a(lib_a-findfp.o)
                0x0000000000021098                __sf_fake_stdin
 .rodata.__sf_fake_stdout
                0x00000000000210b8       0x20 /Users/nilsweiss/gcc-arm-none-eabi-5_2-2015q4/bin/../lib/gcc/arm-none-eabi/5.2.1/../../../../arm-none-eabi/lib/armv6-m/libc_nano.a(lib_a-findfp.o)
                0x00000000000210b8                __sf_fake_stdout
 .rodata.__sf_fake_stderr
                0x00000000000210d8       0x20 /Users/nilsweiss/gcc-arm-none-eabi-5_2-2015q4/bin/../lib/gcc/arm-none-eabi/5.2.1/../../../../arm-none-eabi/lib/armv6-m/libc_nano.a(lib_a-findfp.o)
                0x00000000000210d8                __sf_fake_stderr
 .rodata.str1.1
                0x00000000000210f8       0x11 /Users/nilsweiss/gcc-arm-none-eabi-5_2-2015q4/bin/../lib/gcc/arm-none-eabi/5.2.1/../../../../arm-none-eabi/lib/armv6-m/libc_nano.a(lib_a-nano-vfprintf.o)
 .rodata.str1.1
                0x0000000000021109       0x22 /Users/nilsweiss/gcc-arm-none-eabi-5_2-2015q4/bin/../lib/gcc/arm-none-eabi/5.2.1/../../../../arm-none-eabi/lib/armv6-m/libc_nano.a(lib_a-nano-vfprintf_i.o)
 *(.eh_frame*)
 *fill*         0x000000000002112b        0x1 
 .eh_frame      0x000000000002112c        0x0 /Users/nilsweiss/gcc-arm-none-eabi-5_2-2015q4/bin/../lib/gcc/arm-none-eabi/5.2.1/armv6-m/crtbegin.o
                0x000000000002112c                . = ALIGN (0x4)

.glue_7         0x000000000002112c        0x0
 .glue_7        0x000000000002112c        0x0 linker stubs

.glue_7t        0x000000000002112c        0x0
 .glue_7t       0x000000000002112c        0x0 linker stubs

.vfp11_veneer   0x000000000002112c        0x0
 .vfp11_veneer  0x000000000002112c        0x0 linker stubs

.v4_bx          0x000000000002112c        0x0
 .v4_bx         0x000000000002112c        0x0 linker stubs

.iplt           0x000000000002112c        0x0
 .iplt          0x000000000002112c        0x0 /Users/nilsweiss/gcc-arm-none-eabi-5_2-2015q4/bin/../lib/gcc/arm-none-eabi/5.2.1/armv6-m/crtbegin.o

.ARM.extab      0x000000000002112c        0x0
 *(.ARM.extab* .gnu.linkonce.armextab.*)
                0x000000000002112c                . = ALIGN (0x4)
                0x000000000002112c                __exidx_start = .

.ARM.exidx      0x000000000002112c        0x8
 *(.ARM.exidx* .gnu.linkonce.armexidx.*)
 .ARM.exidx     0x000000000002112c        0x8 /Users/nilsweiss/gcc-arm-none-eabi-5_2-2015q4/bin/../lib/gcc/arm-none-eabi/5.2.1/../../../../arm-none-eabi/lib/armv6-m/crt0.o
 .ARM.exidx     0x0000000000021134        0x0 _build/gcc_startup_nrf51.o
                                          0x8 (size before relaxing)
                0x0000000000021134                . = ALIGN (0x4)
                0x0000000000021134                __exidx_end = .
                0x0000000000021134                __etext = .

.rel.dyn        0x0000000000021134        0x0
 .rel.iplt      0x0000000000021134        0x0 /Users/nilsweiss/gcc-arm-none-eabi-5_2-2015q4/bin/../lib/gcc/arm-none-eabi/5.2.1/armv6-m/crtbegin.o

.data           0x0000000020002800       0x78 load address 0x0000000000021134
                0x0000000020002800                __data_start__ = .
 *(vtable)
 *(.data*)
 .data.current_slave_link_conn_handle.7263
                0x0000000020002800        0x2 _build/ble_advertising.o
 *fill*         0x0000000020002802        0x2 
 .data._ZL11m_adv_uuids
                0x0000000020002804        0x4 _build/main.o
 .data._ZL13m_conn_handle
                0x0000000020002808        0x2 _build/main.o
 *fill*         0x000000002000280a        0x2 
 .data.impure_data
                0x000000002000280c       0x60 /Users/nilsweiss/gcc-arm-none-eabi-5_2-2015q4/bin/../lib/gcc/arm-none-eabi/5.2.1/../../../../arm-none-eabi/lib/armv6-m/libc_nano.a(lib_a-impure.o)
 .data._impure_ptr
                0x000000002000286c        0x4 /Users/nilsweiss/gcc-arm-none-eabi-5_2-2015q4/bin/../lib/gcc/arm-none-eabi/5.2.1/../../../../arm-none-eabi/lib/armv6-m/libc_nano.a(lib_a-impure.o)
                0x000000002000286c                _impure_ptr
                0x0000000020002870                . = ALIGN (0x4)
                0x0000000020002870                PROVIDE (__preinit_array_start, .)
 *(.preinit_array)
                0x0000000020002870                PROVIDE (__preinit_array_end, .)
                0x0000000020002870                . = ALIGN (0x4)
                0x0000000020002870                PROVIDE (__init_array_start, .)
 *(SORT(.init_array.*))
 *(.init_array)
 .init_array    0x0000000020002870        0x4 /Users/nilsweiss/gcc-arm-none-eabi-5_2-2015q4/bin/../lib/gcc/arm-none-eabi/5.2.1/armv6-m/crtbegin.o
                0x0000000020002874                PROVIDE (__init_array_end, .)
                0x0000000020002874                . = ALIGN (0x4)
                [!provide]                        PROVIDE (__fini_array_start, .)
 *(SORT(.fini_array.*))
 *(.fini_array)
 .fini_array    0x0000000020002874        0x4 /Users/nilsweiss/gcc-arm-none-eabi-5_2-2015q4/bin/../lib/gcc/arm-none-eabi/5.2.1/armv6-m/crtbegin.o
                [!provide]                        PROVIDE (__fini_array_end, .)
 *(.jcr)
 .jcr           0x0000000020002878        0x0 /Users/nilsweiss/gcc-arm-none-eabi-5_2-2015q4/bin/../lib/gcc/arm-none-eabi/5.2.1/armv6-m/crtbegin.o
                0x0000000020002878                . = ALIGN (0x4)
                0x0000000020002878                __data_end__ = .

.tm_clone_table
                0x0000000020002878        0x0 load address 0x00000000000211ac
 .tm_clone_table
                0x0000000020002878        0x0 /Users/nilsweiss/gcc-arm-none-eabi-5_2-2015q4/bin/../lib/gcc/arm-none-eabi/5.2.1/armv6-m/crtbegin.o
 .tm_clone_table
                0x0000000020002878        0x0 /Users/nilsweiss/gcc-arm-none-eabi-5_2-2015q4/bin/../lib/gcc/arm-none-eabi/5.2.1/armv6-m/crtend.o

.igot.plt       0x0000000020002878        0x0 load address 0x00000000000211ac
 .igot.plt      0x0000000020002878        0x0 /Users/nilsweiss/gcc-arm-none-eabi-5_2-2015q4/bin/../lib/gcc/arm-none-eabi/5.2.1/armv6-m/crtbegin.o

.bss            0x0000000020002878      0x848 load address 0x00000000000211ac
                0x0000000020002878                . = ALIGN (0x4)
                0x0000000020002878                __bss_start__ = .
 *(.bss*)
 .bss           0x0000000020002878       0x1c /Users/nilsweiss/gcc-arm-none-eabi-5_2-2015q4/bin/../lib/gcc/arm-none-eabi/5.2.1/armv6-m/crtbegin.o
 .bss.m_detection_delay
                0x0000000020002894        0x4 _build/app_button.o
 .bss.mp_buttons
                0x0000000020002898        0x4 _build/app_button.o
 .bss.m_button_count
                0x000000002000289c        0x1 _build/app_button.o
 *fill*         0x000000002000289d        0x3 
 .bss.m_detection_delay_timer_id_data
                0x00000000200028a0       0x20 _build/app_button.o
 .bss.m_pin_state
                0x00000000200028c0        0x4 _build/app_button.o
 .bss.m_pin_transition
                0x00000000200028c4        0x4 _build/app_button.o
 .bss.m_ticks_latest
                0x00000000200028c8        0x4 _build/app_timer.o
 .bss.mp_timer_id_head
                0x00000000200028cc        0x4 _build/app_timer.o
 .bss.m_evt_schedule_func
                0x00000000200028d0        0x4 _build/app_timer.o
 .bss.m_user_array_size
                0x00000000200028d4        0x1 _build/app_timer.o
 *fill*         0x00000000200028d5        0x3 
 .bss.mp_users  0x00000000200028d8        0x4 _build/app_timer.o
 .bss.m_ticks_elapsed_q_read_ind
                0x00000000200028dc        0x1 _build/app_timer.o
 .bss.m_ticks_elapsed_q_write_ind
                0x00000000200028dd        0x1 _build/app_timer.o
 .bss.m_rtc1_reset
                0x00000000200028de        0x1 _build/app_timer.o
 *fill*         0x00000000200028df        0x1 
 .bss.m_ticks_elapsed
                0x00000000200028e0        0x8 _build/app_timer.o
 .bss.m_rtc1_running
                0x00000000200028e8        0x1 _build/app_timer.o
 *fill*         0x00000000200028e9        0x3 
 .bss.tx_buffer
                0x00000000200028ec        0x1 _build/app_uart_fifo.o
 *fill*         0x00000000200028ed        0x3 
 .bss.m_event_handler
                0x00000000200028f0        0x4 _build/app_uart_fifo.o
 .bss.rx_buffer
                0x00000000200028f4        0x1 _build/app_uart_fifo.o
 *fill*         0x00000000200028f5        0x3 
 .bss.m_tx_fifo
                0x00000000200028f8       0x10 _build/app_uart_fifo.o
 .bss.m_rx_fifo
                0x0000000020002908       0x10 _build/app_uart_fifo.o
 .bss.tx_tmp    0x0000000020002918        0x1 _build/app_uart_fifo.o
 *fill*         0x0000000020002919        0x3 
 .bss.m_cb      0x000000002000291c       0x48 _build/nrf_drv_gpiote.o
 .bss.m_cb      0x0000000020002964       0x18 _build/nrf_drv_uart.o
 .bss.m_cmd_queue
                0x000000002000297c       0xcc _build/pstorage.o
 .bss.m_flags   0x0000000020002a48        0x4 _build/pstorage.o
 .bss.m_leds_timer_id_data
                0x0000000020002a4c       0x20 _build/bsp.o
 .bss.m_alert_mask
                0x0000000020002a6c        0x4 _build/bsp.o
 .bss.current_long_push_pin_no.6051
                0x0000000020002a70        0x1 _build/bsp.o
 *fill*         0x0000000020002a71        0x3 
 .bss.m_indication_type
                0x0000000020002a74        0x4 _build/bsp.o
 .bss.release_event_at_push.6052
                0x0000000020002a78        0x4 _build/bsp.o
 .bss.m_app_ticks_per_100ms
                0x0000000020002a7c        0x4 _build/bsp.o
 .bss.m_registered_callback
                0x0000000020002a80        0x4 _build/bsp.o
 .bss.m_button_timer_id_data
                0x0000000020002a84       0x20 _build/bsp.o
 .bss.m_stable_state
                0x0000000020002aa4        0x1 _build/bsp.o
 *fill*         0x0000000020002aa5        0x3 
 .bss.m_alert_timer_id_data
                0x0000000020002aa8       0x20 _build/bsp.o
 .bss.m_events_list
                0x0000000020002ac8        0xc _build/bsp.o
 .bss.m_error_handler
                0x0000000020002ad4        0x4 _build/bsp_btn_ble.o
 .bss.m_num_connections
                0x0000000020002ad8        0x4 _build/bsp_btn_ble.o
 .bss.m_advdata
                0x0000000020002adc       0x38 _build/ble_advertising.o
 .bss.m_manuf_specific_data
                0x0000000020002b14        0xc _build/ble_advertising.o
 .bss.m_evt_handler
                0x0000000020002b20        0x4 _build/ble_advertising.o
 .bss.m_advertising_start_pending
                0x0000000020002b24        0x1 _build/ble_advertising.o
 *fill*         0x0000000020002b25        0x3 
 .bss.m_manuf_data_array
                0x0000000020002b28       0x1f _build/ble_advertising.o
 .bss.m_whitelist_temporarily_disabled
                0x0000000020002b47        0x1 _build/ble_advertising.o
 .bss.m_error_handler
                0x0000000020002b48        0x4 _build/ble_advertising.o
 .bss.m_peer_address
                0x0000000020002b4c        0x7 _build/ble_advertising.o
 *fill*         0x0000000020002b53        0x1 
 .bss.m_adv_modes_config
                0x0000000020002b54       0x24 _build/ble_advertising.o
 .bss.mp_whitelist_addr
                0x0000000020002b78       0x20 _build/ble_advertising.o
 .bss.m_tx_power_level
                0x0000000020002b98        0x1 _build/ble_advertising.o
 *fill*         0x0000000020002b99        0x3 
 .bss.m_whitelist
                0x0000000020002b9c       0x10 _build/ble_advertising.o
 .bss.m_service_data_array
                0x0000000020002bac       0x1f _build/ble_advertising.o
 .bss.m_whitelist_reply_expected
                0x0000000020002bcb        0x1 _build/ble_advertising.o
 .bss.mp_whitelist_irk
                0x0000000020002bcc       0x20 _build/ble_advertising.o
 .bss.m_adv_mode_current
                0x0000000020002bec        0x1 _build/ble_advertising.o
 .bss.m_peer_addr_reply_expected
                0x0000000020002bed        0x1 _build/ble_advertising.o
 *fill*         0x0000000020002bee        0x2 
 .bss.m_slave_conn_int
                0x0000000020002bf0        0x4 _build/ble_advertising.o
 .bss.m_service_data
                0x0000000020002bf4        0xc _build/ble_advertising.o
 .bss.m_adv_evt
                0x0000000020002c00        0x1 _build/ble_advertising.o
 .bss.m_change_param
                0x0000000020002c01        0x1 _build/ble_conn_params.o
 *fill*         0x0000000020002c02        0x2 
 .bss.m_current_conn_params
                0x0000000020002c04        0x8 _build/ble_conn_params.o
 .bss.m_update_count
                0x0000000020002c0c        0x1 _build/ble_conn_params.o
 *fill*         0x0000000020002c0d        0x3 
 .bss.m_conn_params_config
                0x0000000020002c10       0x1c _build/ble_conn_params.o
 .bss.m_conn_params_timer_id_data
                0x0000000020002c2c       0x20 _build/ble_conn_params.o
 .bss.m_conn_handle
                0x0000000020002c4c        0x2 _build/ble_conn_params.o
 *fill*         0x0000000020002c4e        0x2 
 .bss.m_preferred_conn_params
                0x0000000020002c50        0x8 _build/ble_conn_params.o
 .bss.m_softdevice_enabled
                0x0000000020002c58        0x1 _build/softdevice_handler.o
 *fill*         0x0000000020002c59        0x1 
 .bss.m_ble_evt_buffer_size
                0x0000000020002c5a        0x2 _build/softdevice_handler.o
 .bss.mp_ble_evt_buffer
                0x0000000020002c5c        0x4 _build/softdevice_handler.o
 .bss.m_sys_evt_handler
                0x0000000020002c60        0x4 _build/softdevice_handler.o
 .bss.m_ble_evt_handler
                0x0000000020002c64        0x4 _build/softdevice_handler.o
 .bss.m_evt_schedule_func
                0x0000000020002c68        0x4 _build/softdevice_handler.o
 .bss._ZZL9uart_initvE6rx_buf
                0x0000000020002c6c      0x100 _build/main.o
 .bss._ZZL14ble_stack_initvE14BLE_EVT_BUFFER
                0x0000000020002d6c       0x48 _build/main.o
 .bss._ZL5m_nus
                0x0000000020002db4       0x1c _build/main.o
 .bss._ZZ17uart_event_handleP14app_uart_evt_tE5index
                0x0000000020002dd0        0x1 _build/main.o
 *fill*         0x0000000020002dd1        0x3 
 .bss._ZZ4mainE13APP_TIMER_BUF
                0x0000000020002dd4      0x1c8 _build/main.o
 .bss._ZZL9uart_initvE6tx_buf
                0x0000000020002f9c      0x100 _build/main.o
 .bss._ZZ17uart_event_handleP14app_uart_evt_tE10data_array
                0x000000002000309c       0x14 _build/main.o
 .bss.__malloc_sbrk_start
                0x00000000200030b0        0x4 /Users/nilsweiss/gcc-arm-none-eabi-5_2-2015q4/bin/../lib/gcc/arm-none-eabi/5.2.1/../../../../arm-none-eabi/lib/armv6-m/libc_nano.a(lib_a-nano-mallocr.o)
                0x00000000200030b0                __malloc_sbrk_start
 .bss.__malloc_free_list
                0x00000000200030b4        0x4 /Users/nilsweiss/gcc-arm-none-eabi-5_2-2015q4/bin/../lib/gcc/arm-none-eabi/5.2.1/../../../../arm-none-eabi/lib/armv6-m/libc_nano.a(lib_a-nano-mallocr.o)
                0x00000000200030b4                __malloc_free_list
 .bss.heap_end.4167
                0x00000000200030b8        0x4 /Users/nilsweiss/gcc-arm-none-eabi-5_2-2015q4/bin/../lib/gcc/arm-none-eabi/5.2.1/../../../../arm-none-eabi/lib/armv6-m/libnosys.a(sbrk.o)
 *(COMMON)
 COMMON         0x00000000200030bc        0x4 /Users/nilsweiss/gcc-arm-none-eabi-5_2-2015q4/bin/../lib/gcc/arm-none-eabi/5.2.1/../../../../arm-none-eabi/lib/armv6-m/libc_nano.a(lib_a-reent.o)
                0x00000000200030bc                errno
                0x00000000200030c0                . = ALIGN (0x4)
                0x00000000200030c0                __bss_end__ = .

.heap           0x00000000200030c0      0x800
                0x00000000200030c0                __end__ = .
                0x00000000200030c0                end = __end__
 *(.heap*)
 .heap          0x00000000200030c0      0x800 _build/gcc_startup_nrf51.o
                0x00000000200030c0                __HeapBase
                0x00000000200038c0                __HeapLimit = .

.stack_dummy    0x00000000200030c0      0x800
 *(.stack*)
 .stack         0x00000000200030c0      0x800 _build/gcc_startup_nrf51.o
                0x0000000020008000                __StackTop = (ORIGIN (RAM) + LENGTH (RAM))
                0x0000000020007800                __StackLimit = (__StackTop - SIZEOF (.stack_dummy))
                0x0000000020008000                PROVIDE (__stack, __StackTop)
                0x0000000000000001                ASSERT ((__StackLimit >= __HeapLimit), region RAM overflowed with stack)
OUTPUT(_build/nrf51422_xxac_s130.out elf32-littlearm)

.ARM.attributes
                0x0000000000000000       0x28
 .ARM.attributes
                0x0000000000000000       0x1e /Users/nilsweiss/gcc-arm-none-eabi-5_2-2015q4/bin/../lib/gcc/arm-none-eabi/5.2.1/armv6-m/crti.o
 .ARM.attributes
                0x000000000000001e       0x2c /Users/nilsweiss/gcc-arm-none-eabi-5_2-2015q4/bin/../lib/gcc/arm-none-eabi/5.2.1/armv6-m/crtbegin.o
 .ARM.attributes
                0x000000000000004a       0x1b /Users/nilsweiss/gcc-arm-none-eabi-5_2-2015q4/bin/../lib/gcc/arm-none-eabi/5.2.1/../../../../arm-none-eabi/lib/armv6-m/crt0.o
 .ARM.attributes
                0x0000000000000065       0x31 _build/app_button.o
 .ARM.attributes
                0x0000000000000096       0x31 _build/app_error.o
 .ARM.attributes
                0x00000000000000c7       0x31 _build/app_fifo.o
 .ARM.attributes
                0x00000000000000f8       0x31 _build/app_timer.o
 .ARM.attributes
                0x0000000000000129       0x31 _build/retarget.o
 .ARM.attributes
                0x000000000000015a       0x31 _build/app_uart_fifo.o
 .ARM.attributes
                0x000000000000018b       0x31 _build/nrf_drv_common.o
 .ARM.attributes
                0x00000000000001bc       0x31 _build/nrf_drv_gpiote.o
 .ARM.attributes
                0x00000000000001ed       0x31 _build/nrf_drv_uart.o
 .ARM.attributes
                0x000000000000021e       0x31 _build/pstorage.o
 .ARM.attributes
                0x000000000000024f       0x31 _build/bsp.o
 .ARM.attributes
                0x0000000000000280       0x31 _build/bsp_btn_ble.o
 .ARM.attributes
                0x00000000000002b1       0x31 _build/ble_advdata.o
 .ARM.attributes
                0x00000000000002e2       0x31 _build/ble_advertising.o
 .ARM.attributes
                0x0000000000000313       0x31 _build/ble_conn_params.o
 .ARM.attributes
                0x0000000000000344       0x31 _build/ble_nus.o
 .ARM.attributes
                0x0000000000000375       0x31 _build/system_nrf51.o
 .ARM.attributes
                0x00000000000003a6       0x31 _build/softdevice_handler.o
 .ARM.attributes
                0x00000000000003d7       0x31 _build/main.o
 .ARM.attributes
                0x0000000000000408       0x1b _build/gcc_startup_nrf51.o
 .ARM.attributes
                0x0000000000000423       0x2c /Users/nilsweiss/gcc-arm-none-eabi-5_2-2015q4/bin/../lib/gcc/arm-none-eabi/5.2.1/../../../../arm-none-eabi/lib/armv6-m/libc_nano.a(lib_a-exit.o)
 .ARM.attributes
                0x000000000000044f       0x2c /Users/nilsweiss/gcc-arm-none-eabi-5_2-2015q4/bin/../lib/gcc/arm-none-eabi/5.2.1/../../../../arm-none-eabi/lib/armv6-m/libc_nano.a(lib_a-impure.o)
 .ARM.attributes
                0x000000000000047b       0x2c /Users/nilsweiss/gcc-arm-none-eabi-5_2-2015q4/bin/../lib/gcc/arm-none-eabi/5.2.1/../../../../arm-none-eabi/lib/armv6-m/libc_nano.a(lib_a-init.o)
 .ARM.attributes
                0x00000000000004a7       0x2c /Users/nilsweiss/gcc-arm-none-eabi-5_2-2015q4/bin/../lib/gcc/arm-none-eabi/5.2.1/../../../../arm-none-eabi/lib/armv6-m/libc_nano.a(lib_a-memcpy-stub.o)
 .ARM.attributes
                0x00000000000004d3       0x2c /Users/nilsweiss/gcc-arm-none-eabi-5_2-2015q4/bin/../lib/gcc/arm-none-eabi/5.2.1/../../../../arm-none-eabi/lib/armv6-m/libc_nano.a(lib_a-memset.o)
 .ARM.attributes
                0x00000000000004ff       0x2c /Users/nilsweiss/gcc-arm-none-eabi-5_2-2015q4/bin/../lib/gcc/arm-none-eabi/5.2.1/../../../../arm-none-eabi/lib/armv6-m/libc_nano.a(lib_a-printf.o)
 .ARM.attributes
                0x000000000000052b       0x1c /Users/nilsweiss/gcc-arm-none-eabi-5_2-2015q4/bin/../lib/gcc/arm-none-eabi/5.2.1/../../../../arm-none-eabi/lib/armv6-m/libc_nano.a(lib_a-strlen.o)
 .ARM.attributes
                0x0000000000000547       0x2c /Users/nilsweiss/gcc-arm-none-eabi-5_2-2015q4/bin/../lib/gcc/arm-none-eabi/5.2.1/../../../../arm-none-eabi/lib/armv6-m/libc_nano.a(lib_a-findfp.o)
 .ARM.attributes
                0x0000000000000573       0x2c /Users/nilsweiss/gcc-arm-none-eabi-5_2-2015q4/bin/../lib/gcc/arm-none-eabi/5.2.1/../../../../arm-none-eabi/lib/armv6-m/libc_nano.a(lib_a-fwalk.o)
 .ARM.attributes
                0x000000000000059f       0x2c /Users/nilsweiss/gcc-arm-none-eabi-5_2-2015q4/bin/../lib/gcc/arm-none-eabi/5.2.1/../../../../arm-none-eabi/lib/armv6-m/libc_nano.a(lib_a-nano-mallocr.o)
 .ARM.attributes
                0x00000000000005cb       0x2c /Users/nilsweiss/gcc-arm-none-eabi-5_2-2015q4/bin/../lib/gcc/arm-none-eabi/5.2.1/../../../../arm-none-eabi/lib/armv6-m/libc_nano.a(lib_a-nano-vfprintf.o)
 .ARM.attributes
                0x00000000000005f7       0x2c /Users/nilsweiss/gcc-arm-none-eabi-5_2-2015q4/bin/../lib/gcc/arm-none-eabi/5.2.1/../../../../arm-none-eabi/lib/armv6-m/libc_nano.a(lib_a-nano-vfprintf_i.o)
 .ARM.attributes
                0x0000000000000623       0x2c /Users/nilsweiss/gcc-arm-none-eabi-5_2-2015q4/bin/../lib/gcc/arm-none-eabi/5.2.1/../../../../arm-none-eabi/lib/armv6-m/libc_nano.a(lib_a-sbrkr.o)
 .ARM.attributes
                0x000000000000064f       0x2c /Users/nilsweiss/gcc-arm-none-eabi-5_2-2015q4/bin/../lib/gcc/arm-none-eabi/5.2.1/../../../../arm-none-eabi/lib/armv6-m/libc_nano.a(lib_a-stdio.o)
 .ARM.attributes
                0x000000000000067b       0x2c /Users/nilsweiss/gcc-arm-none-eabi-5_2-2015q4/bin/../lib/gcc/arm-none-eabi/5.2.1/../../../../arm-none-eabi/lib/armv6-m/libc_nano.a(lib_a-wbuf.o)
 .ARM.attributes
                0x00000000000006a7       0x2c /Users/nilsweiss/gcc-arm-none-eabi-5_2-2015q4/bin/../lib/gcc/arm-none-eabi/5.2.1/../../../../arm-none-eabi/lib/armv6-m/libc_nano.a(lib_a-writer.o)
 .ARM.attributes
                0x00000000000006d3       0x2c /Users/nilsweiss/gcc-arm-none-eabi-5_2-2015q4/bin/../lib/gcc/arm-none-eabi/5.2.1/../../../../arm-none-eabi/lib/armv6-m/libc_nano.a(lib_a-wsetup.o)
 .ARM.attributes
                0x00000000000006ff       0x2c /Users/nilsweiss/gcc-arm-none-eabi-5_2-2015q4/bin/../lib/gcc/arm-none-eabi/5.2.1/../../../../arm-none-eabi/lib/armv6-m/libc_nano.a(lib_a-closer.o)
 .ARM.attributes
                0x000000000000072b       0x2c /Users/nilsweiss/gcc-arm-none-eabi-5_2-2015q4/bin/../lib/gcc/arm-none-eabi/5.2.1/../../../../arm-none-eabi/lib/armv6-m/libc_nano.a(lib_a-fflush.o)
 .ARM.attributes
                0x0000000000000757       0x2c /Users/nilsweiss/gcc-arm-none-eabi-5_2-2015q4/bin/../lib/gcc/arm-none-eabi/5.2.1/../../../../arm-none-eabi/lib/armv6-m/libc_nano.a(lib_a-lseekr.o)
 .ARM.attributes
                0x0000000000000783       0x2c /Users/nilsweiss/gcc-arm-none-eabi-5_2-2015q4/bin/../lib/gcc/arm-none-eabi/5.2.1/../../../../arm-none-eabi/lib/armv6-m/libc_nano.a(lib_a-makebuf.o)
 .ARM.attributes
                0x00000000000007af       0x2c /Users/nilsweiss/gcc-arm-none-eabi-5_2-2015q4/bin/../lib/gcc/arm-none-eabi/5.2.1/../../../../arm-none-eabi/lib/armv6-m/libc_nano.a(lib_a-memchr-stub.o)
 .ARM.attributes
                0x00000000000007db       0x2c /Users/nilsweiss/gcc-arm-none-eabi-5_2-2015q4/bin/../lib/gcc/arm-none-eabi/5.2.1/../../../../arm-none-eabi/lib/armv6-m/libc_nano.a(lib_a-nano-freer.o)
 .ARM.attributes
                0x0000000000000807       0x2c /Users/nilsweiss/gcc-arm-none-eabi-5_2-2015q4/bin/../lib/gcc/arm-none-eabi/5.2.1/../../../../arm-none-eabi/lib/armv6-m/libc_nano.a(lib_a-readr.o)
 .ARM.attributes
                0x0000000000000833       0x2c /Users/nilsweiss/gcc-arm-none-eabi-5_2-2015q4/bin/../lib/gcc/arm-none-eabi/5.2.1/../../../../arm-none-eabi/lib/armv6-m/libc_nano.a(lib_a-reent.o)
 .ARM.attributes
                0x000000000000085f       0x2c /Users/nilsweiss/gcc-arm-none-eabi-5_2-2015q4/bin/../lib/gcc/arm-none-eabi/5.2.1/../../../../arm-none-eabi/lib/armv6-m/libc_nano.a(lib_a-fstatr.o)
 .ARM.attributes
                0x000000000000088b       0x2c /Users/nilsweiss/gcc-arm-none-eabi-5_2-2015q4/bin/../lib/gcc/arm-none-eabi/5.2.1/../../../../arm-none-eabi/lib/armv6-m/libc_nano.a(lib_a-isattyr.o)
 .ARM.attributes
                0x00000000000008b7       0x1e /Users/nilsweiss/gcc-arm-none-eabi-5_2-2015q4/bin/../lib/gcc/arm-none-eabi/5.2.1/armv6-m/libgcc.a(_udivsi3.o)
 .ARM.attributes
                0x00000000000008d5       0x1e /Users/nilsweiss/gcc-arm-none-eabi-5_2-2015q4/bin/../lib/gcc/arm-none-eabi/5.2.1/armv6-m/libgcc.a(_dvmd_tls.o)
 .ARM.attributes
                0x00000000000008f3       0x2c /Users/nilsweiss/gcc-arm-none-eabi-5_2-2015q4/bin/../lib/gcc/arm-none-eabi/5.2.1/armv6-m/crtend.o
 .ARM.attributes
                0x000000000000091f       0x1e /Users/nilsweiss/gcc-arm-none-eabi-5_2-2015q4/bin/../lib/gcc/arm-none-eabi/5.2.1/armv6-m/crtn.o
 .ARM.attributes
                0x000000000000093d       0x2c /Users/nilsweiss/gcc-arm-none-eabi-5_2-2015q4/bin/../lib/gcc/arm-none-eabi/5.2.1/../../../../arm-none-eabi/lib/armv6-m/libnosys.a(close.o)
 .ARM.attributes
                0x0000000000000969       0x2c /Users/nilsweiss/gcc-arm-none-eabi-5_2-2015q4/bin/../lib/gcc/arm-none-eabi/5.2.1/../../../../arm-none-eabi/lib/armv6-m/libnosys.a(fstat.o)
 .ARM.attributes
                0x0000000000000995       0x2c /Users/nilsweiss/gcc-arm-none-eabi-5_2-2015q4/bin/../lib/gcc/arm-none-eabi/5.2.1/../../../../arm-none-eabi/lib/armv6-m/libnosys.a(isatty.o)
 .ARM.attributes
                0x00000000000009c1       0x2c /Users/nilsweiss/gcc-arm-none-eabi-5_2-2015q4/bin/../lib/gcc/arm-none-eabi/5.2.1/../../../../arm-none-eabi/lib/armv6-m/libnosys.a(lseek.o)
 .ARM.attributes
                0x00000000000009ed       0x2c /Users/nilsweiss/gcc-arm-none-eabi-5_2-2015q4/bin/../lib/gcc/arm-none-eabi/5.2.1/../../../../arm-none-eabi/lib/armv6-m/libnosys.a(sbrk.o)
 .ARM.attributes
                0x0000000000000a19       0x2c /Users/nilsweiss/gcc-arm-none-eabi-5_2-2015q4/bin/../lib/gcc/arm-none-eabi/5.2.1/../../../../arm-none-eabi/lib/armv6-m/libnosys.a(_exit.o)

.comment        0x0000000000000000       0x6e
 .comment       0x0000000000000000       0x6e _build/app_button.o
                                         0x6f (size before relaxing)
 .comment       0x000000000000006e       0x6f _build/app_error.o
 .comment       0x000000000000006e       0x6f _build/app_fifo.o
 .comment       0x000000000000006e       0x6f _build/app_timer.o
 .comment       0x000000000000006e       0x6f _build/retarget.o
 .comment       0x000000000000006e       0x6f _build/app_uart_fifo.o
 .comment       0x000000000000006e       0x6f _build/nrf_drv_common.o
 .comment       0x000000000000006e       0x6f _build/nrf_drv_gpiote.o
 .comment       0x000000000000006e       0x6f _build/nrf_drv_uart.o
 .comment       0x000000000000006e       0x6f _build/pstorage.o
 .comment       0x000000000000006e       0x6f _build/bsp.o
 .comment       0x000000000000006e       0x6f _build/bsp_btn_ble.o
 .comment       0x000000000000006e       0x6f _build/ble_advdata.o
 .comment       0x000000000000006e       0x6f _build/ble_advertising.o
 .comment       0x000000000000006e       0x6f _build/ble_conn_params.o
 .comment       0x000000000000006e       0x6f _build/ble_nus.o
 .comment       0x000000000000006e       0x6f _build/system_nrf51.o
 .comment       0x000000000000006e       0x6f _build/softdevice_handler.o
 .comment       0x000000000000006e       0x6f _build/main.o

.debug_frame    0x0000000000000000      0x7e4
 .debug_frame   0x0000000000000000       0x28 /Users/nilsweiss/gcc-arm-none-eabi-5_2-2015q4/bin/../lib/gcc/arm-none-eabi/5.2.1/../../../../arm-none-eabi/lib/armv6-m/libc_nano.a(lib_a-exit.o)
 .debug_frame   0x0000000000000028       0x2c /Users/nilsweiss/gcc-arm-none-eabi-5_2-2015q4/bin/../lib/gcc/arm-none-eabi/5.2.1/../../../../arm-none-eabi/lib/armv6-m/libc_nano.a(lib_a-init.o)
 .debug_frame   0x0000000000000054       0x28 /Users/nilsweiss/gcc-arm-none-eabi-5_2-2015q4/bin/../lib/gcc/arm-none-eabi/5.2.1/../../../../arm-none-eabi/lib/armv6-m/libc_nano.a(lib_a-memcpy-stub.o)
 .debug_frame   0x000000000000007c       0x20 /Users/nilsweiss/gcc-arm-none-eabi-5_2-2015q4/bin/../lib/gcc/arm-none-eabi/5.2.1/../../../../arm-none-eabi/lib/armv6-m/libc_nano.a(lib_a-memset.o)
 .debug_frame   0x000000000000009c       0x50 /Users/nilsweiss/gcc-arm-none-eabi-5_2-2015q4/bin/../lib/gcc/arm-none-eabi/5.2.1/../../../../arm-none-eabi/lib/armv6-m/libc_nano.a(lib_a-printf.o)
 .debug_frame   0x00000000000000ec      0x140 /Users/nilsweiss/gcc-arm-none-eabi-5_2-2015q4/bin/../lib/gcc/arm-none-eabi/5.2.1/../../../../arm-none-eabi/lib/armv6-m/libc_nano.a(lib_a-findfp.o)
 .debug_frame   0x000000000000022c       0x58 /Users/nilsweiss/gcc-arm-none-eabi-5_2-2015q4/bin/../lib/gcc/arm-none-eabi/5.2.1/../../../../arm-none-eabi/lib/armv6-m/libc_nano.a(lib_a-fwalk.o)
 .debug_frame   0x0000000000000284       0x2c /Users/nilsweiss/gcc-arm-none-eabi-5_2-2015q4/bin/../lib/gcc/arm-none-eabi/5.2.1/../../../../arm-none-eabi/lib/armv6-m/libc_nano.a(lib_a-nano-mallocr.o)
 .debug_frame   0x00000000000002b0       0x9c /Users/nilsweiss/gcc-arm-none-eabi-5_2-2015q4/bin/../lib/gcc/arm-none-eabi/5.2.1/../../../../arm-none-eabi/lib/armv6-m/libc_nano.a(lib_a-nano-vfprintf.o)
 .debug_frame   0x000000000000034c       0x54 /Users/nilsweiss/gcc-arm-none-eabi-5_2-2015q4/bin/../lib/gcc/arm-none-eabi/5.2.1/../../../../arm-none-eabi/lib/armv6-m/libc_nano.a(lib_a-nano-vfprintf_i.o)
 .debug_frame   0x00000000000003a0       0x2c /Users/nilsweiss/gcc-arm-none-eabi-5_2-2015q4/bin/../lib/gcc/arm-none-eabi/5.2.1/../../../../arm-none-eabi/lib/armv6-m/libc_nano.a(lib_a-sbrkr.o)
 .debug_frame   0x00000000000003cc       0x90 /Users/nilsweiss/gcc-arm-none-eabi-5_2-2015q4/bin/../lib/gcc/arm-none-eabi/5.2.1/../../../../arm-none-eabi/lib/armv6-m/libc_nano.a(lib_a-stdio.o)
 .debug_frame   0x000000000000045c       0x48 /Users/nilsweiss/gcc-arm-none-eabi-5_2-2015q4/bin/../lib/gcc/arm-none-eabi/5.2.1/../../../../arm-none-eabi/lib/armv6-m/libc_nano.a(lib_a-wbuf.o)
 .debug_frame   0x00000000000004a4       0x2c /Users/nilsweiss/gcc-arm-none-eabi-5_2-2015q4/bin/../lib/gcc/arm-none-eabi/5.2.1/../../../../arm-none-eabi/lib/armv6-m/libc_nano.a(lib_a-writer.o)
 .debug_frame   0x00000000000004d0       0x2c /Users/nilsweiss/gcc-arm-none-eabi-5_2-2015q4/bin/../lib/gcc/arm-none-eabi/5.2.1/../../../../arm-none-eabi/lib/armv6-m/libc_nano.a(lib_a-wsetup.o)
 .debug_frame   0x00000000000004fc       0x2c /Users/nilsweiss/gcc-arm-none-eabi-5_2-2015q4/bin/../lib/gcc/arm-none-eabi/5.2.1/../../../../arm-none-eabi/lib/armv6-m/libc_nano.a(lib_a-closer.o)
 .debug_frame   0x0000000000000528       0x68 /Users/nilsweiss/gcc-arm-none-eabi-5_2-2015q4/bin/../lib/gcc/arm-none-eabi/5.2.1/../../../../arm-none-eabi/lib/armv6-m/libc_nano.a(lib_a-fflush.o)
 .debug_frame   0x0000000000000590       0x2c /Users/nilsweiss/gcc-arm-none-eabi-5_2-2015q4/bin/../lib/gcc/arm-none-eabi/5.2.1/../../../../arm-none-eabi/lib/armv6-m/libc_nano.a(lib_a-lseekr.o)
 .debug_frame   0x00000000000005bc       0x30 /Users/nilsweiss/gcc-arm-none-eabi-5_2-2015q4/bin/../lib/gcc/arm-none-eabi/5.2.1/../../../../arm-none-eabi/lib/armv6-m/libc_nano.a(lib_a-makebuf.o)
 .debug_frame   0x00000000000005ec       0x20 /Users/nilsweiss/gcc-arm-none-eabi-5_2-2015q4/bin/../lib/gcc/arm-none-eabi/5.2.1/../../../../arm-none-eabi/lib/armv6-m/libc_nano.a(lib_a-memchr-stub.o)
 .debug_frame   0x000000000000060c       0x2c /Users/nilsweiss/gcc-arm-none-eabi-5_2-2015q4/bin/../lib/gcc/arm-none-eabi/5.2.1/../../../../arm-none-eabi/lib/armv6-m/libc_nano.a(lib_a-nano-freer.o)
 .debug_frame   0x0000000000000638       0x2c /Users/nilsweiss/gcc-arm-none-eabi-5_2-2015q4/bin/../lib/gcc/arm-none-eabi/5.2.1/../../../../arm-none-eabi/lib/armv6-m/libc_nano.a(lib_a-readr.o)
 .debug_frame   0x0000000000000664       0x48 /Users/nilsweiss/gcc-arm-none-eabi-5_2-2015q4/bin/../lib/gcc/arm-none-eabi/5.2.1/../../../../arm-none-eabi/lib/armv6-m/libc_nano.a(lib_a-reent.o)
 .debug_frame   0x00000000000006ac       0x2c /Users/nilsweiss/gcc-arm-none-eabi-5_2-2015q4/bin/../lib/gcc/arm-none-eabi/5.2.1/../../../../arm-none-eabi/lib/armv6-m/libc_nano.a(lib_a-fstatr.o)
 .debug_frame   0x00000000000006d8       0x2c /Users/nilsweiss/gcc-arm-none-eabi-5_2-2015q4/bin/../lib/gcc/arm-none-eabi/5.2.1/../../../../arm-none-eabi/lib/armv6-m/libc_nano.a(lib_a-isattyr.o)
 .debug_frame   0x0000000000000704       0x20 /Users/nilsweiss/gcc-arm-none-eabi-5_2-2015q4/bin/../lib/gcc/arm-none-eabi/5.2.1/armv6-m/libgcc.a(_udivsi3.o)
 .debug_frame   0x0000000000000724       0x20 /Users/nilsweiss/gcc-arm-none-eabi-5_2-2015q4/bin/../lib/gcc/arm-none-eabi/5.2.1/../../../../arm-none-eabi/lib/armv6-m/libnosys.a(close.o)
 .debug_frame   0x0000000000000744       0x20 /Users/nilsweiss/gcc-arm-none-eabi-5_2-2015q4/bin/../lib/gcc/arm-none-eabi/5.2.1/../../../../arm-none-eabi/lib/armv6-m/libnosys.a(fstat.o)
 .debug_frame   0x0000000000000764       0x20 /Users/nilsweiss/gcc-arm-none-eabi-5_2-2015q4/bin/../lib/gcc/arm-none-eabi/5.2.1/../../../../arm-none-eabi/lib/armv6-m/libnosys.a(isatty.o)
 .debug_frame   0x0000000000000784       0x20 /Users/nilsweiss/gcc-arm-none-eabi-5_2-2015q4/bin/../lib/gcc/arm-none-eabi/5.2.1/../../../../arm-none-eabi/lib/armv6-m/libnosys.a(lseek.o)
 .debug_frame   0x00000000000007a4       0x20 /Users/nilsweiss/gcc-arm-none-eabi-5_2-2015q4/bin/../lib/gcc/arm-none-eabi/5.2.1/../../../../arm-none-eabi/lib/armv6-m/libnosys.a(sbrk.o)
 .debug_frame   0x00000000000007c4       0x20 /Users/nilsweiss/gcc-arm-none-eabi-5_2-2015q4/bin/../lib/gcc/arm-none-eabi/5.2.1/../../../../arm-none-eabi/lib/armv6-m/libnosys.a(_exit.o)

.stab           0x0000000000000000       0x6c
 .stab          0x0000000000000000       0x24 /Users/nilsweiss/gcc-arm-none-eabi-5_2-2015q4/bin/../lib/gcc/arm-none-eabi/5.2.1/../../../../arm-none-eabi/lib/armv6-m/libnosys.a(close.o)
 .stab          0x0000000000000024       0x18 /Users/nilsweiss/gcc-arm-none-eabi-5_2-2015q4/bin/../lib/gcc/arm-none-eabi/5.2.1/../../../../arm-none-eabi/lib/armv6-m/libnosys.a(fstat.o)
                                         0x24 (size before relaxing)
 .stab          0x000000000000003c       0x18 /Users/nilsweiss/gcc-arm-none-eabi-5_2-2015q4/bin/../lib/gcc/arm-none-eabi/5.2.1/../../../../arm-none-eabi/lib/armv6-m/libnosys.a(isatty.o)
                                         0x24 (size before relaxing)
 .stab          0x0000000000000054       0x18 /Users/nilsweiss/gcc-arm-none-eabi-5_2-2015q4/bin/../lib/gcc/arm-none-eabi/5.2.1/../../../../arm-none-eabi/lib/armv6-m/libnosys.a(lseek.o)
                                         0x24 (size before relaxing)

.stabstr        0x0000000000000000       0xe3
 .stabstr       0x0000000000000000       0xe3 /Users/nilsweiss/gcc-arm-none-eabi-5_2-2015q4/bin/../lib/gcc/arm-none-eabi/5.2.1/../../../../arm-none-eabi/lib/armv6-m/libnosys.a(close.o)
