13:08:05 **** Incremental Build of configuration Default for project BLE ****
make 
rm -rf _build
echo  Makefile
Makefile
mkdir _build
Compiling file: app_button.c
Compiling file: app_error.c
Compiling file: app_fifo.c
Compiling file: app_timer.c
Compiling file: app_trace.c
Compiling file: nrf_assert.c
Compiling file: retarget.c
Compiling file: app_uart_fifo.c
Compiling file: nrf_delay.c
Compiling file: nrf_drv_common.c
Compiling file: nrf_drv_gpiote.c
Compiling file: nrf_drv_uart.c
Compiling file: pstorage.c
Compiling file: bsp.c
Compiling file: bsp_btn_ble.c
Compiling file: ble_advdata.c
Compiling file: ble_advertising.c
Compiling file: ble_conn_params.c
Compiling file: ble_nus.c
Compiling file: ble_srv_common.c
Compiling file: system_nrf51.c
Compiling file: softdevice_handler.c
Compiling file: main.cpp
Compiling file: gcc_startup_nrf51.s
Linking target: nrf51422_xxac_s130.out
Preparing: nrf51422_xxac_s130.bin
Preparing: nrf51422_xxac_s130.hex

   text	   data	    bss	    dec	    hex	filename
  20788	    120	   2120	  23028	   59f4	_build/nrf51422_xxac_s130.out


13:08:10 Build Finished (took 4s.752ms)

