12:41:40 **** Incremental Build of configuration Default for project BLE ****
make 
rm -rf _build
echo  Makefile
Makefile
mkdir _build
Compiling file: app_button.c
Compiling file: app_error.c
Compiling file: app_fifo.c
Compiling file: app_timer.c
Compiling file: app_trace.c
Compiling file: nrf_assert.c
Compiling file: retarget.c
Compiling file: app_uart_fifo.c
Compiling file: nrf_delay.c
Compiling file: nrf_drv_common.c
Compiling file: nrf_drv_gpiote.c
Compiling file: nrf_drv_uart.c
Compiling file: pstorage.c
Compiling file: bsp.c
Compiling file: bsp_btn_ble.c
Compiling file: ble_advdata.c
Compiling file: ble_advertising.c
Compiling file: ble_conn_params.c
Compiling file: ble_nus.c
Compiling file: ble_srv_common.c
Compiling file: system_nrf51.c
Compiling file: softdevice_handler.c
Compiling file: main.cpp
In file included from /Users/nilsweiss/nRF51/project/ble_peripheral/ble_app_uart/main.cpp:33:0:
/Users/nilsweiss/nRF51/project/ble_peripheral/ble_app_uart/main.cpp: In function 'int main()':
/Users/nilsweiss/nRF51/components/libraries/timer/app_timer.h:156:58: error: converting 'false' to pointer type for argument 4 of 'uint32_t app_timer_init(uint32_t, uint8_t, void*, app_timer_evt_schedule_func_t)' [-Werror=conversion-null]
                                            SCHEDULER_FUNC);                                        \
                                                          ^
/Users/nilsweiss/nRF51/project/ble_peripheral/ble_app_uart/main.cpp:520:5: note: in expansion of macro 'APP_TIMER_INIT'
     APP_TIMER_INIT(APP_TIMER_PRESCALER, APP_TIMER_OP_QUEUE_SIZE, false);
     ^
In file included from /Users/nilsweiss/nRF51/components/softdevice/s130/headers/ble_gap.h:48:0,
                 from /Users/nilsweiss/nRF51/components/softdevice/s130/headers/ble.h:52,
                 from /Users/nilsweiss/nRF51/components/ble/common/ble_advdata.h:28,
                 from /Users/nilsweiss/nRF51/project/ble_peripheral/ble_app_uart/main.cpp:29:
/Users/nilsweiss/nRF51/components/softdevice/s130/headers/ble_gatts.h: In function 'uint32_t sd_ble_gatts_sys_attr_set(uint16_t, const uint8_t*, uint16_t, uint32_t)':
/Users/nilsweiss/nRF51/components/softdevice/s130/headers/nrf_svc.h:56:6: error: asm operand 0 probably doesn't match constraints [-Werror]
     ); \
      ^
/Users/nilsweiss/nRF51/components/softdevice/s130/headers/ble_gatts.h:603:1: note: in expansion of macro 'SVCALL'
 SVCALL(SD_BLE_GATTS_SYS_ATTR_SET, uint32_t, sd_ble_gatts_sys_attr_set(uint16_t conn_handle, uint8_t const *p_sys_attr_data, uint16_t len, uint32_t flags)); 
 ^
/Users/nilsweiss/nRF51/components/softdevice/s130/headers/nrf_svc.h:56:6: error: impossible constraint in 'asm'
     ); \
      ^
/Users/nilsweiss/nRF51/components/softdevice/s130/headers/ble_gatts.h:603:1: note: in expansion of macro 'SVCALL'
 SVCALL(SD_BLE_GATTS_SYS_ATTR_SET, uint32_t, sd_ble_gatts_sys_attr_set(uint16_t conn_handle, uint8_t const *p_sys_attr_data, uint16_t len, uint32_t flags)); 
 ^
cc1plus: all warnings being treated as errors
make: *** [_build/main.o] Error 1
12:46:20 **** Incremental Build of configuration Default for project BLE ****
make 
rm -rf _build
echo  Makefile
Makefile
mkdir _build
Compiling file: app_button.c
Compiling file: app_error.c
Compiling file: app_fifo.c
Compiling file: app_timer.c
Compiling file: app_trace.c
Compiling file: nrf_assert.c
Compiling file: retarget.c
Compiling file: app_uart_fifo.c
Compiling file: nrf_delay.c
Compiling file: nrf_drv_common.c
Compiling file: nrf_drv_gpiote.c
Compiling file: nrf_drv_uart.c
Compiling file: pstorage.c
Compiling file: bsp.c
Compiling file: bsp_btn_ble.c
Compiling file: ble_advdata.c
Compiling file: ble_advertising.c
Compiling file: ble_conn_params.c
Compiling file: ble_nus.c
Compiling file: ble_srv_common.c
Compiling file: system_nrf51.c
Compiling file: softdevice_handler.c
Compiling file: main.cpp
In file included from /Users/nilsweiss/nRF51/project/ble_peripheral/ble_app_uart/main.cpp:33:0:
/Users/nilsweiss/nRF51/project/ble_peripheral/ble_app_uart/main.cpp: In function 'int main()':
/Users/nilsweiss/nRF51/components/libraries/timer/app_timer.h:156:58: error: converting 'false' to pointer type for argument 4 of 'uint32_t app_timer_init(uint32_t, uint8_t, void*, app_timer_evt_schedule_func_t)' [-Werror=conversion-null]
                                            SCHEDULER_FUNC);                                        \
                                                          ^
/Users/nilsweiss/nRF51/project/ble_peripheral/ble_app_uart/main.cpp:520:5: note: in expansion of macro 'APP_TIMER_INIT'
     APP_TIMER_INIT(APP_TIMER_PRESCALER, APP_TIMER_OP_QUEUE_SIZE, false);
     ^
cc1plus: all warnings being treated as errors
make: *** [_build/main.o] Error 1
12:55:18 **** Incremental Build of configuration Default for project BLE ****
make 
rm -rf _build
echo  Makefile
Makefile
mkdir _build
Compiling file: app_button.c
Compiling file: app_error.c
Compiling file: app_fifo.c
Compiling file: app_timer.c
Compiling file: app_trace.c
Compiling file: nrf_assert.c
Compiling file: retarget.c
Compiling file: app_uart_fifo.c
Compiling file: nrf_delay.c
Compiling file: nrf_drv_common.c
Compiling file: nrf_drv_gpiote.c
Compiling file: nrf_drv_uart.c
Compiling file: pstorage.c
Compiling file: bsp.c
Compiling file: bsp_btn_ble.c
Compiling file: ble_advdata.c
Compiling file: ble_advertising.c
Compiling file: ble_conn_params.c
Compiling file: ble_nus.c
Compiling file: ble_srv_common.c
Compiling file: system_nrf51.c
Compiling file: softdevice_handler.c
Compiling file: main.cpp
Compiling file: gcc_startup_nrf51.s
Linking target: nrf51422_xxac_s130.out
_build/main.o: In function `conn_params_error_handler(unsigned long)':
main.cpp:(.text._ZL25conn_params_error_handlerm+0x6): undefined reference to `app_error_handler(unsigned long, unsigned long, unsigned char const*)'
_build/main.o: In function `nus_data_handler(ble_nus_s*, unsigned char*, unsigned short)':
main.cpp:(.text._ZL16nus_data_handlerP9ble_nus_sPht+0xe): undefined reference to `app_uart_put(unsigned char)'
main.cpp:(.text._ZL16nus_data_handlerP9ble_nus_sPht+0x1e): undefined reference to `app_uart_put(unsigned char)'
_build/main.o: In function `on_conn_params_evt(ble_conn_params_evt_t*)':
main.cpp:(.text._ZL18on_conn_params_evtP21ble_conn_params_evt_t+0x1c): undefined reference to `app_error_handler(unsigned long, unsigned long, unsigned char const*)'
_build/main.o: In function `ble_evt_dispatch(ble_evt_t*)':
main.cpp:(.text._ZL16ble_evt_dispatchP9ble_evt_t+0x4): undefined reference to `ble_conn_params_on_ble_evt(ble_evt_t*)'
main.cpp:(.text._ZL16ble_evt_dispatchP9ble_evt_t+0xc): undefined reference to `ble_nus_on_ble_evt(ble_nus_s*, ble_evt_t*)'
main.cpp:(.text._ZL16ble_evt_dispatchP9ble_evt_t+0x34): undefined reference to `ble_advertising_on_ble_evt(ble_evt_t const*)'
main.cpp:(.text._ZL16ble_evt_dispatchP9ble_evt_t+0x3a): undefined reference to `bsp_btn_ble_on_ble_evt(ble_evt_t*)'
main.cpp:(.text._ZL16ble_evt_dispatchP9ble_evt_t+0x56): undefined reference to `app_error_handler(unsigned long, unsigned long, unsigned char const*)'
main.cpp:(.text._ZL16ble_evt_dispatchP9ble_evt_t+0x62): undefined reference to `bsp_indication_set(bsp_indication_t)'
main.cpp:(.text._ZL16ble_evt_dispatchP9ble_evt_t+0x74): undefined reference to `bsp_indication_set(bsp_indication_t)'
main.cpp:(.text._ZL16ble_evt_dispatchP9ble_evt_t+0x8a): undefined reference to `app_error_handler(unsigned long, unsigned long, unsigned char const*)'
main.cpp:(.text._ZL16ble_evt_dispatchP9ble_evt_t+0x94): undefined reference to `app_error_handler(unsigned long, unsigned long, unsigned char const*)'
_build/main.o: In function `bsp_event_handler(bsp_event_t)':
main.cpp:(.text._Z17bsp_event_handler11bsp_event_t+0x26): undefined reference to `app_error_handler(unsigned long, unsigned long, unsigned char const*)'
main.cpp:(.text._Z17bsp_event_handler11bsp_event_t+0x2e): undefined reference to `bsp_indication_set(bsp_indication_t)'
main.cpp:(.text._Z17bsp_event_handler11bsp_event_t+0x36): undefined reference to `bsp_btn_ble_sleep_mode_prepare()'
main.cpp:(.text._Z17bsp_event_handler11bsp_event_t+0x48): undefined reference to `ble_advertising_restart_without_whitelist()'
main.cpp:(.text._Z17bsp_event_handler11bsp_event_t+0x52): undefined reference to `app_error_handler(unsigned long, unsigned long, unsigned char const*)'
main.cpp:(.text._Z17bsp_event_handler11bsp_event_t+0x5c): undefined reference to `app_error_handler(unsigned long, unsigned long, unsigned char const*)'
_build/main.o: In function `uart_event_handle(app_uart_evt_t*)':
main.cpp:(.text._Z17uart_event_handleP14app_uart_evt_t+0x16): undefined reference to `app_error_handler(unsigned long, unsigned long, unsigned char const*)'
main.cpp:(.text._Z17uart_event_handleP14app_uart_evt_t+0x24): undefined reference to `app_uart_get(unsigned char*)'
main.cpp:(.text._Z17uart_event_handleP14app_uart_evt_t+0x44): undefined reference to `ble_nus_string_send(ble_nus_s*, unsigned char*, unsigned short)'
main.cpp:(.text._Z17uart_event_handleP14app_uart_evt_t+0x54): undefined reference to `app_error_handler(unsigned long, unsigned long, unsigned char const*)'
_build/main.o: In function `on_adv_evt(ble_adv_evt_t)':
main.cpp:(.text._ZL10on_adv_evt13ble_adv_evt_t+0xc): undefined reference to `bsp_indication_set(bsp_indication_t)'
main.cpp:(.text._ZL10on_adv_evt13ble_adv_evt_t+0x18): undefined reference to `bsp_indication_set(bsp_indication_t)'
main.cpp:(.text._ZL10on_adv_evt13ble_adv_evt_t+0x20): undefined reference to `bsp_btn_ble_sleep_mode_prepare()'
main.cpp:(.text._ZL10on_adv_evt13ble_adv_evt_t+0x34): undefined reference to `app_error_handler(unsigned long, unsigned long, unsigned char const*)'
main.cpp:(.text._ZL10on_adv_evt13ble_adv_evt_t+0x3e): undefined reference to `app_error_handler(unsigned long, unsigned long, unsigned char const*)'
main.cpp:(.text._ZL10on_adv_evt13ble_adv_evt_t+0x48): undefined reference to `app_error_handler(unsigned long, unsigned long, unsigned char const*)'
_build/main.o: In function `main':
main.cpp:(.text.startup.main+0x1e): undefined reference to `app_timer_init(unsigned long, unsigned char, void*, unsigned long (*)(void (*)(void*), void*))'
main.cpp:(.text.startup.main+0x2a): undefined reference to `app_error_handler(unsigned long, unsigned long, unsigned char const*)'
main.cpp:(.text.startup.main+0x52): undefined reference to `app_uart_init(app_uart_comm_params_t const*, app_uart_buffers_t*, void (*)(app_uart_evt_t*), app_irq_priority_t)'
main.cpp:(.text.startup.main+0x5e): undefined reference to `app_error_handler(unsigned long, unsigned long, unsigned char const*)'
main.cpp:(.text.startup.main+0x68): undefined reference to `bsp_init(unsigned long, unsigned long, void (*)(bsp_event_t))'
main.cpp:(.text.startup.main+0x74): undefined reference to `app_error_handler(unsigned long, unsigned long, unsigned char const*)'
main.cpp:(.text.startup.main+0x7c): undefined reference to `bsp_btn_ble_init(void (*)(unsigned long), bsp_event_t*)'
main.cpp:(.text.startup.main+0x88): undefined reference to `app_error_handler(unsigned long, unsigned long, unsigned char const*)'
main.cpp:(.text.startup.main+0x94): undefined reference to `softdevice_handler_init(unsigned long, void*, unsigned short, unsigned long (*)())'
main.cpp:(.text.startup.main+0xa0): undefined reference to `app_error_handler(unsigned long, unsigned long, unsigned char const*)'
main.cpp:(.text.startup.main+0xc8): undefined reference to `app_error_handler(unsigned long, unsigned long, unsigned char const*)'
main.cpp:(.text.startup.main+0xce): undefined reference to `softdevice_ble_evt_handler_set(void (*)(ble_evt_t*))'
main.cpp:(.text.startup.main+0xda): undefined reference to `app_error_handler(unsigned long, unsigned long, unsigned char const*)'
main.cpp:(.text.startup.main+0x10a): undefined reference to `app_error_handler(unsigned long, unsigned long, unsigned char const*)'
main.cpp:(.text.startup.main+0x138): undefined reference to `app_error_handler(unsigned long, unsigned long, unsigned char const*)'
main.cpp:(.text.startup.main+0x14e): undefined reference to `ble_nus_init(ble_nus_s*, ble_nus_init_t const*)'
main.cpp:(.text.startup.main+0x15a): undefined reference to `app_error_handler(unsigned long, unsigned long, unsigned char const*)'
main.cpp:(.text.startup.main+0x1ac): undefined reference to `ble_advertising_init(ble_advdata_t const*, ble_advdata_t const*, ble_adv_modes_config_t const*, void (*)(ble_adv_evt_t), void (*)(unsigned long))'
main.cpp:(.text.startup.main+0x1b8): undefined reference to `app_error_handler(unsigned long, unsigned long, unsigned char const*)'
main.cpp:(.text.startup.main+0x1e8): undefined reference to `ble_conn_params_init(ble_conn_params_init_t const*)'
main.cpp:(.text.startup.main+0x1f4): undefined reference to `app_error_handler(unsigned long, unsigned long, unsigned char const*)'
main.cpp:(.text.startup.main+0x202): undefined reference to `ble_advertising_start(ble_adv_mode_t)'
main.cpp:(.text.startup.main+0x216): undefined reference to `app_error_handler(unsigned long, unsigned long, unsigned char const*)'
collect2: error: ld returned 1 exit status
make: *** [nrf51422_xxac_s130] Error 1
12:59:21 **** Incremental Build of configuration Default for project BLE ****
make 
rm -rf _build
echo  Makefile
Makefile
mkdir _build
Compiling file: app_button.c
Compiling file: app_error.c
Compiling file: app_fifo.c
Compiling file: app_timer.c
Compiling file: app_trace.c
Compiling file: nrf_assert.c
Compiling file: retarget.c
Compiling file: app_uart_fifo.c
Compiling file: nrf_delay.c
Compiling file: nrf_drv_common.c
Compiling file: nrf_drv_gpiote.c
Compiling file: nrf_drv_uart.c
Compiling file: pstorage.c
Compiling file: bsp.c
Compiling file: bsp_btn_ble.c
Compiling file: ble_advdata.c
Compiling file: ble_advertising.c
Compiling file: ble_conn_params.c
Compiling file: ble_nus.c
Compiling file: ble_srv_common.c
Compiling file: system_nrf51.c
Compiling file: softdevice_handler.c
Compiling file: main.cpp
Compiling file: gcc_startup_nrf51.s
Linking target: nrf51422_xxac_s130.out
Preparing: nrf51422_xxac_s130.bin
Preparing: nrf51422_xxac_s130.hex

   text	   data	    bss	    dec	    hex	filename
  20788	    120	   2120	  23028	   59f4	_build/nrf51422_xxac_s130.out

13:05:23 **** Incremental Build of configuration Default for project BLE ****
make 
rm -rf _build
echo  Makefile
Makefile
mkdir _build
Compiling file: app_button.c
Compiling file: app_error.c
Compiling file: app_fifo.c
Compiling file: app_timer.c
Compiling file: app_trace.c
Compiling file: nrf_assert.c
Compiling file: retarget.c
Compiling file: app_uart_fifo.c
Compiling file: nrf_delay.c
Compiling file: nrf_drv_common.c
Compiling file: nrf_drv_gpiote.c
Compiling file: nrf_drv_uart.c
Compiling file: pstorage.c
Compiling file: bsp.c
Compiling file: bsp_btn_ble.c
Compiling file: ble_advdata.c
Compiling file: ble_advertising.c
Compiling file: ble_conn_params.c
Compiling file: ble_nus.c
Compiling file: ble_srv_common.c
Compiling file: system_nrf51.c
Compiling file: softdevice_handler.c
Compiling file: main.cpp
Compiling file: gcc_startup_nrf51.s
Linking target: nrf51422_xxac_s130.out
Preparing: nrf51422_xxac_s130.bin
Preparing: nrf51422_xxac_s130.hex

   text	   data	    bss	    dec	    hex	filename
  20788	    120	   2120	  23028	   59f4	_build/nrf51422_xxac_s130.out

13:05:40 **** Incremental Build of configuration Default for project BLE ****
make 
rm -rf _build
echo  Makefile
Makefile
mkdir _build
Compiling file: app_button.c
Compiling file: app_error.c
Compiling file: app_fifo.c
Compiling file: app_timer.c
Compiling file: app_trace.c
Compiling file: nrf_assert.c
Compiling file: retarget.c
Compiling file: app_uart_fifo.c
Compiling file: nrf_delay.c
Compiling file: nrf_drv_common.c
Compiling file: nrf_drv_gpiote.c
Compiling file: nrf_drv_uart.c
Compiling file: pstorage.c
Compiling file: bsp.c
Compiling file: bsp_btn_ble.c
Compiling file: ble_advdata.c
Compiling file: ble_advertising.c
Compiling file: ble_conn_params.c
Compiling file: ble_nus.c
Compiling file: ble_srv_common.c
Compiling file: system_nrf51.c
Compiling file: softdevice_handler.c
Compiling file: main.cpp
Compiling file: gcc_startup_nrf51.s
Linking target: nrf51422_xxac_s130.out
Preparing: nrf51422_xxac_s130.bin
Preparing: nrf51422_xxac_s130.hex

   text	   data	    bss	    dec	    hex	filename
  20788	    120	   2120	  23028	   59f4	_build/nrf51422_xxac_s130.out

13:08:05 **** Incremental Build of configuration Default for project BLE ****
make 
rm -rf _build
echo  Makefile
Makefile
mkdir _build
Compiling file: app_button.c
Compiling file: app_error.c
Compiling file: app_fifo.c
Compiling file: app_timer.c
Compiling file: app_trace.c
Compiling file: nrf_assert.c
Compiling file: retarget.c
Compiling file: app_uart_fifo.c
Compiling file: nrf_delay.c
Compiling file: nrf_drv_common.c
Compiling file: nrf_drv_gpiote.c
Compiling file: nrf_drv_uart.c
Compiling file: pstorage.c
Compiling file: bsp.c
Compiling file: bsp_btn_ble.c
Compiling file: ble_advdata.c
Compiling file: ble_advertising.c
Compiling file: ble_conn_params.c
Compiling file: ble_nus.c
Compiling file: ble_srv_common.c
Compiling file: system_nrf51.c
Compiling file: softdevice_handler.c
Compiling file: main.cpp
Compiling file: gcc_startup_nrf51.s
Linking target: nrf51422_xxac_s130.out
Preparing: nrf51422_xxac_s130.bin
Preparing: nrf51422_xxac_s130.hex

   text	   data	    bss	    dec	    hex	filename
  20788	    120	   2120	  23028	   59f4	_build/nrf51422_xxac_s130.out

13:20:12 **** Incremental Build of configuration Default for project BLE ****
make 
rm -rf _build
echo  Makefile
Makefile
mkdir _build
Compiling file: app_button.c
Compiling file: app_error.c
Compiling file: app_fifo.c
Compiling file: app_timer.c
Compiling file: app_trace.c
Compiling file: nrf_assert.c
Compiling file: retarget.c
Compiling file: app_uart_fifo.c
Compiling file: nrf_delay.c
Compiling file: nrf_drv_common.c
Compiling file: nrf_drv_gpiote.c
Compiling file: nrf_drv_uart.c
Compiling file: pstorage.c
Compiling file: bsp.c
Compiling file: bsp_btn_ble.c
Compiling file: ble_advdata.c
Compiling file: ble_advertising.c
Compiling file: ble_conn_params.c
Compiling file: ble_nus.c
Compiling file: ble_srv_common.c
Compiling file: system_nrf51.c
Compiling file: softdevice_handler.c
Compiling file: main.cpp
Compiling file: gcc_startup_nrf51.s
Linking target: nrf51422_xxac_s130.out
Preparing: nrf51422_xxac_s130.bin
Preparing: nrf51422_xxac_s130.hex

   text	   data	    bss	    dec	    hex	filename
  20788	    120	   2120	  23028	   59f4	_build/nrf51422_xxac_s130.out

13:24:26 **** Incremental Build of configuration Default for project BLE ****
make 
rm -rf _build
echo  Makefile
Makefile
mkdir _build
Compiling file: app_button.c
Compiling file: app_error.c
Compiling file: app_fifo.c
Compiling file: app_timer.c
Compiling file: app_trace.c
Compiling file: nrf_assert.c
Compiling file: retarget.c
Compiling file: app_uart_fifo.c
Compiling file: nrf_delay.c
Compiling file: nrf_drv_common.c
Compiling file: nrf_drv_gpiote.c
Compiling file: nrf_drv_uart.c
Compiling file: pstorage.c
Compiling file: bsp.c
Compiling file: bsp_btn_ble.c
Compiling file: ble_advdata.c
Compiling file: ble_advertising.c
Compiling file: ble_conn_params.c
Compiling file: ble_nus.c
Compiling file: ble_srv_common.c
Compiling file: system_nrf51.c
Compiling file: softdevice_handler.c
Compiling file: main.cpp
Compiling file: gcc_startup_nrf51.s
Linking target: nrf51422_xxac_s130.out
Preparing: nrf51422_xxac_s130.bin
Preparing: nrf51422_xxac_s130.hex

   text	   data	    bss	    dec	    hex	filename
  31952	    116	   2124	  34192	   8590	_build/nrf51422_xxac_s130.out

14:05:39 **** Incremental Build of configuration Default for project BLE ****
make 
rm -rf _build
echo  Makefile
Makefile
mkdir _build
Compiling file: RTT_Syscalls_GCC.c
Compiling file: SEGGER_RTT.c
Compiling file: SEGGER_RTT_printf.c
Compiling file: app_button.c
Compiling file: app_error.c
Compiling file: app_fifo.c
Compiling file: app_timer.c
Compiling file: app_trace.c
Compiling file: nrf_assert.c
Compiling file: retarget.c
Compiling file: app_uart_fifo.c
Compiling file: nrf_delay.c
Compiling file: nrf_drv_common.c
Compiling file: nrf_drv_gpiote.c
Compiling file: nrf_drv_uart.c
Compiling file: pstorage.c
Compiling file: bsp.c
Compiling file: bsp_btn_ble.c
Compiling file: ble_advdata.c
Compiling file: ble_advertising.c
Compiling file: ble_conn_params.c
Compiling file: ble_nus.c
Compiling file: ble_srv_common.c
Compiling file: system_nrf51.c
Compiling file: softdevice_handler.c
Compiling file: main.cpp
Compiling file: gcc_startup_nrf51.s
Linking target: nrf51422_xxac_s130.out
_build/retarget.o: In function `_write':
/Users/nilsweiss/nRF51/components/libraries/uart/retarget.c:55: multiple definition of `_write'
_build/RTT_Syscalls_GCC.o:/Users/nilsweiss/nRF51/components/drivers_ext/segger_rtt/RTT_Syscalls_GCC.c:75: first defined here
collect2: error: ld returned 1 exit status
make: *** [nrf51422_xxac_s130] Error 1
14:07:07 **** Incremental Build of configuration Default for project BLE ****
make 
rm -rf _build
echo  Makefile
Makefile
mkdir _build
Compiling file: RTT_Syscalls_GCC.c
Compiling file: SEGGER_RTT.c
Compiling file: SEGGER_RTT_printf.c
Compiling file: app_button.c
Compiling file: app_error.c
Compiling file: app_fifo.c
Compiling file: app_timer.c
Compiling file: app_trace.c
Compiling file: nrf_assert.c
Compiling file: retarget.c
Compiling file: app_uart_fifo.c
Compiling file: nrf_delay.c
Compiling file: nrf_drv_common.c
Compiling file: nrf_drv_gpiote.c
Compiling file: nrf_drv_uart.c
Compiling file: pstorage.c
Compiling file: bsp.c
Compiling file: bsp_btn_ble.c
Compiling file: ble_advdata.c
Compiling file: ble_advertising.c
Compiling file: ble_conn_params.c
Compiling file: ble_nus.c
Compiling file: ble_srv_common.c
Compiling file: system_nrf51.c
Compiling file: softdevice_handler.c
Compiling file: main.cpp
Compiling file: gcc_startup_nrf51.s
Linking target: nrf51422_xxac_s130.out
_build/retarget.o: In function `_write':
/Users/nilsweiss/nRF51/components/libraries/uart/retarget.c:55: multiple definition of `_write'
_build/RTT_Syscalls_GCC.o:/Users/nilsweiss/nRF51/components/drivers_ext/segger_rtt/RTT_Syscalls_GCC.c:75: first defined here
collect2: error: ld returned 1 exit status
make: *** [nrf51422_xxac_s130] Error 1
14:08:37 **** Incremental Build of configuration Default for project BLE ****
make 
rm -rf _build
echo  Makefile
Makefile
mkdir _build
Compiling file: RTT_Syscalls_GCC.c
Compiling file: SEGGER_RTT.c
Compiling file: SEGGER_RTT_printf.c
Compiling file: app_button.c
Compiling file: app_error.c
Compiling file: app_fifo.c
Compiling file: app_timer.c
Compiling file: app_trace.c
Compiling file: nrf_assert.c
Compiling file: nrf_log.c
Compiling file: retarget.c
Compiling file: app_uart_fifo.c
Compiling file: nrf_delay.c
Compiling file: nrf_drv_common.c
Compiling file: nrf_drv_gpiote.c
Compiling file: nrf_drv_uart.c
Compiling file: pstorage.c
Compiling file: bsp.c
Compiling file: bsp_btn_ble.c
Compiling file: ble_advdata.c
Compiling file: ble_advertising.c
Compiling file: ble_conn_params.c
Compiling file: ble_nus.c
Compiling file: ble_srv_common.c
Compiling file: system_nrf51.c
Compiling file: softdevice_handler.c
Compiling file: main.cpp
Compiling file: gcc_startup_nrf51.s
Linking target: nrf51422_xxac_s130.out
_build/retarget.o: In function `_write':
/Users/nilsweiss/nRF51/components/libraries/uart/retarget.c:55: multiple definition of `_write'
_build/RTT_Syscalls_GCC.o:/Users/nilsweiss/nRF51/components/drivers_ext/segger_rtt/RTT_Syscalls_GCC.c:75: first defined here
collect2: error: ld returned 1 exit status
make: *** [nrf51422_xxac_s130] Error 1
14:14:29 **** Incremental Build of configuration Default for project BLE ****
make 
rm -rf _build
echo  Makefile
Makefile
mkdir _build
Compiling file: RTT_Syscalls_GCC.c
Compiling file: SEGGER_RTT.c
Compiling file: SEGGER_RTT_printf.c
Compiling file: app_button.c
Compiling file: app_error.c
Compiling file: app_fifo.c
Compiling file: app_timer.c
Compiling file: app_trace.c
Compiling file: nrf_assert.c
Compiling file: nrf_log.c
Compiling file: retarget.c
Compiling file: app_uart_fifo.c
Compiling file: nrf_delay.c
Compiling file: nrf_drv_common.c
Compiling file: nrf_drv_gpiote.c
Compiling file: nrf_drv_uart.c
Compiling file: pstorage.c
Compiling file: bsp.c
Compiling file: bsp_btn_ble.c
Compiling file: ble_advdata.c
Compiling file: ble_advertising.c
Compiling file: ble_conn_params.c
Compiling file: ble_nus.c
Compiling file: ble_srv_common.c
Compiling file: system_nrf51.c
Compiling file: softdevice_handler.c
Compiling file: main.cpp
Compiling file: gcc_startup_nrf51.s
Linking target: nrf51422_xxac_s130.out
Preparing: nrf51422_xxac_s130.bin
Preparing: nrf51422_xxac_s130.hex

   text	   data	    bss	    dec	    hex	filename
  32688	    116	   3284	  36088	   8cf8	_build/nrf51422_xxac_s130.out

14:28:25 **** Incremental Build of configuration Default for project BLE ****
make 
rm -rf _build
echo  Makefile
Makefile
mkdir _build
Compiling file: RTT_Syscalls_GCC.c
Compiling file: SEGGER_RTT.c
Compiling file: SEGGER_RTT_printf.c
Compiling file: app_button.c
Compiling file: app_error.c
Compiling file: app_fifo.c
Compiling file: app_timer.c
Compiling file: app_trace.c
Compiling file: nrf_assert.c
Compiling file: nrf_log.c
Compiling file: retarget.c
Compiling file: app_uart_fifo.c
Compiling file: nrf_delay.c
Compiling file: nrf_drv_common.c
Compiling file: nrf_drv_gpiote.c
Compiling file: nrf_drv_uart.c
Compiling file: pstorage.c
Compiling file: bsp.c
Compiling file: bsp_btn_ble.c
Compiling file: ble_advdata.c
Compiling file: ble_advertising.c
Compiling file: ble_conn_params.c
Compiling file: ble_nus.c
Compiling file: ble_srv_common.c
Compiling file: system_nrf51.c
Compiling file: softdevice_handler.c
Compiling file: main.cpp
Compiling file: gcc_startup_nrf51.s
Linking target: nrf51422_xxac_s130.out
Preparing: nrf51422_xxac_s130.bin
Preparing: nrf51422_xxac_s130.hex

   text	   data	    bss	    dec	    hex	filename
  32740	    116	   3284	  36140	   8d2c	_build/nrf51422_xxac_s130.out

14:32:38 **** Incremental Build of configuration Default for project BLE ****
make 
rm -rf _build
echo  Makefile
Makefile
mkdir _build
Compiling file: RTT_Syscalls_GCC.c
Compiling file: SEGGER_RTT.c
Compiling file: SEGGER_RTT_printf.c
Compiling file: app_button.c
Compiling file: app_error.c
Compiling file: app_fifo.c
Compiling file: app_timer.c
Compiling file: app_trace.c
Compiling file: nrf_assert.c
Compiling file: nrf_log.c
Compiling file: retarget.c
Compiling file: app_uart_fifo.c
Compiling file: nrf_delay.c
Compiling file: nrf_drv_common.c
Compiling file: nrf_drv_gpiote.c
Compiling file: nrf_drv_uart.c
Compiling file: pstorage.c
Compiling file: bsp.c
Compiling file: bsp_btn_ble.c
Compiling file: ble_advdata.c
Compiling file: ble_advertising.c
Compiling file: ble_conn_params.c
Compiling file: ble_nus.c
Compiling file: ble_srv_common.c
Compiling file: system_nrf51.c
Compiling file: softdevice_handler.c
Compiling file: main.cpp
/Users/nilsweiss/nRF51/project/ble_peripheral/ble_app_uart/main.cpp: In function 'void nus_data_handler(ble_nus_t*, uint8_t*, uint16_t)':
/Users/nilsweiss/nRF51/project/ble_peripheral/ble_app_uart/main.cpp:142:35: error: no matching function for call to 'std::__cxx11::basic_string<char>::basic_string(uint8_t*&, uint16_t&)'
     std::string msg(p_data, length);
                                   ^
In file included from /Users/nilsweiss/gcc-arm-none-eabi-5_2-2015q4/arm-none-eabi/include/c++/5.2.1/string:52:0,
                 from /Users/nilsweiss/nRF51/project/ble_peripheral/ble_app_uart/main.cpp:26:
/Users/nilsweiss/gcc-arm-none-eabi-5_2-2015q4/arm-none-eabi/include/c++/5.2.1/bits/basic_string.h:535:9: note: candidate: template<class _InputIterator, class> std::__cxx11::basic_string<_CharT, _Traits, _Alloc>::basic_string(_InputIterator, _InputIterator, const _Alloc&)
         basic_string(_InputIterator __beg, _InputIterator __end,
         ^
/Users/nilsweiss/gcc-arm-none-eabi-5_2-2015q4/arm-none-eabi/include/c++/5.2.1/bits/basic_string.h:535:9: note:   template argument deduction/substitution failed:
/Users/nilsweiss/nRF51/project/ble_peripheral/ble_app_uart/main.cpp:142:35: note:   deduced conflicting types for parameter '_InputIterator' ('unsigned char*' and 'short unsigned int')
     std::string msg(p_data, length);
                                   ^
In file included from /Users/nilsweiss/gcc-arm-none-eabi-5_2-2015q4/arm-none-eabi/include/c++/5.2.1/string:52:0,
                 from /Users/nilsweiss/nRF51/project/ble_peripheral/ble_app_uart/main.cpp:26:
/Users/nilsweiss/gcc-arm-none-eabi-5_2-2015q4/arm-none-eabi/include/c++/5.2.1/bits/basic_string.h:512:7: note: candidate: std::__cxx11::basic_string<_CharT, _Traits, _Alloc>::basic_string(std::__cxx11::basic_string<_CharT, _Traits, _Alloc>&&, const _Alloc&) [with _CharT = char; _Traits = std::char_traits<char>; _Alloc = std::allocator<char>]
       basic_string(basic_string&& __str, const _Alloc& __a)
       ^
/Users/nilsweiss/gcc-arm-none-eabi-5_2-2015q4/arm-none-eabi/include/c++/5.2.1/bits/basic_string.h:512:7: note:   no known conversion for argument 1 from 'uint8_t* {aka unsigned char*}' to 'std::__cxx11::basic_string<char>&&'
/Users/nilsweiss/gcc-arm-none-eabi-5_2-2015q4/arm-none-eabi/include/c++/5.2.1/bits/basic_string.h:508:7: note: candidate: std::__cxx11::basic_string<_CharT, _Traits, _Alloc>::basic_string(const std::__cxx11::basic_string<_CharT, _Traits, _Alloc>&, const _Alloc&) [with _CharT = char; _Traits = std::char_traits<char>; _Alloc = std::allocator<char>]
       basic_string(const basic_string& __str, const _Alloc& __a)
       ^
/Users/nilsweiss/gcc-arm-none-eabi-5_2-2015q4/arm-none-eabi/include/c++/5.2.1/bits/basic_string.h:508:7: note:   no known conversion for argument 1 from 'uint8_t* {aka unsigned char*}' to 'const std::__cxx11::basic_string<char>&'
/Users/nilsweiss/gcc-arm-none-eabi-5_2-2015q4/arm-none-eabi/include/c++/5.2.1/bits/basic_string.h:504:7: note: candidate: std::__cxx11::basic_string<_CharT, _Traits, _Alloc>::basic_string(std::initializer_list<_Tp>, const _Alloc&) [with _CharT = char; _Traits = std::char_traits<char>; _Alloc = std::allocator<char>]
       basic_string(initializer_list<_CharT> __l, const _Alloc& __a = _Alloc())
       ^
/Users/nilsweiss/gcc-arm-none-eabi-5_2-2015q4/arm-none-eabi/include/c++/5.2.1/bits/basic_string.h:504:7: note:   no known conversion for argument 1 from 'uint8_t* {aka unsigned char*}' to 'std::initializer_list<char>'
/Users/nilsweiss/gcc-arm-none-eabi-5_2-2015q4/arm-none-eabi/include/c++/5.2.1/bits/basic_string.h:477:7: note: candidate: std::__cxx11::basic_string<_CharT, _Traits, _Alloc>::basic_string(std::__cxx11::basic_string<_CharT, _Traits, _Alloc>&&) [with _CharT = char; _Traits = std::char_traits<char>; _Alloc = std::allocator<char>]
       basic_string(basic_string&& __str) noexcept
       ^
/Users/nilsweiss/gcc-arm-none-eabi-5_2-2015q4/arm-none-eabi/include/c++/5.2.1/bits/basic_string.h:477:7: note:   candidate expects 1 argument, 2 provided
/Users/nilsweiss/gcc-arm-none-eabi-5_2-2015q4/arm-none-eabi/include/c++/5.2.1/bits/basic_string.h:465:7: note: candidate: std::__cxx11::basic_string<_CharT, _Traits, _Alloc>::basic_string(std::__cxx11::basic_string<_CharT, _Traits, _Alloc>::size_type, _CharT, const _Alloc&) [with _CharT = char; _Traits = std::char_traits<char>; _Alloc = std::allocator<char>; std::__cxx11::basic_string<_CharT, _Traits, _Alloc>::size_type = unsigned int] <near match>
       basic_string(size_type __n, _CharT __c, const _Alloc& __a = _Alloc())
       ^
/Users/nilsweiss/gcc-arm-none-eabi-5_2-2015q4/arm-none-eabi/include/c++/5.2.1/bits/basic_string.h:465:7: note:   conversion of argument 1 would be ill-formed:
/Users/nilsweiss/nRF51/project/ble_peripheral/ble_app_uart/main.cpp:142:35: error: invalid conversion from 'uint8_t* {aka unsigned char*}' to 'std::__cxx11::basic_string<char>::size_type {aka unsigned int}' [-fpermissive]
     std::string msg(p_data, length);
                                   ^
In file included from /Users/nilsweiss/gcc-arm-none-eabi-5_2-2015q4/arm-none-eabi/include/c++/5.2.1/string:52:0,
                 from /Users/nilsweiss/nRF51/project/ble_peripheral/ble_app_uart/main.cpp:26:
/Users/nilsweiss/gcc-arm-none-eabi-5_2-2015q4/arm-none-eabi/include/c++/5.2.1/bits/basic_string.h:455:7: note: candidate: std::__cxx11::basic_string<_CharT, _Traits, _Alloc>::basic_string(const _CharT*, const _Alloc&) [with _CharT = char; _Traits = std::char_traits<char>; _Alloc = std::allocator<char>]
       basic_string(const _CharT* __s, const _Alloc& __a = _Alloc())
       ^
/Users/nilsweiss/gcc-arm-none-eabi-5_2-2015q4/arm-none-eabi/include/c++/5.2.1/bits/basic_string.h:455:7: note:   no known conversion for argument 2 from 'uint16_t {aka short unsigned int}' to 'const std::allocator<char>&'
/Users/nilsweiss/gcc-arm-none-eabi-5_2-2015q4/arm-none-eabi/include/c++/5.2.1/bits/basic_string.h:445:7: note: candidate: std::__cxx11::basic_string<_CharT, _Traits, _Alloc>::basic_string(const _CharT*, std::__cxx11::basic_string<_CharT, _Traits, _Alloc>::size_type, const _Alloc&) [with _CharT = char; _Traits = std::char_traits<char>; _Alloc = std::allocator<char>; std::__cxx11::basic_string<_CharT, _Traits, _Alloc>::size_type = unsigned int] <near match>
       basic_string(const _CharT* __s, size_type __n,
       ^
/Users/nilsweiss/gcc-arm-none-eabi-5_2-2015q4/arm-none-eabi/include/c++/5.2.1/bits/basic_string.h:445:7: note:   conversion of argument 1 would be ill-formed:
/Users/nilsweiss/nRF51/project/ble_peripheral/ble_app_uart/main.cpp:142:35: error: invalid conversion from 'uint8_t* {aka unsigned char*}' to 'const char*' [-fpermissive]
     std::string msg(p_data, length);
                                   ^
In file included from /Users/nilsweiss/gcc-arm-none-eabi-5_2-2015q4/arm-none-eabi/include/c++/5.2.1/string:52:0,
                 from /Users/nilsweiss/nRF51/project/ble_peripheral/ble_app_uart/main.cpp:26:
/Users/nilsweiss/gcc-arm-none-eabi-5_2-2015q4/arm-none-eabi/include/c++/5.2.1/bits/basic_string.h:427:7: note: candidate: std::__cxx11::basic_string<_CharT, _Traits, _Alloc>::basic_string(const std::__cxx11::basic_string<_CharT, _Traits, _Alloc>&, std::__cxx11::basic_string<_CharT, _Traits, _Alloc>::size_type, std::__cxx11::basic_string<_CharT, _Traits, _Alloc>::size_type, const _Alloc&) [with _CharT = char; _Traits = std::char_traits<char>; _Alloc = std::allocator<char>; std::__cxx11::basic_string<_CharT, _Traits, _Alloc>::size_type = unsigned int]
       basic_string(const basic_string& __str, size_type __pos,
       ^
/Users/nilsweiss/gcc-arm-none-eabi-5_2-2015q4/arm-none-eabi/include/c++/5.2.1/bits/basic_string.h:427:7: note:   candidate expects 4 arguments, 2 provided
/Users/nilsweiss/gcc-arm-none-eabi-5_2-2015q4/arm-none-eabi/include/c++/5.2.1/bits/basic_string.h:411:7: note: candidate: std::__cxx11::basic_string<_CharT, _Traits, _Alloc>::basic_string(const std::__cxx11::basic_string<_CharT, _Traits, _Alloc>&, std::__cxx11::basic_string<_CharT, _Traits, _Alloc>::size_type, std::__cxx11::basic_string<_CharT, _Traits, _Alloc>::size_type) [with _CharT = char; _Traits = std::char_traits<char>; _Alloc = std::allocator<char>; std::__cxx11::basic_string<_CharT, _Traits, _Alloc>::size_type = unsigned int]
       basic_string(const basic_string& __str, size_type __pos,
       ^
/Users/nilsweiss/gcc-arm-none-eabi-5_2-2015q4/arm-none-eabi/include/c++/5.2.1/bits/basic_string.h:411:7: note:   no known conversion for argument 1 from 'uint8_t* {aka unsigned char*}' to 'const std::__cxx11::basic_string<char>&'
/Users/nilsweiss/gcc-arm-none-eabi-5_2-2015q4/arm-none-eabi/include/c++/5.2.1/bits/basic_string.h:399:7: note: candidate: std::__cxx11::basic_string<_CharT, _Traits, _Alloc>::basic_string(const std::__cxx11::basic_string<_CharT, _Traits, _Alloc>&) [with _CharT = char; _Traits = std::char_traits<char>; _Alloc = std::allocator<char>]
       basic_string(const basic_string& __str)
       ^
/Users/nilsweiss/gcc-arm-none-eabi-5_2-2015q4/arm-none-eabi/include/c++/5.2.1/bits/basic_string.h:399:7: note:   candidate expects 1 argument, 2 provided
/Users/nilsweiss/gcc-arm-none-eabi-5_2-2015q4/arm-none-eabi/include/c++/5.2.1/bits/basic_string.h:391:7: note: candidate: std::__cxx11::basic_string<_CharT, _Traits, _Alloc>::basic_string(const _Alloc&) [with _CharT = char; _Traits = std::char_traits<char>; _Alloc = std::allocator<char>]
       basic_string(const _Alloc& __a)
       ^
/Users/nilsweiss/gcc-arm-none-eabi-5_2-2015q4/arm-none-eabi/include/c++/5.2.1/bits/basic_string.h:391:7: note:   candidate expects 1 argument, 2 provided
/Users/nilsweiss/gcc-arm-none-eabi-5_2-2015q4/arm-none-eabi/include/c++/5.2.1/bits/basic_string.h:380:7: note: candidate: std::__cxx11::basic_string<_CharT, _Traits, _Alloc>::basic_string() [with _CharT = char; _Traits = std::char_traits<char>; _Alloc = std::allocator<char>]
       basic_string()
       ^
/Users/nilsweiss/gcc-arm-none-eabi-5_2-2015q4/arm-none-eabi/include/c++/5.2.1/bits/basic_string.h:380:7: note:   candidate expects 0 arguments, 2 provided
make: *** [_build/main.o] Error 1
14:32:54 **** Incremental Build of configuration Default for project BLE ****
make 
rm -rf _build
echo  Makefile
Makefile
mkdir _build
Compiling file: RTT_Syscalls_GCC.c
Compiling file: SEGGER_RTT.c
Compiling file: SEGGER_RTT_printf.c
Compiling file: app_button.c
Compiling file: app_error.c
Compiling file: app_fifo.c
Compiling file: app_timer.c
Compiling file: app_trace.c
Compiling file: nrf_assert.c
Compiling file: nrf_log.c
Compiling file: retarget.c
Compiling file: app_uart_fifo.c
Compiling file: nrf_delay.c
Compiling file: nrf_drv_common.c
Compiling file: nrf_drv_gpiote.c
Compiling file: nrf_drv_uart.c
Compiling file: pstorage.c
Compiling file: bsp.c
Compiling file: bsp_btn_ble.c
Compiling file: ble_advdata.c
Compiling file: ble_advertising.c
Compiling file: ble_conn_params.c
Compiling file: ble_nus.c
Compiling file: ble_srv_common.c
Compiling file: system_nrf51.c
Compiling file: softdevice_handler.c
Compiling file: main.cpp
/Users/nilsweiss/nRF51/project/ble_peripheral/ble_app_uart/main.cpp: In function 'void nus_data_handler(ble_nus_t*, uint8_t*, uint16_t)':
/Users/nilsweiss/nRF51/project/ble_peripheral/ble_app_uart/main.cpp:142:41: error: no matching function for call to 'std::__cxx11::basic_string<char>::basic_string(uint8_t*&, uint16_t&)'
     const std::string msg(p_data, length);
                                         ^
In file included from /Users/nilsweiss/gcc-arm-none-eabi-5_2-2015q4/arm-none-eabi/include/c++/5.2.1/string:52:0,
                 from /Users/nilsweiss/nRF51/project/ble_peripheral/ble_app_uart/main.cpp:26:
/Users/nilsweiss/gcc-arm-none-eabi-5_2-2015q4/arm-none-eabi/include/c++/5.2.1/bits/basic_string.h:535:9: note: candidate: template<class _InputIterator, class> std::__cxx11::basic_string<_CharT, _Traits, _Alloc>::basic_string(_InputIterator, _InputIterator, const _Alloc&)
         basic_string(_InputIterator __beg, _InputIterator __end,
         ^
/Users/nilsweiss/gcc-arm-none-eabi-5_2-2015q4/arm-none-eabi/include/c++/5.2.1/bits/basic_string.h:535:9: note:   template argument deduction/substitution failed:
/Users/nilsweiss/nRF51/project/ble_peripheral/ble_app_uart/main.cpp:142:41: note:   deduced conflicting types for parameter '_InputIterator' ('unsigned char*' and 'short unsigned int')
     const std::string msg(p_data, length);
                                         ^
In file included from /Users/nilsweiss/gcc-arm-none-eabi-5_2-2015q4/arm-none-eabi/include/c++/5.2.1/string:52:0,
                 from /Users/nilsweiss/nRF51/project/ble_peripheral/ble_app_uart/main.cpp:26:
/Users/nilsweiss/gcc-arm-none-eabi-5_2-2015q4/arm-none-eabi/include/c++/5.2.1/bits/basic_string.h:512:7: note: candidate: std::__cxx11::basic_string<_CharT, _Traits, _Alloc>::basic_string(std::__cxx11::basic_string<_CharT, _Traits, _Alloc>&&, const _Alloc&) [with _CharT = char; _Traits = std::char_traits<char>; _Alloc = std::allocator<char>]
       basic_string(basic_string&& __str, const _Alloc& __a)
       ^
/Users/nilsweiss/gcc-arm-none-eabi-5_2-2015q4/arm-none-eabi/include/c++/5.2.1/bits/basic_string.h:512:7: note:   no known conversion for argument 1 from 'uint8_t* {aka unsigned char*}' to 'std::__cxx11::basic_string<char>&&'
/Users/nilsweiss/gcc-arm-none-eabi-5_2-2015q4/arm-none-eabi/include/c++/5.2.1/bits/basic_string.h:508:7: note: candidate: std::__cxx11::basic_string<_CharT, _Traits, _Alloc>::basic_string(const std::__cxx11::basic_string<_CharT, _Traits, _Alloc>&, const _Alloc&) [with _CharT = char; _Traits = std::char_traits<char>; _Alloc = std::allocator<char>]
       basic_string(const basic_string& __str, const _Alloc& __a)
       ^
/Users/nilsweiss/gcc-arm-none-eabi-5_2-2015q4/arm-none-eabi/include/c++/5.2.1/bits/basic_string.h:508:7: note:   no known conversion for argument 1 from 'uint8_t* {aka unsigned char*}' to 'const std::__cxx11::basic_string<char>&'
/Users/nilsweiss/gcc-arm-none-eabi-5_2-2015q4/arm-none-eabi/include/c++/5.2.1/bits/basic_string.h:504:7: note: candidate: std::__cxx11::basic_string<_CharT, _Traits, _Alloc>::basic_string(std::initializer_list<_Tp>, const _Alloc&) [with _CharT = char; _Traits = std::char_traits<char>; _Alloc = std::allocator<char>]
       basic_string(initializer_list<_CharT> __l, const _Alloc& __a = _Alloc())
       ^
/Users/nilsweiss/gcc-arm-none-eabi-5_2-2015q4/arm-none-eabi/include/c++/5.2.1/bits/basic_string.h:504:7: note:   no known conversion for argument 1 from 'uint8_t* {aka unsigned char*}' to 'std::initializer_list<char>'
/Users/nilsweiss/gcc-arm-none-eabi-5_2-2015q4/arm-none-eabi/include/c++/5.2.1/bits/basic_string.h:477:7: note: candidate: std::__cxx11::basic_string<_CharT, _Traits, _Alloc>::basic_string(std::__cxx11::basic_string<_CharT, _Traits, _Alloc>&&) [with _CharT = char; _Traits = std::char_traits<char>; _Alloc = std::allocator<char>]
       basic_string(basic_string&& __str) noexcept
       ^
/Users/nilsweiss/gcc-arm-none-eabi-5_2-2015q4/arm-none-eabi/include/c++/5.2.1/bits/basic_string.h:477:7: note:   candidate expects 1 argument, 2 provided
/Users/nilsweiss/gcc-arm-none-eabi-5_2-2015q4/arm-none-eabi/include/c++/5.2.1/bits/basic_string.h:465:7: note: candidate: std::__cxx11::basic_string<_CharT, _Traits, _Alloc>::basic_string(std::__cxx11::basic_string<_CharT, _Traits, _Alloc>::size_type, _CharT, const _Alloc&) [with _CharT = char; _Traits = std::char_traits<char>; _Alloc = std::allocator<char>; std::__cxx11::basic_string<_CharT, _Traits, _Alloc>::size_type = unsigned int] <near match>
       basic_string(size_type __n, _CharT __c, const _Alloc& __a = _Alloc())
       ^
/Users/nilsweiss/gcc-arm-none-eabi-5_2-2015q4/arm-none-eabi/include/c++/5.2.1/bits/basic_string.h:465:7: note:   conversion of argument 1 would be ill-formed:
/Users/nilsweiss/nRF51/project/ble_peripheral/ble_app_uart/main.cpp:142:41: error: invalid conversion from 'uint8_t* {aka unsigned char*}' to 'std::__cxx11::basic_string<char>::size_type {aka unsigned int}' [-fpermissive]
     const std::string msg(p_data, length);
                                         ^
In file included from /Users/nilsweiss/gcc-arm-none-eabi-5_2-2015q4/arm-none-eabi/include/c++/5.2.1/string:52:0,
                 from /Users/nilsweiss/nRF51/project/ble_peripheral/ble_app_uart/main.cpp:26:
/Users/nilsweiss/gcc-arm-none-eabi-5_2-2015q4/arm-none-eabi/include/c++/5.2.1/bits/basic_string.h:455:7: note: candidate: std::__cxx11::basic_string<_CharT, _Traits, _Alloc>::basic_string(const _CharT*, const _Alloc&) [with _CharT = char; _Traits = std::char_traits<char>; _Alloc = std::allocator<char>]
       basic_string(const _CharT* __s, const _Alloc& __a = _Alloc())
       ^
/Users/nilsweiss/gcc-arm-none-eabi-5_2-2015q4/arm-none-eabi/include/c++/5.2.1/bits/basic_string.h:455:7: note:   no known conversion for argument 2 from 'uint16_t {aka short unsigned int}' to 'const std::allocator<char>&'
/Users/nilsweiss/gcc-arm-none-eabi-5_2-2015q4/arm-none-eabi/include/c++/5.2.1/bits/basic_string.h:445:7: note: candidate: std::__cxx11::basic_string<_CharT, _Traits, _Alloc>::basic_string(const _CharT*, std::__cxx11::basic_string<_CharT, _Traits, _Alloc>::size_type, const _Alloc&) [with _CharT = char; _Traits = std::char_traits<char>; _Alloc = std::allocator<char>; std::__cxx11::basic_string<_CharT, _Traits, _Alloc>::size_type = unsigned int] <near match>
       basic_string(const _CharT* __s, size_type __n,
       ^
/Users/nilsweiss/gcc-arm-none-eabi-5_2-2015q4/arm-none-eabi/include/c++/5.2.1/bits/basic_string.h:445:7: note:   conversion of argument 1 would be ill-formed:
/Users/nilsweiss/nRF51/project/ble_peripheral/ble_app_uart/main.cpp:142:41: error: invalid conversion from 'uint8_t* {aka unsigned char*}' to 'const char*' [-fpermissive]
     const std::string msg(p_data, length);
                                         ^
In file included from /Users/nilsweiss/gcc-arm-none-eabi-5_2-2015q4/arm-none-eabi/include/c++/5.2.1/string:52:0,
                 from /Users/nilsweiss/nRF51/project/ble_peripheral/ble_app_uart/main.cpp:26:
/Users/nilsweiss/gcc-arm-none-eabi-5_2-2015q4/arm-none-eabi/include/c++/5.2.1/bits/basic_string.h:427:7: note: candidate: std::__cxx11::basic_string<_CharT, _Traits, _Alloc>::basic_string(const std::__cxx11::basic_string<_CharT, _Traits, _Alloc>&, std::__cxx11::basic_string<_CharT, _Traits, _Alloc>::size_type, std::__cxx11::basic_string<_CharT, _Traits, _Alloc>::size_type, const _Alloc&) [with _CharT = char; _Traits = std::char_traits<char>; _Alloc = std::allocator<char>; std::__cxx11::basic_string<_CharT, _Traits, _Alloc>::size_type = unsigned int]
       basic_string(const basic_string& __str, size_type __pos,
       ^
/Users/nilsweiss/gcc-arm-none-eabi-5_2-2015q4/arm-none-eabi/include/c++/5.2.1/bits/basic_string.h:427:7: note:   candidate expects 4 arguments, 2 provided
/Users/nilsweiss/gcc-arm-none-eabi-5_2-2015q4/arm-none-eabi/include/c++/5.2.1/bits/basic_string.h:411:7: note: candidate: std::__cxx11::basic_string<_CharT, _Traits, _Alloc>::basic_string(const std::__cxx11::basic_string<_CharT, _Traits, _Alloc>&, std::__cxx11::basic_string<_CharT, _Traits, _Alloc>::size_type, std::__cxx11::basic_string<_CharT, _Traits, _Alloc>::size_type) [with _CharT = char; _Traits = std::char_traits<char>; _Alloc = std::allocator<char>; std::__cxx11::basic_string<_CharT, _Traits, _Alloc>::size_type = unsigned int]
       basic_string(const basic_string& __str, size_type __pos,
       ^
/Users/nilsweiss/gcc-arm-none-eabi-5_2-2015q4/arm-none-eabi/include/c++/5.2.1/bits/basic_string.h:411:7: note:   no known conversion for argument 1 from 'uint8_t* {aka unsigned char*}' to 'const std::__cxx11::basic_string<char>&'
/Users/nilsweiss/gcc-arm-none-eabi-5_2-2015q4/arm-none-eabi/include/c++/5.2.1/bits/basic_string.h:399:7: note: candidate: std::__cxx11::basic_string<_CharT, _Traits, _Alloc>::basic_string(const std::__cxx11::basic_string<_CharT, _Traits, _Alloc>&) [with _CharT = char; _Traits = std::char_traits<char>; _Alloc = std::allocator<char>]
       basic_string(const basic_string& __str)
       ^
/Users/nilsweiss/gcc-arm-none-eabi-5_2-2015q4/arm-none-eabi/include/c++/5.2.1/bits/basic_string.h:399:7: note:   candidate expects 1 argument, 2 provided
/Users/nilsweiss/gcc-arm-none-eabi-5_2-2015q4/arm-none-eabi/include/c++/5.2.1/bits/basic_string.h:391:7: note: candidate: std::__cxx11::basic_string<_CharT, _Traits, _Alloc>::basic_string(const _Alloc&) [with _CharT = char; _Traits = std::char_traits<char>; _Alloc = std::allocator<char>]
       basic_string(const _Alloc& __a)
       ^
/Users/nilsweiss/gcc-arm-none-eabi-5_2-2015q4/arm-none-eabi/include/c++/5.2.1/bits/basic_string.h:391:7: note:   candidate expects 1 argument, 2 provided
/Users/nilsweiss/gcc-arm-none-eabi-5_2-2015q4/arm-none-eabi/include/c++/5.2.1/bits/basic_string.h:380:7: note: candidate: std::__cxx11::basic_string<_CharT, _Traits, _Alloc>::basic_string() [with _CharT = char; _Traits = std::char_traits<char>; _Alloc = std::allocator<char>]
       basic_string()
       ^
/Users/nilsweiss/gcc-arm-none-eabi-5_2-2015q4/arm-none-eabi/include/c++/5.2.1/bits/basic_string.h:380:7: note:   candidate expects 0 arguments, 2 provided
make: *** [_build/main.o] Error 1
14:33:39 **** Incremental Build of configuration Default for project BLE ****
make 
rm -rf _build
echo  Makefile
Makefile
mkdir _build
Compiling file: RTT_Syscalls_GCC.c
Compiling file: SEGGER_RTT.c
Compiling file: SEGGER_RTT_printf.c
Compiling file: app_button.c
Compiling file: app_error.c
Compiling file: app_fifo.c
Compiling file: app_timer.c
Compiling file: app_trace.c
Compiling file: nrf_assert.c
Compiling file: nrf_log.c
Compiling file: retarget.c
Compiling file: app_uart_fifo.c
Compiling file: nrf_delay.c
Compiling file: nrf_drv_common.c
Compiling file: nrf_drv_gpiote.c
Compiling file: nrf_drv_uart.c
Compiling file: pstorage.c
Compiling file: bsp.c
Compiling file: bsp_btn_ble.c
Compiling file: ble_advdata.c
Compiling file: ble_advertising.c
Compiling file: ble_conn_params.c
Compiling file: ble_nus.c
Compiling file: ble_srv_common.c
Compiling file: system_nrf51.c
Compiling file: softdevice_handler.c
Compiling file: main.cpp
Compiling file: gcc_startup_nrf51.s
Linking target: nrf51422_xxac_s130.out
Preparing: nrf51422_xxac_s130.bin
Preparing: nrf51422_xxac_s130.hex

   text	   data	    bss	    dec	    hex	filename
  34468	    132	   3448	  38048	   94a0	_build/nrf51422_xxac_s130.out

11:26:36 **** Build of configuration Default for project BLE ****
make 
rm -rf _build
echo  Makefile
Makefile
mkdir _build
Compiling file: RTT_Syscalls_GCC.c
Compiling file: SEGGER_RTT.c
Compiling file: SEGGER_RTT_printf.c
Compiling file: app_button.c
Compiling file: app_error.c
Compiling file: app_fifo.c
Compiling file: app_timer.c
Compiling file: app_trace.c
Compiling file: nrf_assert.c
Compiling file: nrf_log.c
Compiling file: retarget.c
Compiling file: app_uart_fifo.c
Compiling file: nrf_delay.c
Compiling file: nrf_drv_common.c
Compiling file: nrf_drv_gpiote.c
Compiling file: nrf_drv_uart.c
Compiling file: pstorage.c
Compiling file: bsp.c
Compiling file: bsp_btn_ble.c
Compiling file: ble_advdata.c
Compiling file: ble_advertising.c
Compiling file: ble_conn_params.c
Compiling file: ble_nus.c
Compiling file: ble_srv_common.c
Compiling file: system_nrf51.c
Compiling file: softdevice_handler.c
Compiling file: device_manager_peripheral.c
Compiling file: app_bond.c
Compiling file: main.cpp
/Users/nilsweiss/nRF51/project/ble_peripheral/ble_app_uart/main.cpp: In function 'void device_manager_init(bool)':
/Users/nilsweiss/nRF51/project/ble_peripheral/ble_app_uart/main.cpp:510:146: error: 'APP_LOG' was not declared in this scope
             APP_LOG("[APP][ID: %d], Application context : %08X\r\n",m_app_bond_table.device_id[i],(unsigned int) m_app_bond_table.app_bond_cnt[i]);
                                                                                                                                                  ^
make: *** [_build/main.o] Error 1
11:26:53 **** Incremental Build of configuration Default for project BLE ****
make 
rm -rf _build
echo  Makefile
Makefile
mkdir _build
Compiling file: RTT_Syscalls_GCC.c
Compiling file: SEGGER_RTT.c
Compiling file: SEGGER_RTT_printf.c
Compiling file: app_button.c
Compiling file: app_error.c
Compiling file: app_fifo.c
Compiling file: app_timer.c
Compiling file: app_trace.c
Compiling file: nrf_assert.c
Compiling file: nrf_log.c
Compiling file: retarget.c
Compiling file: app_uart_fifo.c
Compiling file: nrf_delay.c
Compiling file: nrf_drv_common.c
Compiling file: nrf_drv_gpiote.c
Compiling file: nrf_drv_uart.c
Compiling file: pstorage.c
Compiling file: bsp.c
Compiling file: bsp_btn_ble.c
Compiling file: ble_advdata.c
Compiling file: ble_advertising.c
Compiling file: ble_conn_params.c
Compiling file: ble_nus.c
Compiling file: ble_srv_common.c
Compiling file: system_nrf51.c
Compiling file: softdevice_handler.c
Compiling file: device_manager_peripheral.c
Compiling file: app_bond.c
Compiling file: main.cpp
Compiling file: gcc_startup_nrf51.s
Linking target: nrf51422_xxac_s130.out
Preparing: nrf51422_xxac_s130.bin
Preparing: nrf51422_xxac_s130.hex

   text	   data	    bss	    dec	    hex	filename
  49680	    124	   3808	  53612	   d16c	_build/nrf51422_xxac_s130.out

11:33:09 **** Incremental Build of configuration Default for project BLE ****
make 
rm -rf _build
echo  Makefile
Makefile
mkdir _build
Compiling file: RTT_Syscalls_GCC.c
Compiling file: SEGGER_RTT.c
Compiling file: SEGGER_RTT_printf.c
Compiling file: app_button.c
Compiling file: app_error.c
Compiling file: app_fifo.c
Compiling file: app_timer.c
Compiling file: app_trace.c
Compiling file: nrf_assert.c
Compiling file: nrf_log.c
Compiling file: retarget.c
Compiling file: app_uart_fifo.c
Compiling file: nrf_delay.c
Compiling file: nrf_drv_common.c
Compiling file: nrf_drv_gpiote.c
Compiling file: nrf_drv_uart.c
Compiling file: pstorage.c
Compiling file: bsp.c
Compiling file: bsp_btn_ble.c
Compiling file: ble_advdata.c
Compiling file: ble_advertising.c
Compiling file: ble_conn_params.c
Compiling file: ble_nus.c
Compiling file: ble_srv_common.c
Compiling file: system_nrf51.c
Compiling file: softdevice_handler.c
Compiling file: device_manager_peripheral.c
Compiling file: app_bond.c
Compiling file: main.cpp
/Users/nilsweiss/nRF51/project/ble_peripheral/ble_app_uart/main.cpp:155:21: fatal error: iostreamt: No such file or directory
 #include <iostreamt>
                     ^
compilation terminated.
make: *** [_build/main.o] Error 1
11:33:29 **** Incremental Build of configuration Default for project BLE ****
make 
rm -rf _build
echo  Makefile
Makefile
mkdir _build
Compiling file: RTT_Syscalls_GCC.c
Compiling file: SEGGER_RTT.c
Compiling file: SEGGER_RTT_printf.c
Compiling file: app_button.c
Compiling file: app_error.c
Compiling file: app_fifo.c
Compiling file: app_timer.c
Compiling file: app_trace.c
Compiling file: nrf_assert.c
Compiling file: nrf_log.c
Compiling file: retarget.c
Compiling file: app_uart_fifo.c
Compiling file: nrf_delay.c
Compiling file: nrf_drv_common.c
Compiling file: nrf_drv_gpiote.c
Compiling file: nrf_drv_uart.c
Compiling file: pstorage.c
Compiling file: bsp.c
Compiling file: bsp_btn_ble.c
Compiling file: ble_advdata.c
Compiling file: ble_advertising.c
Compiling file: ble_conn_params.c
Compiling file: ble_nus.c
Compiling file: ble_srv_common.c
Compiling file: system_nrf51.c
Compiling file: softdevice_handler.c
Compiling file: device_manager_peripheral.c
Compiling file: app_bond.c
Compiling file: main.cpp
In file included from /Users/nilsweiss/gcc-arm-none-eabi-4_9-2015q2/arm-none-eabi/include/c++/4.9.3/string:38:0,
                 from /Users/nilsweiss/nRF51/project/ble_peripheral/ble_app_uart/main.cpp:26:
/Users/nilsweiss/gcc-arm-none-eabi-4_9-2015q2/arm-none-eabi/include/c++/4.9.3/bits/locale_classes.h: In function 'void nus_data_handler(ble_nus_t*, uint8_t*, uint16_t)':
/Users/nilsweiss/gcc-arm-none-eabi-4_9-2015q2/arm-none-eabi/include/c++/4.9.3/bits/locale_classes.h:43:15: error: expected '=' before '__attribute__'
 namespace std _GLIBCXX_VISIBILITY(default)
               ^
/Users/nilsweiss/gcc-arm-none-eabi-4_9-2015q2/arm-none-eabi/include/c++/4.9.3/bits/locale_classes.h:43:15: error: expected identifier before '__attribute__'
/Users/nilsweiss/gcc-arm-none-eabi-4_9-2015q2/arm-none-eabi/include/c++/4.9.3/bits/locale_classes.h:43:15: error: expected ';' before '__attribute__'
/Users/nilsweiss/gcc-arm-none-eabi-4_9-2015q2/arm-none-eabi/include/c++/4.9.3/bits/locale_classes.h:43:15: error: expected primary-expression before '__attribute__'
/Users/nilsweiss/gcc-arm-none-eabi-4_9-2015q2/arm-none-eabi/include/c++/4.9.3/bits/locale_classes.tcc:39:15: error: expected '=' before '__attribute__'
 namespace std _GLIBCXX_VISIBILITY(default)
               ^
/Users/nilsweiss/gcc-arm-none-eabi-4_9-2015q2/arm-none-eabi/include/c++/4.9.3/bits/locale_classes.tcc:39:15: error: expected identifier before '__attribute__'
/Users/nilsweiss/gcc-arm-none-eabi-4_9-2015q2/arm-none-eabi/include/c++/4.9.3/bits/locale_classes.tcc:39:15: error: expected ';' before '__attribute__'
/Users/nilsweiss/gcc-arm-none-eabi-4_9-2015q2/arm-none-eabi/include/c++/4.9.3/bits/locale_classes.tcc:39:15: error: expected primary-expression before '__attribute__'
/Users/nilsweiss/gcc-arm-none-eabi-4_9-2015q2/arm-none-eabi/include/c++/4.9.3/bits/ios_base.h:43:15: error: expected '=' before '__attribute__'
 namespace std _GLIBCXX_VISIBILITY(default)
               ^
/Users/nilsweiss/gcc-arm-none-eabi-4_9-2015q2/arm-none-eabi/include/c++/4.9.3/bits/ios_base.h:43:15: error: expected identifier before '__attribute__'
/Users/nilsweiss/gcc-arm-none-eabi-4_9-2015q2/arm-none-eabi/include/c++/4.9.3/bits/ios_base.h:43:15: error: expected ';' before '__attribute__'
/Users/nilsweiss/gcc-arm-none-eabi-4_9-2015q2/arm-none-eabi/include/c++/4.9.3/bits/ios_base.h:43:15: error: expected primary-expression before '__attribute__'
/Users/nilsweiss/gcc-arm-none-eabi-4_9-2015q2/arm-none-eabi/include/c++/4.9.3/streambuf:45:15: error: expected '=' before '__attribute__'
 namespace std _GLIBCXX_VISIBILITY(default)
               ^
/Users/nilsweiss/gcc-arm-none-eabi-4_9-2015q2/arm-none-eabi/include/c++/4.9.3/streambuf:45:15: error: expected identifier before '__attribute__'
/Users/nilsweiss/gcc-arm-none-eabi-4_9-2015q2/arm-none-eabi/include/c++/4.9.3/streambuf:45:15: error: expected ';' before '__attribute__'
/Users/nilsweiss/gcc-arm-none-eabi-4_9-2015q2/arm-none-eabi/include/c++/4.9.3/streambuf:45:15: error: expected primary-expression before '__attribute__'
/Users/nilsweiss/gcc-arm-none-eabi-4_9-2015q2/arm-none-eabi/include/c++/4.9.3/bits/streambuf.tcc:39:15: error: expected '=' before '__attribute__'
 namespace std _GLIBCXX_VISIBILITY(default)
               ^
/Users/nilsweiss/gcc-arm-none-eabi-4_9-2015q2/arm-none-eabi/include/c++/4.9.3/bits/streambuf.tcc:39:15: error: expected identifier before '__attribute__'
/Users/nilsweiss/gcc-arm-none-eabi-4_9-2015q2/arm-none-eabi/include/c++/4.9.3/bits/streambuf.tcc:39:15: error: expected ';' before '__attribute__'
/Users/nilsweiss/gcc-arm-none-eabi-4_9-2015q2/arm-none-eabi/include/c++/4.9.3/bits/streambuf.tcc:39:15: error: expected primary-expression before '__attribute__'
In file included from /Users/nilsweiss/gcc-arm-none-eabi-4_9-2015q2/arm-none-eabi/include/string.h:10:0,
                 from /Users/nilsweiss/nRF51/project/ble_peripheral/ble_app_uart/main.cpp:25:
/Users/nilsweiss/gcc-arm-none-eabi-4_9-2015q2/arm-none-eabi/include/wctype.h:14:1: error: expected unqualified-id before string constant
 _BEGIN_STD_C
 ^
In file included from /Users/nilsweiss/gcc-arm-none-eabi-4_9-2015q2/arm-none-eabi/include/c++/4.9.3/bits/locale_facets.h:39:0,
                 from /Users/nilsweiss/gcc-arm-none-eabi-4_9-2015q2/arm-none-eabi/include/c++/4.9.3/bits/basic_ios.h:37,
                 from /Users/nilsweiss/gcc-arm-none-eabi-4_9-2015q2/arm-none-eabi/include/c++/4.9.3/ios:44,
                 from /Users/nilsweiss/gcc-arm-none-eabi-4_9-2015q2/arm-none-eabi/include/c++/4.9.3/ostream:38,
                 from /Users/nilsweiss/gcc-arm-none-eabi-4_9-2015q2/arm-none-eabi/include/c++/4.9.3/iostream:39,
                 from /Users/nilsweiss/nRF51/project/ble_peripheral/ble_app_uart/main.cpp:155:
/Users/nilsweiss/gcc-arm-none-eabi-4_9-2015q2/arm-none-eabi/include/c++/4.9.3/cwctype:80:1: error: 'namespace' definition is not allowed here
 namespace std
 ^
In file included from /Users/nilsweiss/gcc-arm-none-eabi-4_9-2015q2/arm-none-eabi/include/c++/4.9.3/string:38:0,
                 from /Users/nilsweiss/nRF51/project/ble_peripheral/ble_app_uart/main.cpp:26:
/Users/nilsweiss/gcc-arm-none-eabi-4_9-2015q2/arm-none-eabi/include/c++/4.9.3/arm-none-eabi/armv6-m/bits/ctype_base.h:33:15: error: expected '=' before '__attribute__'
 namespace std _GLIBCXX_VISIBILITY(default)
               ^
/Users/nilsweiss/gcc-arm-none-eabi-4_9-2015q2/arm-none-eabi/include/c++/4.9.3/arm-none-eabi/armv6-m/bits/ctype_base.h:33:15: error: expected identifier before '__attribute__'
/Users/nilsweiss/gcc-arm-none-eabi-4_9-2015q2/arm-none-eabi/include/c++/4.9.3/arm-none-eabi/armv6-m/bits/ctype_base.h:33:15: error: expected ';' before '__attribute__'
/Users/nilsweiss/gcc-arm-none-eabi-4_9-2015q2/arm-none-eabi/include/c++/4.9.3/arm-none-eabi/armv6-m/bits/ctype_base.h:33:15: error: expected primary-expression before '__attribute__'
/Users/nilsweiss/gcc-arm-none-eabi-4_9-2015q2/arm-none-eabi/include/c++/4.9.3/bits/streambuf_iterator.h:38:15: error: expected '=' before '__attribute__'
 namespace std _GLIBCXX_VISIBILITY(default)
               ^
/Users/nilsweiss/gcc-arm-none-eabi-4_9-2015q2/arm-none-eabi/include/c++/4.9.3/bits/streambuf_iterator.h:38:15: error: expected identifier before '__attribute__'
/Users/nilsweiss/gcc-arm-none-eabi-4_9-2015q2/arm-none-eabi/include/c++/4.9.3/bits/streambuf_iterator.h:38:15: error: expected ';' before '__attribute__'
/Users/nilsweiss/gcc-arm-none-eabi-4_9-2015q2/arm-none-eabi/include/c++/4.9.3/bits/streambuf_iterator.h:38:15: error: expected primary-expression before '__attribute__'
/Users/nilsweiss/gcc-arm-none-eabi-4_9-2015q2/arm-none-eabi/include/c++/4.9.3/bits/locale_facets.h:50:15: error: expected '=' before '__attribute__'
 namespace std _GLIBCXX_VISIBILITY(default)
               ^
/Users/nilsweiss/gcc-arm-none-eabi-4_9-2015q2/arm-none-eabi/include/c++/4.9.3/bits/locale_facets.h:50:15: error: expected identifier before '__attribute__'
/Users/nilsweiss/gcc-arm-none-eabi-4_9-2015q2/arm-none-eabi/include/c++/4.9.3/bits/locale_facets.h:50:15: error: expected ';' before '__attribute__'
/Users/nilsweiss/gcc-arm-none-eabi-4_9-2015q2/arm-none-eabi/include/c++/4.9.3/bits/locale_facets.h:50:15: error: expected primary-expression before '__attribute__'
/Users/nilsweiss/gcc-arm-none-eabi-4_9-2015q2/arm-none-eabi/include/c++/4.9.3/arm-none-eabi/armv6-m/bits/ctype_inline.h:37:15: error: expected '=' before '__attribute__'
 namespace std _GLIBCXX_VISIBILITY(default)
               ^
/Users/nilsweiss/gcc-arm-none-eabi-4_9-2015q2/arm-none-eabi/include/c++/4.9.3/arm-none-eabi/armv6-m/bits/ctype_inline.h:37:15: error: expected identifier before '__attribute__'
/Users/nilsweiss/gcc-arm-none-eabi-4_9-2015q2/arm-none-eabi/include/c++/4.9.3/arm-none-eabi/armv6-m/bits/ctype_inline.h:37:15: error: expected ';' before '__attribute__'
/Users/nilsweiss/gcc-arm-none-eabi-4_9-2015q2/arm-none-eabi/include/c++/4.9.3/arm-none-eabi/armv6-m/bits/ctype_inline.h:37:15: error: expected primary-expression before '__attribute__'
/Users/nilsweiss/gcc-arm-none-eabi-4_9-2015q2/arm-none-eabi/include/c++/4.9.3/bits/locale_facets.h:1513:15: error: expected '=' before '__attribute__'
 namespace std _GLIBCXX_VISIBILITY(default)
               ^
/Users/nilsweiss/gcc-arm-none-eabi-4_9-2015q2/arm-none-eabi/include/c++/4.9.3/bits/locale_facets.h:1513:15: error: expected identifier before '__attribute__'
/Users/nilsweiss/gcc-arm-none-eabi-4_9-2015q2/arm-none-eabi/include/c++/4.9.3/bits/locale_facets.h:1513:15: error: expected ';' before '__attribute__'
/Users/nilsweiss/gcc-arm-none-eabi-4_9-2015q2/arm-none-eabi/include/c++/4.9.3/bits/locale_facets.h:1513:15: error: expected primary-expression before '__attribute__'
/Users/nilsweiss/gcc-arm-none-eabi-4_9-2015q2/arm-none-eabi/include/c++/4.9.3/bits/locale_facets.tcc:35:15: error: expected '=' before '__attribute__'
 namespace std _GLIBCXX_VISIBILITY(default)
               ^
/Users/nilsweiss/gcc-arm-none-eabi-4_9-2015q2/arm-none-eabi/include/c++/4.9.3/bits/locale_facets.tcc:35:15: error: expected identifier before '__attribute__'
/Users/nilsweiss/gcc-arm-none-eabi-4_9-2015q2/arm-none-eabi/include/c++/4.9.3/bits/locale_facets.tcc:35:15: error: expected ';' before '__attribute__'
/Users/nilsweiss/gcc-arm-none-eabi-4_9-2015q2/arm-none-eabi/include/c++/4.9.3/bits/locale_facets.tcc:35:15: error: expected primary-expression before '__attribute__'
/Users/nilsweiss/gcc-arm-none-eabi-4_9-2015q2/arm-none-eabi/include/c++/4.9.3/bits/basic_ios.h:40:15: error: expected '=' before '__attribute__'
 namespace std _GLIBCXX_VISIBILITY(default)
               ^
/Users/nilsweiss/gcc-arm-none-eabi-4_9-2015q2/arm-none-eabi/include/c++/4.9.3/bits/basic_ios.h:40:15: error: expected identifier before '__attribute__'
/Users/nilsweiss/gcc-arm-none-eabi-4_9-2015q2/arm-none-eabi/include/c++/4.9.3/bits/basic_ios.h:40:15: error: expected ';' before '__attribute__'
/Users/nilsweiss/gcc-arm-none-eabi-4_9-2015q2/arm-none-eabi/include/c++/4.9.3/bits/basic_ios.h:40:15: error: expected primary-expression before '__attribute__'
/Users/nilsweiss/gcc-arm-none-eabi-4_9-2015q2/arm-none-eabi/include/c++/4.9.3/bits/basic_ios.tcc:35:15: error: expected '=' before '__attribute__'
 namespace std _GLIBCXX_VISIBILITY(default)
               ^
/Users/nilsweiss/gcc-arm-none-eabi-4_9-2015q2/arm-none-eabi/include/c++/4.9.3/bits/basic_ios.tcc:35:15: error: expected identifier before '__attribute__'
/Users/nilsweiss/gcc-arm-none-eabi-4_9-2015q2/arm-none-eabi/include/c++/4.9.3/bits/basic_ios.tcc:35:15: error: expected ';' before '__attribute__'
/Users/nilsweiss/gcc-arm-none-eabi-4_9-2015q2/arm-none-eabi/include/c++/4.9.3/bits/basic_ios.tcc:35:15: error: expected primary-expression before '__attribute__'
/Users/nilsweiss/gcc-arm-none-eabi-4_9-2015q2/arm-none-eabi/include/c++/4.9.3/ostream:41:15: error: expected '=' before '__attribute__'
 namespace std _GLIBCXX_VISIBILITY(default)
               ^
/Users/nilsweiss/gcc-arm-none-eabi-4_9-2015q2/arm-none-eabi/include/c++/4.9.3/ostream:41:15: error: expected identifier before '__attribute__'
/Users/nilsweiss/gcc-arm-none-eabi-4_9-2015q2/arm-none-eabi/include/c++/4.9.3/ostream:41:15: error: expected ';' before '__attribute__'
/Users/nilsweiss/gcc-arm-none-eabi-4_9-2015q2/arm-none-eabi/include/c++/4.9.3/ostream:41:15: error: expected primary-expression before '__attribute__'
/Users/nilsweiss/gcc-arm-none-eabi-4_9-2015q2/arm-none-eabi/include/c++/4.9.3/bits/ostream.tcc:41:15: error: expected '=' before '__attribute__'
 namespace std _GLIBCXX_VISIBILITY(default)
               ^
/Users/nilsweiss/gcc-arm-none-eabi-4_9-2015q2/arm-none-eabi/include/c++/4.9.3/bits/ostream.tcc:41:15: error: expected identifier before '__attribute__'
/Users/nilsweiss/gcc-arm-none-eabi-4_9-2015q2/arm-none-eabi/include/c++/4.9.3/bits/ostream.tcc:41:15: error: expected ';' before '__attribute__'
/Users/nilsweiss/gcc-arm-none-eabi-4_9-2015q2/arm-none-eabi/include/c++/4.9.3/bits/ostream.tcc:41:15: error: expected primary-expression before '__attribute__'
/Users/nilsweiss/gcc-arm-none-eabi-4_9-2015q2/arm-none-eabi/include/c++/4.9.3/istream:41:15: error: expected '=' before '__attribute__'
 namespace std _GLIBCXX_VISIBILITY(default)
               ^
/Users/nilsweiss/gcc-arm-none-eabi-4_9-2015q2/arm-none-eabi/include/c++/4.9.3/istream:41:15: error: expected identifier before '__attribute__'
/Users/nilsweiss/gcc-arm-none-eabi-4_9-2015q2/arm-none-eabi/include/c++/4.9.3/istream:41:15: error: expected ';' before '__attribute__'
/Users/nilsweiss/gcc-arm-none-eabi-4_9-2015q2/arm-none-eabi/include/c++/4.9.3/istream:41:15: error: expected primary-expression before '__attribute__'
/Users/nilsweiss/gcc-arm-none-eabi-4_9-2015q2/arm-none-eabi/include/c++/4.9.3/bits/istream.tcc:41:15: error: expected '=' before '__attribute__'
 namespace std _GLIBCXX_VISIBILITY(default)
               ^
/Users/nilsweiss/gcc-arm-none-eabi-4_9-2015q2/arm-none-eabi/include/c++/4.9.3/bits/istream.tcc:41:15: error: expected identifier before '__attribute__'
/Users/nilsweiss/gcc-arm-none-eabi-4_9-2015q2/arm-none-eabi/include/c++/4.9.3/bits/istream.tcc:41:15: error: expected ';' before '__attribute__'
/Users/nilsweiss/gcc-arm-none-eabi-4_9-2015q2/arm-none-eabi/include/c++/4.9.3/bits/istream.tcc:41:15: error: expected primary-expression before '__attribute__'
/Users/nilsweiss/gcc-arm-none-eabi-4_9-2015q2/arm-none-eabi/include/c++/4.9.3/iostream:42:15: error: expected '=' before '__attribute__'
 namespace std _GLIBCXX_VISIBILITY(default)
               ^
/Users/nilsweiss/gcc-arm-none-eabi-4_9-2015q2/arm-none-eabi/include/c++/4.9.3/iostream:42:15: error: expected identifier before '__attribute__'
/Users/nilsweiss/gcc-arm-none-eabi-4_9-2015q2/arm-none-eabi/include/c++/4.9.3/iostream:42:15: error: expected ';' before '__attribute__'
/Users/nilsweiss/gcc-arm-none-eabi-4_9-2015q2/arm-none-eabi/include/c++/4.9.3/iostream:42:15: error: expected primary-expression before '__attribute__'
/Users/nilsweiss/nRF51/project/ble_peripheral/ble_app_uart/main.cpp:156:5: error: 'cout' is not a member of 'std'
     std::cout<<msg<<std::endl;
     ^
/Users/nilsweiss/nRF51/project/ble_peripheral/ble_app_uart/main.cpp:156:21: error: 'endl' is not a member of 'std'
     std::cout<<msg<<std::endl;
                     ^
make: *** [_build/main.o] Error 1
11:46:01 **** Incremental Build of configuration Default for project BLE ****
make 
rm -rf _build
echo  Makefile
Makefile
mkdir _build
Compiling file: RTT_Syscalls_GCC.c
Compiling file: SEGGER_RTT.c
Compiling file: SEGGER_RTT_printf.c
Compiling file: app_button.c
Compiling file: app_error.c
Compiling file: app_fifo.c
Compiling file: app_timer.c
Compiling file: app_trace.c
Compiling file: nrf_assert.c
Compiling file: nrf_log.c
Compiling file: retarget.c
Compiling file: app_uart_fifo.c
Compiling file: nrf_delay.c
Compiling file: nrf_drv_common.c
Compiling file: nrf_drv_gpiote.c
Compiling file: nrf_drv_uart.c
Compiling file: pstorage.c
Compiling file: bsp.c
Compiling file: bsp_btn_ble.c
Compiling file: ble_advdata.c
Compiling file: ble_advertising.c
Compiling file: ble_conn_params.c
Compiling file: ble_nus.c
Compiling file: ble_srv_common.c
Compiling file: system_nrf51.c
Compiling file: softdevice_handler.c
Compiling file: device_manager_peripheral.c
Compiling file: app_bond.c
Compiling file: main.cpp
Compiling file: gcc_startup_nrf51.s
Linking target: nrf51422_xxac_s130.out
Preparing: nrf51422_xxac_s130.bin
Preparing: nrf51422_xxac_s130.hex

   text	   data	    bss	    dec	    hex	filename
  49716	    124	   3808	  53648	   d190	_build/nrf51422_xxac_s130.out

11:49:31 **** Incremental Build of configuration Default for project BLE ****
make 
rm -rf _build
echo  Makefile
Makefile
mkdir _build
Compiling file: RTT_Syscalls_GCC.c
Compiling file: SEGGER_RTT.c
Compiling file: SEGGER_RTT_printf.c
Compiling file: app_button.c
Compiling file: app_error.c
Compiling file: app_fifo.c
Compiling file: app_timer.c
Compiling file: app_trace.c
Compiling file: nrf_assert.c
Compiling file: nrf_log.c
Compiling file: retarget.c
Compiling file: app_uart_fifo.c
Compiling file: nrf_delay.c
Compiling file: nrf_drv_common.c
Compiling file: nrf_drv_gpiote.c
Compiling file: nrf_drv_uart.c
Compiling file: pstorage.c
Compiling file: bsp.c
Compiling file: bsp_btn_ble.c
Compiling file: ble_advdata.c
Compiling file: ble_advertising.c
Compiling file: ble_conn_params.c
Compiling file: ble_nus.c
Compiling file: ble_srv_common.c
Compiling file: system_nrf51.c
Compiling file: softdevice_handler.c
Compiling file: device_manager_peripheral.c
Compiling file: app_bond.c
Compiling file: main.cpp
Compiling file: gcc_startup_nrf51.s
Linking target: nrf51422_xxac_s130.out
Preparing: nrf51422_xxac_s130.bin
Preparing: nrf51422_xxac_s130.hex

   text	   data	    bss	    dec	    hex	filename
  49680	    124	   3808	  53612	   d16c	_build/nrf51422_xxac_s130.out

11:51:20 **** Incremental Build of configuration Default for project BLE ****
make 
rm -rf _build
echo  Makefile
Makefile
mkdir _build
Compiling file: RTT_Syscalls_GCC.c
Compiling file: SEGGER_RTT.c
Compiling file: SEGGER_RTT_printf.c
Compiling file: app_button.c
Compiling file: app_error.c
Compiling file: app_fifo.c
Compiling file: app_timer.c
Compiling file: app_trace.c
Compiling file: nrf_assert.c
Compiling file: nrf_log.c
Compiling file: retarget.c
Compiling file: app_uart_fifo.c
Compiling file: nrf_delay.c
Compiling file: nrf_drv_common.c
Compiling file: nrf_drv_gpiote.c
Compiling file: nrf_drv_uart.c
Compiling file: pstorage.c
Compiling file: bsp.c
Compiling file: bsp_btn_ble.c
Compiling file: ble_advdata.c
Compiling file: ble_advertising.c
Compiling file: ble_conn_params.c
Compiling file: ble_nus.c
Compiling file: ble_srv_common.c
Compiling file: system_nrf51.c
Compiling file: softdevice_handler.c
Compiling file: device_manager_peripheral.c
Compiling file: app_bond.c
Compiling file: main.cpp
Compiling file: gcc_startup_nrf51.s
Linking target: nrf51422_xxac_s130.out
Preparing: nrf51422_xxac_s130.bin
Preparing: nrf51422_xxac_s130.hex

   text	   data	    bss	    dec	    hex	filename
  49680	    124	   3808	  53612	   d16c	_build/nrf51422_xxac_s130.out

11:51:47 **** Incremental Build of configuration Default for project BLE ****
make 
rm -rf _build
echo  Makefile
Makefile
mkdir _build
Compiling file: RTT_Syscalls_GCC.c
Compiling file: SEGGER_RTT.c
Compiling file: SEGGER_RTT_printf.c
Compiling file: app_button.c
Compiling file: app_error.c
Compiling file: app_fifo.c
Compiling file: app_timer.c
Compiling file: app_trace.c
Compiling file: nrf_assert.c
Compiling file: nrf_log.c
Compiling file: retarget.c
Compiling file: app_uart_fifo.c
Compiling file: nrf_delay.c
Compiling file: nrf_drv_common.c
Compiling file: nrf_drv_gpiote.c
Compiling file: nrf_drv_uart.c
Compiling file: pstorage.c
Compiling file: bsp.c
Compiling file: bsp_btn_ble.c
Compiling file: ble_advdata.c
Compiling file: ble_advertising.c
Compiling file: ble_conn_params.c
Compiling file: ble_nus.c
Compiling file: ble_srv_common.c
Compiling file: system_nrf51.c
Compiling file: softdevice_handler.c
Compiling file: device_manager_peripheral.c
Compiling file: app_bond.c
Compiling file: main.cpp
Compiling file: gcc_startup_nrf51.s
Linking target: nrf51422_xxac_s130.out
Preparing: nrf51422_xxac_s130.bin
Preparing: nrf51422_xxac_s130.hex

   text	   data	    bss	    dec	    hex	filename
  49680	    124	   3808	  53612	   d16c	_build/nrf51422_xxac_s130.out

11:57:17 **** Incremental Build of configuration Default for project BLE ****
make 
rm -rf _build
echo  Makefile
Makefile
mkdir _build
Compiling file: RTT_Syscalls_GCC.c
Compiling file: SEGGER_RTT.c
Compiling file: SEGGER_RTT_printf.c
Compiling file: app_button.c
Compiling file: app_error.c
Compiling file: app_fifo.c
Compiling file: app_timer.c
Compiling file: app_trace.c
Compiling file: nrf_assert.c
Compiling file: nrf_log.c
Compiling file: retarget.c
Compiling file: app_uart_fifo.c
Compiling file: nrf_delay.c
Compiling file: nrf_drv_common.c
Compiling file: nrf_drv_gpiote.c
Compiling file: nrf_drv_uart.c
Compiling file: pstorage.c
Compiling file: bsp.c
Compiling file: bsp_btn_ble.c
Compiling file: ble_advdata.c
Compiling file: ble_advertising.c
Compiling file: ble_conn_params.c
Compiling file: ble_nus.c
Compiling file: ble_srv_common.c
Compiling file: system_nrf51.c
Compiling file: softdevice_handler.c
Compiling file: device_manager_peripheral.c
Compiling file: app_bond.c
Compiling file: main.cpp
Compiling file: gcc_startup_nrf51.s
Linking target: nrf51422_xxac_s130.out
Preparing: nrf51422_xxac_s130.bin
Preparing: nrf51422_xxac_s130.hex

   text	   data	    bss	    dec	    hex	filename
  49680	    124	   3808	  53612	   d16c	_build/nrf51422_xxac_s130.out

11:58:49 **** Incremental Build of configuration Default for project BLE ****
make 
rm -rf _build
echo  Makefile
Makefile
mkdir _build
Compiling file: RTT_Syscalls_GCC.c
Compiling file: SEGGER_RTT.c
Compiling file: SEGGER_RTT_printf.c
Compiling file: app_button.c
Compiling file: app_error.c
Compiling file: app_fifo.c
Compiling file: app_timer.c
Compiling file: app_trace.c
Compiling file: nrf_assert.c
Compiling file: nrf_log.c
Compiling file: retarget.c
Compiling file: app_uart_fifo.c
Compiling file: nrf_delay.c
Compiling file: nrf_drv_common.c
Compiling file: nrf_drv_gpiote.c
Compiling file: nrf_drv_uart.c
Compiling file: pstorage.c
Compiling file: bsp.c
Compiling file: bsp_btn_ble.c
Compiling file: ble_advdata.c
Compiling file: ble_advertising.c
Compiling file: ble_conn_params.c
Compiling file: ble_nus.c
Compiling file: ble_srv_common.c
Compiling file: system_nrf51.c
Compiling file: softdevice_handler.c
Compiling file: device_manager_peripheral.c
Compiling file: app_bond.c
Compiling file: main.cpp
Compiling file: gcc_startup_nrf51.s
Linking target: nrf51422_xxac_s130.out
Preparing: nrf51422_xxac_s130.bin
Preparing: nrf51422_xxac_s130.hex

   text	   data	    bss	    dec	    hex	filename
  45264	    124	   3736	  49124	   bfe4	_build/nrf51422_xxac_s130.out

11:59:13 **** Incremental Build of configuration Default for project BLE ****
make 
rm -rf _build
echo  Makefile
Makefile
mkdir _build
Compiling file: RTT_Syscalls_GCC.c
Compiling file: SEGGER_RTT.c
Compiling file: SEGGER_RTT_printf.c
Compiling file: app_button.c
Compiling file: app_error.c
Compiling file: app_fifo.c
Compiling file: app_timer.c
Compiling file: app_trace.c
Compiling file: nrf_assert.c
Compiling file: nrf_log.c
Compiling file: retarget.c
Compiling file: app_uart_fifo.c
Compiling file: nrf_delay.c
Compiling file: nrf_drv_common.c
Compiling file: nrf_drv_gpiote.c
Compiling file: nrf_drv_uart.c
Compiling file: pstorage.c
Compiling file: bsp.c
Compiling file: bsp_btn_ble.c
Compiling file: ble_advdata.c
Compiling file: ble_advertising.c
Compiling file: ble_conn_params.c
Compiling file: ble_nus.c
Compiling file: ble_srv_common.c
Compiling file: system_nrf51.c
Compiling file: softdevice_handler.c
Compiling file: device_manager_peripheral.c
Compiling file: app_bond.c
Compiling file: main.cpp
Compiling file: gcc_startup_nrf51.s
Linking target: nrf51422_xxac_s130.out
Preparing: nrf51422_xxac_s130.bin
Preparing: nrf51422_xxac_s130.hex

   text	   data	    bss	    dec	    hex	filename
  49672	    124	   3808	  53604	   d164	_build/nrf51422_xxac_s130.out

12:08:53 **** Incremental Build of configuration Default for project BLE ****
make 
rm -rf _build
echo  Makefile
Makefile
mkdir _build
Compiling file: RTT_Syscalls_GCC.c
Compiling file: SEGGER_RTT.c
Compiling file: SEGGER_RTT_printf.c
Compiling file: app_button.c
Compiling file: app_error.c
Compiling file: app_fifo.c
Compiling file: app_timer.c
Compiling file: app_trace.c
Compiling file: nrf_assert.c
Compiling file: nrf_log.c
Compiling file: retarget.c
Compiling file: app_uart_fifo.c
Compiling file: nrf_delay.c
Compiling file: nrf_drv_common.c
Compiling file: nrf_drv_gpiote.c
Compiling file: nrf_drv_uart.c
Compiling file: pstorage.c
Compiling file: bsp.c
Compiling file: bsp_btn_ble.c
Compiling file: ble_advdata.c
Compiling file: ble_advertising.c
Compiling file: ble_conn_params.c
Compiling file: ble_nus.c
Compiling file: ble_srv_common.c
Compiling file: system_nrf51.c
Compiling file: softdevice_handler.c
Compiling file: device_manager_peripheral.c
Compiling file: app_bond.c
Compiling file: main.cpp
Compiling file: gcc_startup_nrf51.s
Linking target: nrf51422_xxac_s130.out
Preparing: nrf51422_xxac_s130.bin
Preparing: nrf51422_xxac_s130.hex

   text	   data	    bss	    dec	    hex	filename
  49672	    124	   3808	  53604	   d164	_build/nrf51422_xxac_s130.out

12:09:02 **** Incremental Build of configuration Default for project BLE ****
make 
rm -rf _build
echo  Makefile
Makefile
mkdir _build
Compiling file: RTT_Syscalls_GCC.c
Compiling file: SEGGER_RTT.c
Compiling file: SEGGER_RTT_printf.c
Compiling file: app_button.c
Compiling file: app_error.c
Compiling file: app_fifo.c
Compiling file: app_timer.c
Compiling file: app_trace.c
Compiling file: nrf_assert.c
Compiling file: nrf_log.c
Compiling file: retarget.c
Compiling file: app_uart_fifo.c
Compiling file: nrf_delay.c
Compiling file: nrf_drv_common.c
Compiling file: nrf_drv_gpiote.c
Compiling file: nrf_drv_uart.c
Compiling file: pstorage.c
Compiling file: bsp.c
Compiling file: bsp_btn_ble.c
Compiling file: ble_advdata.c
Compiling file: ble_advertising.c
Compiling file: ble_conn_params.c
Compiling file: ble_nus.c
Compiling file: ble_srv_common.c
Compiling file: system_nrf51.c
Compiling file: softdevice_handler.c
Compiling file: device_manager_peripheral.c
Compiling file: app_bond.c
Compiling file: main.cpp
Compiling file: gcc_startup_nrf51.s
Linking target: nrf51422_xxac_s130.out
Preparing: nrf51422_xxac_s130.bin
Preparing: nrf51422_xxac_s130.hex

   text	   data	    bss	    dec	    hex	filename
  50412	    124	   3820	  54356	   d454	_build/nrf51422_xxac_s130.out

12:17:22 **** Incremental Build of configuration Default for project BLE ****
make 
rm -rf _build
echo  Makefile
Makefile
mkdir _build
Compiling file: RTT_Syscalls_GCC.c
Compiling file: SEGGER_RTT.c
Compiling file: SEGGER_RTT_printf.c
Compiling file: app_button.c
Compiling file: app_error.c
Compiling file: app_fifo.c
Compiling file: app_timer.c
Compiling file: app_trace.c
Compiling file: nrf_assert.c
Compiling file: nrf_log.c
Compiling file: retarget.c
Compiling file: app_uart_fifo.c
Compiling file: nrf_delay.c
Compiling file: nrf_drv_common.c
Compiling file: nrf_drv_gpiote.c
Compiling file: nrf_drv_uart.c
Compiling file: pstorage.c
Compiling file: bsp.c
Compiling file: bsp_btn_ble.c
Compiling file: ble_advdata.c
Compiling file: ble_advertising.c
Compiling file: ble_conn_params.c
Compiling file: ble_nus.c
Compiling file: ble_srv_common.c
Compiling file: system_nrf51.c
Compiling file: softdevice_handler.c
Compiling file: device_manager_peripheral.c
Compiling file: app_bond.c
Compiling file: main.cpp
Compiling file: gcc_startup_nrf51.s
Linking target: nrf51422_xxac_s130.out
Preparing: nrf51422_xxac_s130.bin
Preparing: nrf51422_xxac_s130.hex

   text	   data	    bss	    dec	    hex	filename
  51216	    124	   3848	  55188	   d794	_build/nrf51422_xxac_s130.out

12:20:19 **** Incremental Build of configuration Default for project BLE ****
make 
rm -rf _build
echo  Makefile
Makefile
mkdir _build
Compiling file: RTT_Syscalls_GCC.c
Compiling file: SEGGER_RTT.c
Compiling file: SEGGER_RTT_printf.c
Compiling file: app_button.c
Compiling file: app_error.c
Compiling file: app_fifo.c
Compiling file: app_timer.c
Compiling file: app_trace.c
Compiling file: nrf_assert.c
Compiling file: nrf_log.c
Compiling file: retarget.c
Compiling file: app_uart_fifo.c
Compiling file: nrf_delay.c
Compiling file: nrf_drv_common.c
Compiling file: nrf_drv_gpiote.c
Compiling file: nrf_drv_uart.c
Compiling file: pstorage.c
Compiling file: bsp.c
Compiling file: bsp_btn_ble.c
Compiling file: ble_advdata.c
Compiling file: ble_advertising.c
Compiling file: ble_conn_params.c
Compiling file: ble_nus.c
Compiling file: ble_srv_common.c
Compiling file: system_nrf51.c
Compiling file: softdevice_handler.c
Compiling file: device_manager_peripheral.c
Compiling file: app_bond.c
Compiling file: main.cpp
Compiling file: gcc_startup_nrf51.s
Linking target: nrf51422_xxac_s130.out
Preparing: nrf51422_xxac_s130.bin
Preparing: nrf51422_xxac_s130.hex

   text	   data	    bss	    dec	    hex	filename
  51216	    124	   3848	  55188	   d794	_build/nrf51422_xxac_s130.out

12:26:08 **** Incremental Build of configuration Default for project BLE ****
make 
rm -rf _build
echo  Makefile
Makefile
mkdir _build
Compiling file: RTT_Syscalls_GCC.c
Compiling file: SEGGER_RTT.c
Compiling file: SEGGER_RTT_printf.c
Compiling file: app_button.c
Compiling file: app_error.c
Compiling file: app_fifo.c
Compiling file: app_timer.c
Compiling file: app_trace.c
Compiling file: nrf_assert.c
Compiling file: nrf_log.c
Compiling file: retarget.c
Compiling file: app_uart_fifo.c
Compiling file: nrf_delay.c
Compiling file: nrf_drv_common.c
Compiling file: nrf_drv_gpiote.c
Compiling file: nrf_drv_uart.c
Compiling file: pstorage.c
Compiling file: bsp.c
Compiling file: bsp_btn_ble.c
Compiling file: ble_advdata.c
Compiling file: ble_advertising.c
Compiling file: ble_conn_params.c
Compiling file: ble_nus.c
Compiling file: ble_srv_common.c
Compiling file: system_nrf51.c
Compiling file: softdevice_handler.c
Compiling file: device_manager_peripheral.c
Compiling file: app_bond.c
Compiling file: main.cpp
Compiling file: gcc_startup_nrf51.s
Linking target: nrf51422_xxac_s130.out
Preparing: nrf51422_xxac_s130.bin
Preparing: nrf51422_xxac_s130.hex

   text	   data	    bss	    dec	    hex	filename
  51224	    124	   3848	  55196	   d79c	_build/nrf51422_xxac_s130.out

12:43:11 **** Incremental Build of configuration Default for project BLE ****
make 
rm -rf _build
echo  Makefile
Makefile
mkdir _build
Compiling file: RTT_Syscalls_GCC.c
Compiling file: SEGGER_RTT.c
Compiling file: SEGGER_RTT_printf.c
Compiling file: app_button.c
Compiling file: app_error.c
Compiling file: app_fifo.c
Compiling file: app_timer.c
Compiling file: app_trace.c
Compiling file: nrf_assert.c
Compiling file: nrf_log.c
Compiling file: retarget.c
Compiling file: app_uart_fifo.c
Compiling file: nrf_delay.c
Compiling file: nrf_drv_common.c
Compiling file: nrf_drv_gpiote.c
Compiling file: nrf_drv_uart.c
Compiling file: pstorage.c
Compiling file: bsp.c
Compiling file: bsp_btn_ble.c
Compiling file: ble_advdata.c
Compiling file: ble_advertising.c
Compiling file: ble_conn_params.c
Compiling file: ble_nus.c
Compiling file: ble_srv_common.c
Compiling file: system_nrf51.c
Compiling file: softdevice_handler.c
Compiling file: device_manager_peripheral.c
Compiling file: app_bond.c
Compiling file: main.cpp
/Users/nilsweiss/nRF51/project/ble_peripheral/ble_app_uart/main.cpp: In function 'void gap_params_init()':
/Users/nilsweiss/nRF51/project/ble_peripheral/ble_app_uart/main.cpp:144:26: error: 'union ble_opt_t' has no member named 'gap'
      m_static_pin_option.gap.passkey.p_passkey = passkey;
                          ^
make: *** [_build/main.o] Error 1
12:43:19 **** Incremental Build of configuration Default for project BLE ****
make 
rm -rf _build
echo  Makefile
Makefile
mkdir _build
Compiling file: RTT_Syscalls_GCC.c
Compiling file: SEGGER_RTT.c
Compiling file: SEGGER_RTT_printf.c
Compiling file: app_button.c
Compiling file: app_error.c
Compiling file: app_fifo.c
Compiling file: app_timer.c
Compiling file: app_trace.c
Compiling file: nrf_assert.c
Compiling file: nrf_log.c
Compiling file: retarget.c
Compiling file: app_uart_fifo.c
Compiling file: nrf_delay.c
Compiling file: nrf_drv_common.c
Compiling file: nrf_drv_gpiote.c
Compiling file: nrf_drv_uart.c
Compiling file: pstorage.c
Compiling file: bsp.c
Compiling file: bsp_btn_ble.c
Compiling file: ble_advdata.c
Compiling file: ble_advertising.c
Compiling file: ble_conn_params.c
Compiling file: ble_nus.c
Compiling file: ble_srv_common.c
Compiling file: system_nrf51.c
Compiling file: softdevice_handler.c
Compiling file: device_manager_peripheral.c
Compiling file: app_bond.c
Compiling file: main.cpp
/Users/nilsweiss/nRF51/project/ble_peripheral/ble_app_uart/main.cpp: In function 'void gap_params_init()':
/Users/nilsweiss/nRF51/project/ble_peripheral/ble_app_uart/main.cpp:144:26: error: 'union ble_opt_t' has no member named 'gap'
      m_static_pin_option.gap.passkey.p_passkey = passkey;
                          ^
make: *** [_build/main.o] Error 1
12:44:28 **** Incremental Build of configuration Default for project BLE ****
make 
rm -rf _build
echo  Makefile
Makefile
mkdir _build
Compiling file: RTT_Syscalls_GCC.c
Compiling file: SEGGER_RTT.c
Compiling file: SEGGER_RTT_printf.c
Compiling file: app_button.c
Compiling file: app_error.c
Compiling file: app_fifo.c
Compiling file: app_timer.c
Compiling file: app_trace.c
Compiling file: nrf_assert.c
Compiling file: nrf_log.c
Compiling file: retarget.c
Compiling file: app_uart_fifo.c
Compiling file: nrf_delay.c
Compiling file: nrf_drv_common.c
Compiling file: nrf_drv_gpiote.c
Compiling file: nrf_drv_uart.c
Compiling file: pstorage.c
Compiling file: bsp.c
Compiling file: bsp_btn_ble.c
Compiling file: ble_advdata.c
Compiling file: ble_advertising.c
Compiling file: ble_conn_params.c
Compiling file: ble_nus.c
Compiling file: ble_srv_common.c
Compiling file: system_nrf51.c
Compiling file: softdevice_handler.c
Compiling file: device_manager_peripheral.c
Compiling file: app_bond.c
Compiling file: main.cpp
Compiling file: gcc_startup_nrf51.s
Linking target: nrf51422_xxac_s130.out
Preparing: nrf51422_xxac_s130.bin
Preparing: nrf51422_xxac_s130.hex

   text	   data	    bss	    dec	    hex	filename
  51304	    124	   3860	  55288	   d7f8	_build/nrf51422_xxac_s130.out

12:47:34 **** Incremental Build of configuration Default for project BLE ****
make 
rm -rf _build
echo  Makefile
Makefile
mkdir _build
Compiling file: RTT_Syscalls_GCC.c
Compiling file: SEGGER_RTT.c
Compiling file: SEGGER_RTT_printf.c
Compiling file: app_button.c
Compiling file: app_error.c
Compiling file: app_fifo.c
Compiling file: app_timer.c
Compiling file: app_trace.c
Compiling file: nrf_assert.c
Compiling file: nrf_log.c
Compiling file: retarget.c
Compiling file: app_uart_fifo.c
Compiling file: nrf_delay.c
Compiling file: nrf_drv_common.c
Compiling file: nrf_drv_gpiote.c
Compiling file: nrf_drv_uart.c
Compiling file: pstorage.c
Compiling file: bsp.c
Compiling file: bsp_btn_ble.c
Compiling file: ble_advdata.c
Compiling file: ble_advertising.c
Compiling file: ble_conn_params.c
Compiling file: ble_nus.c
Compiling file: ble_srv_common.c
Compiling file: system_nrf51.c
Compiling file: softdevice_handler.c
Compiling file: device_manager_peripheral.c
Compiling file: app_bond.c
Compiling file: main.cpp
/Users/nilsweiss/nRF51/project/ble_peripheral/ble_app_uart/main.cpp:95:23: error: 'm_static_pin_option' defined but not used [-Werror=unused-variable]
 static ble_opt_t      m_static_pin_option;
                       ^
cc1plus: all warnings being treated as errors
make: *** [_build/main.o] Error 1
12:47:43 **** Incremental Build of configuration Default for project BLE ****
make 
rm -rf _build
echo  Makefile
Makefile
mkdir _build
Compiling file: RTT_Syscalls_GCC.c
Compiling file: SEGGER_RTT.c
Compiling file: SEGGER_RTT_printf.c
Compiling file: app_button.c
Compiling file: app_error.c
Compiling file: app_fifo.c
Compiling file: app_timer.c
Compiling file: app_trace.c
Compiling file: nrf_assert.c
Compiling file: nrf_log.c
Compiling file: retarget.c
Compiling file: app_uart_fifo.c
Compiling file: nrf_delay.c
Compiling file: nrf_drv_common.c
Compiling file: nrf_drv_gpiote.c
Compiling file: nrf_drv_uart.c
Compiling file: pstorage.c
Compiling file: bsp.c
Compiling file: bsp_btn_ble.c
Compiling file: ble_advdata.c
Compiling file: ble_advertising.c
Compiling file: ble_conn_params.c
Compiling file: ble_nus.c
Compiling file: ble_srv_common.c
Compiling file: system_nrf51.c
Compiling file: softdevice_handler.c
Compiling file: device_manager_peripheral.c
Compiling file: app_bond.c
Compiling file: main.cpp
/Users/nilsweiss/nRF51/project/ble_peripheral/ble_app_uart/main.cpp:95:23: error: 'm_static_pin_option' defined but not used [-Werror=unused-variable]
 static ble_opt_t      m_static_pin_option;
                       ^
cc1plus: all warnings being treated as errors
make: *** [_build/main.o] Error 1
12:47:57 **** Incremental Build of configuration Default for project BLE ****
make 
rm -rf _build
echo  Makefile
Makefile
mkdir _build
Compiling file: RTT_Syscalls_GCC.c
Compiling file: SEGGER_RTT.c
Compiling file: SEGGER_RTT_printf.c
Compiling file: app_button.c
Compiling file: app_error.c
Compiling file: app_fifo.c
Compiling file: app_timer.c
Compiling file: app_trace.c
Compiling file: nrf_assert.c
Compiling file: nrf_log.c
Compiling file: retarget.c
Compiling file: app_uart_fifo.c
Compiling file: nrf_delay.c
Compiling file: nrf_drv_common.c
Compiling file: nrf_drv_gpiote.c
Compiling file: nrf_drv_uart.c
Compiling file: pstorage.c
Compiling file: bsp.c
Compiling file: bsp_btn_ble.c
Compiling file: ble_advdata.c
Compiling file: ble_advertising.c
Compiling file: ble_conn_params.c
Compiling file: ble_nus.c
Compiling file: ble_srv_common.c
Compiling file: system_nrf51.c
Compiling file: softdevice_handler.c
Compiling file: device_manager_peripheral.c
Compiling file: app_bond.c
Compiling file: main.cpp
Compiling file: gcc_startup_nrf51.s
Linking target: nrf51422_xxac_s130.out
Preparing: nrf51422_xxac_s130.bin
Preparing: nrf51422_xxac_s130.hex

   text	   data	    bss	    dec	    hex	filename
  51216	    124	   3852	  55192	   d798	_build/nrf51422_xxac_s130.out

12:48:19 **** Incremental Build of configuration Default for project BLE ****
make 
rm -rf _build
echo  Makefile
Makefile
mkdir _build
Compiling file: RTT_Syscalls_GCC.c
Compiling file: SEGGER_RTT.c
Compiling file: SEGGER_RTT_printf.c
Compiling file: app_button.c
Compiling file: app_error.c
Compiling file: app_fifo.c
Compiling file: app_timer.c
Compiling file: app_trace.c
Compiling file: nrf_assert.c
Compiling file: nrf_log.c
Compiling file: retarget.c
Compiling file: app_uart_fifo.c
Compiling file: nrf_delay.c
Compiling file: nrf_drv_common.c
Compiling file: nrf_drv_gpiote.c
Compiling file: nrf_drv_uart.c
Compiling file: pstorage.c
Compiling file: bsp.c
Compiling file: bsp_btn_ble.c
Compiling file: ble_advdata.c
Compiling file: ble_advertising.c
Compiling file: ble_conn_params.c
Compiling file: ble_nus.c
Compiling file: ble_srv_common.c
Compiling file: system_nrf51.c
Compiling file: softdevice_handler.c
Compiling file: device_manager_peripheral.c
Compiling file: app_bond.c
Compiling file: main.cpp
Compiling file: gcc_startup_nrf51.s
Linking target: nrf51422_xxac_s130.out
Preparing: nrf51422_xxac_s130.bin
Preparing: nrf51422_xxac_s130.hex

   text	   data	    bss	    dec	    hex	filename
  51224	    124	   3852	  55200	   d7a0	_build/nrf51422_xxac_s130.out

12:50:17 **** Incremental Build of configuration Default for project BLE ****
make 
rm -rf _build
echo  Makefile
Makefile
mkdir _build
Compiling file: RTT_Syscalls_GCC.c
Compiling file: SEGGER_RTT.c
Compiling file: SEGGER_RTT_printf.c
Compiling file: app_button.c
Compiling file: app_error.c
Compiling file: app_fifo.c
Compiling file: app_timer.c
Compiling file: app_trace.c
Compiling file: nrf_assert.c
Compiling file: nrf_log.c
Compiling file: retarget.c
Compiling file: app_uart_fifo.c
Compiling file: nrf_delay.c
Compiling file: nrf_drv_common.c
Compiling file: nrf_drv_gpiote.c
Compiling file: nrf_drv_uart.c
Compiling file: pstorage.c
Compiling file: bsp.c
Compiling file: bsp_btn_ble.c
Compiling file: ble_advdata.c
Compiling file: ble_advertising.c
Compiling file: ble_conn_params.c
Compiling file: ble_nus.c
Compiling file: ble_srv_common.c
Compiling file: system_nrf51.c
Compiling file: softdevice_handler.c
Compiling file: device_manager_peripheral.c
Compiling file: app_bond.c
Compiling file: main.cpp
Compiling file: gcc_startup_nrf51.s
Linking target: nrf51422_xxac_s130.out
Preparing: nrf51422_xxac_s130.bin
Preparing: nrf51422_xxac_s130.hex

   text	   data	    bss	    dec	    hex	filename
  51224	    124	   3852	  55200	   d7a0	_build/nrf51422_xxac_s130.out

12:51:44 **** Incremental Build of configuration Default for project BLE ****
make 
rm -rf _build
echo  Makefile
Makefile
mkdir _build
Compiling file: RTT_Syscalls_GCC.c
Compiling file: SEGGER_RTT.c
Compiling file: SEGGER_RTT_printf.c
Compiling file: app_button.c
Compiling file: app_error.c
Compiling file: app_fifo.c
Compiling file: app_timer.c
Compiling file: app_trace.c
Compiling file: nrf_assert.c
Compiling file: nrf_log.c
Compiling file: retarget.c
Compiling file: app_uart_fifo.c
Compiling file: nrf_delay.c
Compiling file: nrf_drv_common.c
Compiling file: nrf_drv_gpiote.c
Compiling file: nrf_drv_uart.c
Compiling file: pstorage.c
Compiling file: bsp.c
Compiling file: bsp_btn_ble.c
Compiling file: ble_advdata.c
Compiling file: ble_advertising.c
Compiling file: ble_conn_params.c
Compiling file: ble_nus.c
Compiling file: ble_srv_common.c
Compiling file: system_nrf51.c
Compiling file: softdevice_handler.c
Compiling file: device_manager_peripheral.c
Compiling file: app_bond.c
Compiling file: main.cpp
Compiling file: gcc_startup_nrf51.s
Linking target: nrf51422_xxac_s130.out
Preparing: nrf51422_xxac_s130.bin
Preparing: nrf51422_xxac_s130.hex

   text	   data	    bss	    dec	    hex	filename
  51224	    124	   3848	  55196	   d79c	_build/nrf51422_xxac_s130.out

12:52:22 **** Incremental Build of configuration Default for project BLE ****
make 
rm -rf _build
echo  Makefile
Makefile
mkdir _build
Compiling file: RTT_Syscalls_GCC.c
Compiling file: SEGGER_RTT.c
Compiling file: SEGGER_RTT_printf.c
Compiling file: app_button.c
Compiling file: app_error.c
Compiling file: app_fifo.c
Compiling file: app_timer.c
Compiling file: app_trace.c
Compiling file: nrf_assert.c
Compiling file: nrf_log.c
Compiling file: retarget.c
Compiling file: app_uart_fifo.c
Compiling file: nrf_delay.c
Compiling file: nrf_drv_common.c
Compiling file: nrf_drv_gpiote.c
Compiling file: nrf_drv_uart.c
Compiling file: pstorage.c
Compiling file: bsp.c
Compiling file: bsp_btn_ble.c
Compiling file: ble_advdata.c
Compiling file: ble_advertising.c
Compiling file: ble_conn_params.c
Compiling file: ble_nus.c
Compiling file: ble_srv_common.c
Compiling file: system_nrf51.c
Compiling file: softdevice_handler.c
Compiling file: device_manager_peripheral.c
Compiling file: app_bond.c
Compiling file: main.cpp
Compiling file: gcc_startup_nrf51.s
Linking target: nrf51422_xxac_s130.out
Preparing: nrf51422_xxac_s130.bin
Preparing: nrf51422_xxac_s130.hex

   text	   data	    bss	    dec	    hex	filename
  51312	    124	   3856	  55292	   d7fc	_build/nrf51422_xxac_s130.out

